id,title,username,language,date,content
EkrCcPaE,Untitled,Nenogzar,Python,Thursday 8th of February 2024 12:01:41 AM CDT,"num1, num2, num3 = map(lambda _: int(input()), range(3))


def check_numbers(num1, num2, num3):
    if (num3 > 0 and num1 < 0 and num2 < 0) or \
            (num2 > 0 and num1 < 0 and num3 < 0) or \
            (num1 > 0 and num2 < 0 and num3 < 0) or \
            (num1 > 0 and num2 > 0 and num3 > 0):
        return ""positive""
    elif num1 == 0 or num2 == 0 or num3 == 0:
        return ""zero""
    elif num1 < 0 or num2 < 0 or num3 < 0:
        return ""negative""


print(check_numbers(num1, num2, num3))"
L6EkX3sJ,Nigerian scammers [8-2-1/2024],bombaires,AIMMS,Wednesday 7th of February 2024 11:46:49 PM CDT,"<a href=""mailto:jamiedimon65@hotmail.com"">jamiedimon65@hotmail.com</a>
<a href=""mailto:revjohnsonibe36@gmail.com"">revjohnsonibe36@gmail.com</a>
<a href=""mailto:revj.o.hn.sonib.e3.6@gmail.com"">revj.o.hn.sonib.e3.6@gmail.com</a>
<a href=""mailto:r.e.v.jo.h.n.son.ibe3.6@gmail.com"">r.e.v.jo.h.n.son.ibe3.6@gmail.com</a>
<a href=""mailto:re.v.j.o.hnso.n.ibe.3.6@gmail.com"">re.v.j.o.hnso.n.ibe.3.6@gmail.com</a>
<a href=""mailto:r.e.vjo.hnso.n.ibe.3.6@gmail.com"">r.e.vjo.hnso.n.ibe.3.6@gmail.com</a>
<a href=""mailto:r.evj.oh.n.sonib.e36@gmail.com"">r.evj.oh.n.sonib.e36@gmail.com</a>
<a href=""mailto:r.ev.jo.hn.son.i.b.e3.6@gmail.com"">r.ev.jo.hn.son.i.b.e3.6@gmail.com</a>
<a href=""mailto:r.evj.o.h.nso.ni.b.e3.6@gmail.com"">r.evj.o.h.nso.ni.b.e3.6@gmail.com</a>
<a href=""mailto:re.vjohnson.ibe36@gmail.com"">re.vjohnson.ibe36@gmail.com</a>
<a href=""mailto:revj.o.hns.on.i.be.3.6@gmail.com"">revj.o.hns.on.i.be.3.6@gmail.com</a>
<a href=""mailto:revjoh.nso.n.ib.e.3.6@gmail.com"">revjoh.nso.n.ib.e.3.6@gmail.com</a>
<a href=""mailto:r.ev.j.ohn.s.o.n.ibe.3.6@gmail.com"">r.ev.j.ohn.s.o.n.ibe.3.6@gmail.com</a>
<a href=""mailto:re.vjohn.so.n.i.b.e.3.6@gmail.com"">re.vjohn.so.n.i.b.e.3.6@gmail.com</a>
<a href=""mailto:r.evjoh.nso.n.i.be.3.6@gmail.com"">r.evjoh.nso.n.i.be.3.6@gmail.com</a>
<a href=""mailto:re.v.johns.o.nibe3.6@gmail.com"">re.v.johns.o.nibe3.6@gmail.com</a>
<a href=""mailto:r.ev.j.oh.nso.nibe36@gmail.com"">r.ev.j.oh.nso.nibe36@gmail.com</a>
<a href=""mailto:re.vjo.hnso.n.ib.e.3.6@gmail.com"">re.vjo.hnso.n.ib.e.3.6@gmail.com</a>
<a href=""mailto:revjoh.n.soni.be.36@gmail.com"">revjoh.n.soni.be.36@gmail.com</a>
<a href=""mailto:rev.j.ohn.s.o.n.ib.e.3.6@gmail.com"">rev.j.ohn.s.o.n.ib.e.3.6@gmail.com</a>
<a href=""mailto:re.v.j.oh.n.s.on.i.be3.6@gmail.com"">re.v.j.oh.n.s.on.i.be3.6@gmail.com</a>
<a href=""mailto:r.evjohns.o.n.ib.e36@gmail.com"">r.evjohns.o.n.ib.e36@gmail.com</a>
<a href=""mailto:rev.joh.n.son.ib.e36@gmail.com"">rev.joh.n.son.ib.e36@gmail.com</a>
<a href=""mailto:r.e.v.johns.o.ni.be.3.6@gmail.com"">r.e.v.johns.o.ni.be.3.6@gmail.com</a>
<a href=""mailto:re.vjo.h.ns.o.n.ib.e3.6@gmail.com"">re.vjo.h.ns.o.n.ib.e3.6@gmail.com</a>
<a href=""mailto:r.e.v.j.ohn.so.nibe.3.6@gmail.com"">r.e.v.j.ohn.so.nibe.3.6@gmail.com</a>
<a href=""mailto:r.e.v.jo.h.ns.on.i.be.36@gmail.com"">r.e.v.jo.h.ns.on.i.be.36@gmail.com</a>
<a href=""mailto:r.e.vj.ohn.s.o.nib.e36@gmail.com"">r.e.vj.ohn.s.o.nib.e36@gmail.com</a>
<a href=""mailto:re.v.jo.h.nsoni.be.36@gmail.com"">re.v.jo.h.nsoni.be.36@gmail.com</a>
<a href=""mailto:revjohns.on.ib.e3.6@gmail.com"">revjohns.on.ib.e3.6@gmail.com</a>
<a href=""mailto:r.evjo.hns.o.n.i.be.36@gmail.com"">r.evjo.hns.o.n.i.be.36@gmail.com</a>
<a href=""mailto:rev.joh.n.s.oni.b.e.36@gmail.com"">rev.joh.n.s.oni.b.e.36@gmail.com</a>
<a href=""mailto:re.vjoh.n.son.i.b.e.36@gmail.com"">re.vjoh.n.son.i.b.e.36@gmail.com</a>
<a href=""mailto:r.e.v.joh.nsonib.e3.6@gmail.com"">r.e.v.joh.nsonib.e3.6@gmail.com</a>
<a href=""mailto:r.e.vjo.h.nsoni.be.3.6@gmail.com"">r.e.vjo.h.nsoni.be.3.6@gmail.com</a>
<a href=""mailto:re.v.j.o.h.ns.o.nib.e36@gmail.com"">re.v.j.o.h.ns.o.nib.e36@gmail.com</a>
<a href=""mailto:r.ev.joh.nson.i.be3.6@gmail.com"">r.ev.joh.nson.i.be3.6@gmail.com</a>
<a href=""mailto:re.vjo.hns.o.n.i.be.36@gmail.com"">re.vjo.hns.o.n.i.be.36@gmail.com</a>
<a href=""mailto:r.e.vjohn.son.ibe3.6@gmail.com"">r.e.vjohn.son.ibe3.6@gmail.com</a>
<a href=""mailto:re.v.jo.h.n.s.on.i.b.e.36@gmail.com"">re.v.jo.h.n.s.on.i.b.e.36@gmail.com</a>
<a href=""mailto:r.ev.john.s.o.n.ib.e.3.6@gmail.com"">r.ev.john.s.o.n.ib.e.3.6@gmail.com</a>
<a href=""mailto:re.v.johnso.n.i.be36@gmail.com"">re.v.johnso.n.i.be36@gmail.com</a>
<a href=""mailto:r.ev.j.ohns.o.n.ibe.36@gmail.com"">r.ev.j.ohns.o.n.ibe.36@gmail.com</a>
<a href=""mailto:r.evj.oh.n.soni.b.e36@gmail.com"">r.evj.oh.n.soni.b.e36@gmail.com</a>
<a href=""mailto:revjo.hn.s.on.ib.e.3.6@gmail.com"">revjo.hn.s.on.ib.e.3.6@gmail.com</a>
<a href=""mailto:r.evjo.hn.so.n.ib.e.3.6@gmail.com"">r.evjo.hn.so.n.ib.e.3.6@gmail.com</a>
<a href=""mailto:r.evj.ohnson.ibe.36@gmail.com"">r.evj.ohnson.ibe.36@gmail.com</a>
<a href=""mailto:r.evjohnson.ib.e3.6@gmail.com"">r.evjohnson.ib.e3.6@gmail.com</a>
<a href=""mailto:rev.j.oh.n.so.n.ib.e.36@gmail.com"">rev.j.oh.n.so.n.ib.e.36@gmail.com</a>
<a href=""mailto:revj.o.h.ns.o.n.ib.e.3.6@gmail.com"">revj.o.h.ns.o.n.ib.e.3.6@gmail.com</a>
<a href=""mailto:rev.john.son.ibe3.6@gmail.com"">rev.john.son.ibe3.6@gmail.com</a>
<a href=""mailto:r.e.v.john.s.o.n.ibe.3.6@gmail.com"">r.e.v.john.s.o.n.ibe.3.6@gmail.com</a>
<a href=""mailto:r.e.vjoh.nson.i.b.e3.6@gmail.com"">r.e.vjoh.nson.i.b.e3.6@gmail.com</a>
<a href=""mailto:r.e.v.joh.n.soni.b.e.3.6@gmail.com"">r.e.v.joh.n.soni.b.e.3.6@gmail.com</a>
<a href=""mailto:re.v.j.o.h.n.son.i.be3.6@gmail.com"">re.v.j.o.h.n.son.i.be3.6@gmail.com</a>
<a href=""mailto:revjo.h.ns.o.nibe.36@gmail.com"">revjo.h.ns.o.nibe.36@gmail.com</a>
<a href=""mailto:r.evj.ohn.s.o.n.i.b.e.3.6@gmail.com"">r.evj.ohn.s.o.n.i.b.e.3.6@gmail.com</a>
<a href=""mailto:revjohn.s.o.n.i.be.36@gmail.com"">revjohn.s.o.n.i.be.36@gmail.com</a>
<a href=""mailto:rev.j.o.h.n.s.oni.be.3.6@gmail.com"">rev.j.o.h.n.s.oni.be.3.6@gmail.com</a>
<a href=""mailto:re.vjoh.ns.o.n.i.be36@gmail.com"">re.vjoh.ns.o.n.i.be36@gmail.com</a>
<a href=""mailto:re.v.j.o.hns.on.ibe36@gmail.com"">re.v.j.o.hns.on.ibe36@gmail.com</a>
<a href=""mailto:re.v.j.ohn.son.i.b.e.3.6@gmail.com"">re.v.j.ohn.son.i.b.e.3.6@gmail.com</a>
<a href=""mailto:r.ev.joh.nso.ni.b.e3.6@gmail.com"">r.ev.joh.nso.ni.b.e3.6@gmail.com</a>
<a href=""mailto:re.vj.o.h.nson.i.be36@gmail.com"">re.vj.o.h.nson.i.be36@gmail.com</a>
<a href=""mailto:revj.ohns.on.i.b.e36@gmail.com"">revj.ohns.on.i.b.e36@gmail.com</a>
<a href=""mailto:rev.j.o.hnso.ni.be.36@gmail.com"">rev.j.o.hnso.ni.be.36@gmail.com</a>
<a href=""mailto:r.evjohn.soni.b.e36@gmail.com"">r.evjohn.soni.b.e36@gmail.com</a>
<a href=""mailto:rev.johnso.n.ibe.3.6@gmail.com"">rev.johnso.n.ibe.3.6@gmail.com</a>
<a href=""mailto:r.evjohns.o.ni.be3.6@gmail.com"">r.evjohns.o.ni.be3.6@gmail.com</a>
<a href=""mailto:rev.johnson.ib.e.36@gmail.com"">rev.johnson.ib.e.36@gmail.com</a>
<a href=""mailto:revj.o.hnsonibe36@gmail.com"">revj.o.hnsonibe36@gmail.com</a>
<a href=""mailto:r.e.vj.o.hnsonib.e.36@gmail.com"">r.e.vj.o.hnsonib.e.36@gmail.com</a>
<a href=""mailto:r.e.vj.o.hnson.i.b.e.3.6@gmail.com"">r.e.vj.o.hnson.i.b.e.3.6@gmail.com</a>
<a href=""mailto:rev.joh.n.soni.b.e.3.6@gmail.com"">rev.joh.n.soni.b.e.3.6@gmail.com</a>
<a href=""mailto:r.e.vjo.h.nso.n.i.be.36@gmail.com"">r.e.vjo.h.nso.n.i.be.36@gmail.com</a>
<a href=""mailto:revjohnsoni.be.3.6@gmail.com"">revjohnsoni.be.3.6@gmail.com</a>
<a href=""mailto:r.evj.oh.nsonib.e.36@gmail.com"">r.evj.oh.nsonib.e.36@gmail.com</a>
<a href=""mailto:r.e.v.jo.hn.s.on.i.b.e.3.6@gmail.com"">r.e.v.jo.hn.s.on.i.b.e.3.6@gmail.com</a>
<a href=""mailto:re.vj.ohns.o.n.ib.e3.6@gmail.com"">re.vj.ohns.o.n.ib.e3.6@gmail.com</a>
<a href=""mailto:r.ev.j.o.hns.o.n.ibe36@gmail.com"">r.ev.j.o.hns.o.n.ibe36@gmail.com</a>
<a href=""mailto:re.vj.ohn.son.i.be.36@gmail.com"">re.vj.ohn.son.i.be.36@gmail.com</a>
<a href=""mailto:r.evj.ohn.so.nib.e36@gmail.com"">r.evj.ohn.so.nib.e36@gmail.com</a>
<a href=""mailto:revjo.hn.s.o.ni.b.e36@gmail.com"">revjo.hn.s.o.ni.b.e36@gmail.com</a>
<a href=""mailto:r.ev.jo.hn.s.on.i.b.e.36@gmail.com"">r.ev.jo.hn.s.on.i.b.e.36@gmail.com</a>
<a href=""mailto:r.e.v.johns.o.n.i.b.e.36@gmail.com"">r.e.v.johns.o.n.i.b.e.36@gmail.com</a>
<a href=""mailto:revj.oh.nso.n.ibe.3.6@gmail.com"">revj.oh.nso.n.ibe.3.6@gmail.com</a>
<a href=""mailto:r.evjo.h.ns.on.ibe3.6@gmail.com"">r.evjo.h.ns.on.ibe3.6@gmail.com</a>
<a href=""mailto:r.ev.jo.h.n.sonib.e3.6@gmail.com"">r.ev.jo.h.n.sonib.e3.6@gmail.com</a>
<a href=""mailto:r.evj.ohn.so.n.ib.e36@gmail.com"">r.evj.ohn.so.n.ib.e36@gmail.com</a>
<a href=""mailto:re.vjohnson.ib.e.3.6@gmail.com"">re.vjohnson.ib.e.3.6@gmail.com</a>
<a href=""mailto:r.evjo.h.n.sonibe.36@gmail.com"">r.evjo.h.n.sonibe.36@gmail.com</a>
<a href=""mailto:revjo.hn.sonib.e.3.6@gmail.com"">revjo.hn.sonib.e.3.6@gmail.com</a>
<a href=""mailto:re.vj.o.hnson.ibe36@gmail.com"">re.vj.o.hnson.ibe36@gmail.com</a>
<a href=""mailto:revj.oh.nso.n.ib.e.36@gmail.com"">revj.oh.nso.n.ib.e.36@gmail.com</a>
<a href=""mailto:r.e.v.jo.h.n.so.ni.be36@gmail.com"">r.e.v.jo.h.n.so.ni.be36@gmail.com</a>
<a href=""mailto:r.e.v.jo.hn.so.nibe3.6@gmail.com"">r.e.v.jo.hn.so.nibe3.6@gmail.com</a>
<a href=""mailto:rev.j.o.hn.s.o.ni.b.e.36@gmail.com"">rev.j.o.hn.s.o.ni.b.e.36@gmail.com</a>
<a href=""mailto:re.vjoh.nson.i.be3.6@gmail.com"">re.vjoh.nson.i.be3.6@gmail.com</a>
<a href=""mailto:r.evj.ohn.son.i.b.e.3.6@gmail.com"">r.evj.ohn.son.i.b.e.3.6@gmail.com</a>
<a href=""mailto:r.ev.j.o.h.ns.onibe.36@gmail.com"">r.ev.j.o.h.ns.onibe.36@gmail.com</a>
<a href=""mailto:r.evjo.h.n.son.ib.e36@gmail.com"">r.evjo.h.n.son.ib.e36@gmail.com</a>
<a href=""mailto:r.ev.j.o.hn.s.onib.e3.6@gmail.com"">r.ev.j.o.hn.s.onib.e3.6@gmail.com</a>
<a href=""mailto:r.evjoh.nso.nibe.3.6@gmail.com"">r.evjoh.nso.nibe.3.6@gmail.com</a>
<a href=""mailto:revj.o.h.n.s.on.ibe.36@gmail.com"">revj.o.h.n.s.on.ibe.36@gmail.com</a>
<a href=""mailto:rev.jo.hns.o.n.ibe.3.6@gmail.com"">rev.jo.hns.o.n.ibe.3.6@gmail.com</a>
<a href=""mailto:r.ev.jo.h.n.s.on.ib.e.36@gmail.com"">r.ev.jo.h.n.s.on.ib.e.36@gmail.com</a>
<a href=""mailto:revj.o.h.ns.on.ibe.36@gmail.com"">revj.o.h.ns.on.ibe.36@gmail.com</a>
<a href=""mailto:rev.j.o.h.nso.ni.be36@gmail.com"">rev.j.o.h.nso.ni.be36@gmail.com</a>
<a href=""mailto:r.e.v.j.o.h.ns.on.i.b.e.36@gmail.com"">r.e.v.j.o.h.ns.on.i.b.e.36@gmail.com</a>
<a href=""mailto:rev.johns.on.i.b.e.36@gmail.com"">rev.johns.on.i.b.e.36@gmail.com</a>
<a href=""mailto:re.v.jo.hn.so.ni.b.e36@gmail.com"">re.v.jo.hn.so.ni.b.e36@gmail.com</a>
<a href=""mailto:rev.jo.hnsoni.be.3.6@gmail.com"">rev.jo.hnsoni.be.3.6@gmail.com</a>
<a href=""mailto:r.ev.jo.hnsonib.e.36@gmail.com"">r.ev.jo.hnsonib.e.36@gmail.com</a>
<a href=""mailto:r.evj.oh.n.s.o.n.ibe3.6@gmail.com"">r.evj.oh.n.s.o.n.ibe3.6@gmail.com</a>
<a href=""mailto:re.v.j.o.hn.s.on.i.b.e.36@gmail.com"">re.v.j.o.hn.s.on.i.b.e.36@gmail.com</a>
<a href=""mailto:revjohns.o.n.i.b.e36@gmail.com"">revjohns.o.n.i.b.e36@gmail.com</a>
<a href=""mailto:rev.j.oh.ns.o.n.ibe.3.6@gmail.com"">rev.j.oh.ns.o.n.ibe.3.6@gmail.com</a>
<a href=""mailto:re.v.j.ohn.s.o.ni.b.e.36@gmail.com"">re.v.j.ohn.s.o.ni.b.e.36@gmail.com</a>
<a href=""mailto:revj.o.hnson.i.b.e3.6@gmail.com"">revj.o.hnson.i.b.e3.6@gmail.com</a>
<a href=""mailto:re.vjo.h.n.s.on.ibe3.6@gmail.com"">re.vjo.h.n.s.on.ibe3.6@gmail.com</a>
<a href=""mailto:re.vjo.hnso.n.ibe.3.6@gmail.com"">re.vjo.hnso.n.ibe.3.6@gmail.com</a>
<a href=""mailto:rev.j.ohn.so.n.i.b.e.36@gmail.com"">rev.j.ohn.so.n.i.b.e.36@gmail.com</a>
<a href=""mailto:revjo.h.n.s.oni.be3.6@gmail.com"">revjo.h.n.s.oni.be3.6@gmail.com</a>
<a href=""mailto:r.e.v.johnso.n.i.b.e3.6@gmail.com"">r.e.v.johnso.n.i.b.e3.6@gmail.com</a>
<a href=""mailto:r.e.v.joh.nsonibe36@gmail.com"">r.e.v.joh.nsonibe36@gmail.com</a>
<a href=""mailto:r.ev.joh.n.s.on.i.b.e.36@gmail.com"">r.ev.joh.n.s.on.i.b.e.36@gmail.com</a>
<a href=""mailto:r.e.vj.ohn.son.ib.e.36@gmail.com"">r.e.vj.ohn.son.ib.e.36@gmail.com</a>
<a href=""mailto:r.e.vj.o.hns.o.nib.e36@gmail.com"">r.e.vj.o.hns.o.nib.e36@gmail.com</a>
<a href=""mailto:revj.o.hns.o.n.i.b.e.3.6@gmail.com"">revj.o.hns.o.n.i.b.e.3.6@gmail.com</a>
<a href=""mailto:r.e.v.jo.hnson.ibe.36@gmail.com"">r.e.v.jo.hnson.ibe.36@gmail.com</a>
<a href=""mailto:r.e.vj.oh.n.so.n.i.be36@gmail.com"">r.e.vj.oh.n.so.n.i.be36@gmail.com</a>
<a href=""mailto:r.ev.j.o.h.n.soni.b.e.3.6@gmail.com"">r.ev.j.o.h.n.soni.b.e.3.6@gmail.com</a>
<a href=""mailto:revjohnso.ni.b.e.36@gmail.com"">revjohnso.ni.b.e.36@gmail.com</a>
<a href=""mailto:r.ev.joh.n.so.n.ib.e36@gmail.com"">r.ev.joh.n.so.n.ib.e36@gmail.com</a>
<a href=""mailto:revj.o.hn.soni.be.36@gmail.com"">revj.o.hn.soni.be.36@gmail.com</a>
<a href=""mailto:r.evjo.hn.s.onib.e36@gmail.com"">r.evjo.hn.s.onib.e36@gmail.com</a>
<a href=""mailto:r.evj.oh.n.so.n.i.be.3.6@gmail.com"">r.evj.oh.n.so.n.i.be.3.6@gmail.com</a>
<a href=""mailto:rev.j.o.h.ns.on.ibe3.6@gmail.com"">rev.j.o.h.ns.on.ibe3.6@gmail.com</a>
<a href=""mailto:r.e.v.jo.hns.on.ibe36@gmail.com"">r.e.v.jo.hns.on.ibe36@gmail.com</a>
<a href=""mailto:r.evj.ohn.s.onibe3.6@gmail.com"">r.evj.ohn.s.onibe3.6@gmail.com</a>
<a href=""mailto:r.evjo.hn.so.n.ibe3.6@gmail.com"">r.evjo.hn.so.n.ibe3.6@gmail.com</a>
<a href=""mailto:re.v.john.s.on.i.be3.6@gmail.com"">re.v.john.s.on.i.be3.6@gmail.com</a>
<a href=""mailto:r.e.v.j.ohn.s.o.n.ibe.3.6@gmail.com"">r.e.v.j.ohn.s.o.n.ibe.3.6@gmail.com</a>
<a href=""mailto:revjo.h.n.soni.be3.6@gmail.com"">revjo.h.n.soni.be3.6@gmail.com</a>
<a href=""mailto:re.v.j.o.h.n.so.n.i.be3.6@gmail.com"">re.v.j.o.h.n.so.n.i.be3.6@gmail.com</a>
<a href=""mailto:rev.johnso.n.i.be.3.6@gmail.com"">rev.johnso.n.i.be.3.6@gmail.com</a>
<a href=""mailto:re.vjo.h.n.so.nib.e36@gmail.com"">re.vjo.h.n.so.nib.e36@gmail.com</a>
<a href=""mailto:r.evjo.h.n.soni.b.e.3.6@gmail.com"">r.evjo.h.n.soni.b.e.3.6@gmail.com</a>
<a href=""mailto:r.ev.johns.onibe.3.6@gmail.com"">r.ev.johns.onibe.3.6@gmail.com</a>
<a href=""mailto:r.evjo.h.n.s.onib.e36@gmail.com"">r.evjo.h.n.s.onib.e36@gmail.com</a>
<a href=""mailto:r.e.v.j.o.hn.soni.b.e.36@gmail.com"">r.e.v.j.o.hn.soni.b.e.36@gmail.com</a>
<a href=""mailto:r.e.v.john.soni.be.36@gmail.com"">r.e.v.john.soni.be.36@gmail.com</a>
<a href=""mailto:revjohn.s.on.i.b.e.36@gmail.com"">revjohn.s.on.i.b.e.36@gmail.com</a>
<a href=""mailto:r.ev.jo.hn.s.o.ni.be.3.6@gmail.com"">r.ev.jo.hn.s.o.ni.be.3.6@gmail.com</a>
<a href=""mailto:r.ev.jo.hns.onib.e.36@gmail.com"">r.ev.jo.hns.onib.e.36@gmail.com</a>
<a href=""mailto:r.e.v.j.o.hnso.n.ibe36@gmail.com"">r.e.v.j.o.hnso.n.ibe36@gmail.com</a>
<a href=""mailto:revjo.hnsonibe.3.6@gmail.com"">revjo.hnsonibe.3.6@gmail.com</a>
<a href=""mailto:re.vj.o.h.nson.ib.e3.6@gmail.com"">re.vj.o.h.nson.ib.e3.6@gmail.com</a>
<a href=""mailto:re.vj.oh.n.s.oni.be36@gmail.com"">re.vj.oh.n.s.oni.be36@gmail.com</a>
<a href=""mailto:re.v.j.ohns.on.i.b.e.36@gmail.com"">re.v.j.ohns.on.i.b.e.36@gmail.com</a>
<a href=""mailto:re.vjoh.ns.o.ni.b.e36@gmail.com"">re.vjoh.ns.o.ni.b.e36@gmail.com</a>
<a href=""mailto:rev.j.oh.n.so.n.i.b.e36@gmail.com"">rev.j.oh.n.so.n.i.b.e36@gmail.com</a>
<a href=""mailto:rev.jo.h.ns.on.ib.e.36@gmail.com"">rev.jo.h.ns.on.ib.e.36@gmail.com</a>
<a href=""mailto:rev.johns.oni.b.e3.6@gmail.com"">rev.johns.oni.b.e3.6@gmail.com</a>
<a href=""mailto:re.v.j.ohns.o.n.i.be.3.6@gmail.com"">re.v.j.ohns.o.n.i.be.3.6@gmail.com</a>
<a href=""mailto:rev.jo.h.ns.oni.b.e.3.6@gmail.com"">rev.jo.h.ns.oni.b.e.3.6@gmail.com</a>
<a href=""mailto:r.e.v.j.ohnso.ni.be3.6@gmail.com"">r.e.v.j.ohnso.ni.be3.6@gmail.com</a>
<a href=""mailto:re.v.j.ohn.s.o.n.i.be.3.6@gmail.com"">re.v.j.ohn.s.o.n.i.be.3.6@gmail.com</a>
<a href=""mailto:re.vj.ohn.so.n.ibe.36@gmail.com"">re.vj.ohn.so.n.ibe.36@gmail.com</a>
<a href=""mailto:revj.o.hn.so.ni.be3.6@gmail.com"">revj.o.hn.so.ni.be3.6@gmail.com</a>
<a href=""mailto:r.ev.johns.oni.b.e.3.6@gmail.com"">r.ev.johns.oni.b.e.3.6@gmail.com</a>
<a href=""mailto:r.e.v.jo.h.ns.o.n.ibe3.6@gmail.com"">r.e.v.jo.h.ns.o.n.ibe3.6@gmail.com</a>
<a href=""mailto:rev.j.ohnson.ibe.36@gmail.com"">rev.j.ohnson.ibe.36@gmail.com</a>
<a href=""mailto:r.ev.j.ohn.so.n.i.be3.6@gmail.com"">r.ev.j.ohn.so.n.i.be3.6@gmail.com</a>
<a href=""mailto:r.ev.j.o.h.n.s.onibe3.6@gmail.com"">r.ev.j.o.h.n.s.onibe3.6@gmail.com</a>
<a href=""mailto:r.e.v.jo.hn.son.i.b.e3.6@gmail.com"">r.e.v.jo.hn.son.i.b.e3.6@gmail.com</a>
<a href=""mailto:rev.j.ohnson.i.b.e36@gmail.com"">rev.j.ohnson.i.b.e36@gmail.com</a>
<a href=""mailto:r.e.v.j.ohnsonib.e.3.6@gmail.com"">r.e.v.j.ohnsonib.e.3.6@gmail.com</a>
<a href=""mailto:re.v.j.oh.n.soni.be36@gmail.com"">re.v.j.oh.n.soni.be36@gmail.com</a>
<a href=""mailto:re.v.joh.nso.ni.b.e.3.6@gmail.com"">re.v.joh.nso.ni.b.e.3.6@gmail.com</a>
<a href=""mailto:r.evj.o.h.nso.nibe.3.6@gmail.com"">r.evj.o.h.nso.nibe.3.6@gmail.com</a>
<a href=""mailto:re.vj.oh.ns.onibe3.6@gmail.com"">re.vj.oh.ns.onibe3.6@gmail.com</a>
<a href=""mailto:re.vjo.h.n.so.ni.b.e.36@gmail.com"">re.vjo.h.n.so.ni.b.e.36@gmail.com</a>
<a href=""mailto:r.evj.o.hns.o.nib.e3.6@gmail.com"">r.evj.o.hns.o.nib.e3.6@gmail.com</a>
<a href=""mailto:re.v.j.o.h.n.soni.b.e.3.6@gmail.com"">re.v.j.o.h.n.soni.b.e.3.6@gmail.com</a>
<a href=""mailto:r.e.v.joh.n.s.o.n.i.b.e36@gmail.com"">r.e.v.joh.n.s.o.n.i.b.e36@gmail.com</a>
<a href=""mailto:re.v.j.oh.ns.onib.e36@gmail.com"">re.v.j.oh.ns.onib.e36@gmail.com</a>
<a href=""mailto:re.v.jo.hnson.i.be.36@gmail.com"">re.v.jo.hnson.i.be.36@gmail.com</a>
<a href=""mailto:r.ev.jo.h.n.s.onibe36@gmail.com"">r.ev.jo.h.n.s.onibe36@gmail.com</a>
<a href=""mailto:revjo.h.n.son.i.b.e.36@gmail.com"">revjo.h.n.son.i.b.e.36@gmail.com</a>
<a href=""mailto:r.e.v.j.o.hn.s.o.ni.b.e36@gmail.com"">r.e.v.j.o.hn.s.o.ni.b.e36@gmail.com</a>
<a href=""mailto:re.v.john.s.oni.b.e.3.6@gmail.com"">re.v.john.s.oni.b.e.3.6@gmail.com</a>
<a href=""mailto:rev.jo.hn.s.o.nib.e.3.6@gmail.com"">rev.jo.hn.s.o.nib.e.3.6@gmail.com</a>
<a href=""mailto:r.e.v.jo.hnso.ni.be3.6@gmail.com"">r.e.v.jo.hnso.ni.be3.6@gmail.com</a>
<a href=""mailto:r.evj.oh.ns.on.i.b.e36@gmail.com"">r.evj.oh.ns.on.i.b.e36@gmail.com</a>
<a href=""mailto:r.e.v.johns.o.n.ib.e.36@gmail.com"">r.e.v.johns.o.n.ib.e.36@gmail.com</a>
<a href=""mailto:re.vj.o.h.ns.onib.e3.6@gmail.com"">re.vj.o.h.ns.onib.e3.6@gmail.com</a>
<a href=""mailto:revj.ohnsoni.b.e.3.6@gmail.com"">revj.ohnsoni.b.e.3.6@gmail.com</a>
<a href=""mailto:revjo.h.n.s.o.n.i.b.e.3.6@gmail.com"">revjo.h.n.s.o.n.i.b.e.3.6@gmail.com</a>
<a href=""mailto:revjohn.s.on.ib.e.36@gmail.com"">revjohn.s.on.ib.e.36@gmail.com</a>
<a href=""mailto:re.v.jo.hn.sonib.e3.6@gmail.com"">re.v.jo.hn.sonib.e3.6@gmail.com</a>
<a href=""mailto:revjo.h.ns.oni.b.e.3.6@gmail.com"">revjo.h.ns.oni.b.e.3.6@gmail.com</a>"
NsBpDKTe,G2A.com Free Gift Card Guide Feb 2024,ounnuo,GetText,Wednesday 7th of February 2024 11:37:29 PM CDT,"G2A.com free gift card & games updated guide.
Any item for free on G2A.com including Amazon, Steam, Xbox, Playstation gift cards & everything else offered.
 
PDF guide here:
https://drive.google.com/file/d/120kXNJWM5T5u3PGlkQeZCo_nLxzQIlkf/view?usp=g2a_refund_exploit_370685.pdf
 
Working as of
08 February 2024"
WzW9bwNh,unknown,exge,HTML,Wednesday 7th of February 2024 11:33:30 PM CDT,"</div>
Integrations
</a>
</li>
<li>
<a class href=""/add-ons"">
<div class=""submenu-icon hidden-xs"">
<div aria-hidden=""true"" class=""far fa-plus-circle""></div>
</div>
Add-ons
</a>
</li>
<li>
<a class href=""/api-keys"">
<div class=""submenu-icon hidden-xs"">
<div aria-hidden=""true"" class=""far fa-code""></div>
</div>
API
</a>
</li>
<li>
<a class href=""/legal"">
<div class=""submenu-icon hidden-xs"">
<div aria-hidden=""true"" class=""far fa-scale-balanced""></div>
</div>
Legal &amp; compliance
</a>
</li>
</ul>
<br>
</div>
<div class=""col-md-9"">
<div class=""board-box"">
<h2>Subscription</h2>
<h3>Free plan</h3>
<div class=""row"">
<div class=""col-lg-5"">
<strong>Quotas</strong>
<br>
25
searches
<span class=""light-grey"">/month</span>
<br>
50
verifications
<span class=""light-grey"">/month</span>
<div>
1 email account
<a class=""h-button h-button--link"" href=""/subscriptions/checkout?update_email_accounts=true"">Edit</a>
</div>
</div>
<div class=""col-lg-7"">
<div class=""pull-right"">
<a class=""h-button h-button--primary"" href=""/welcome/upgrade?from=account_settings"">
<span aria-hidden=""true"" class=""far fa-arrow-alt-circle-up""></span>
Upgrade
</a>
</div>
<strong>Price</strong>
<br>
Free
<br>
<br>
<strong>
Credits over quota
disabled
<button class=""question-circle"" data-content=""This feature allows you to use credits above your monthly quota."" data-html=""true"" data-placement=""top"" data-toggle=""popover"" type=""button"">
<span aria-hidden=""true"" class=""far fa-question-circle small""></span>
</button>
</strong>
<br>
<a class=""h-button h-button--link"" data-target=""#edit-overage-requests-limit-modal"" data-toggle=""modal"">
Enable or edit limits
</a>
<div class=""modal fade"" id=""edit-overage-requests-limit-modal"" role=""dialog"" tabindex=""-1"">
<div class=""modal-dialog modal-md"" role=""document"">
<form class=""simple_form edit_subscription"" id=""edit_subscription_4806272"" data-controller=""subscription--toggle-overage-limits"" action=""/subscriptions/4806272/overage-requests"" accept-charset=""UTF-8"" method=""post""><input type=""hidden"" name=""_method"" value=""put"" autocomplete=""off"" /><input type=""hidden"" name=""authenticity_token"" value=""l9IOkF_04-Dpir4F4pghj9mwNduXjJFGaG7K_7-XmyJfQWTcuEDm5WPAz6GswrMuI9itX_C6H-OZ_vG12quF8g"" autocomplete=""off"" /><div class=""modal-content"">
<div class=""modal-header"">
<button aria-label=""Close"" class=""close"" data-dismiss=""modal"" type=""button"">
<span aria-hidden=""true"">&times;</span>
</button>
<h2>Manage the credits over quota</h2>
</div>
<div class=""modal-body"">
<div class=""form-group"">
"
eM4sC9WB,samknowswb8+-openwrt-tftp-try,kazin_essen,Bash,Wednesday 7th of February 2024 11:30:25 PM CDT,"===================================================================

     		MT7621   stage1 code Mar 12 2015 14:43:30 (ASIC)

     		CPU=500000000 HZ BUS=125000000 HZ

==================================================================

Change MPLL source from XTAL to CR...

do MEMPLL setting..

MEMPLL Config : 0x31100000

3PLL mode + External loopback

=== XTAL-40Mhz === DDR-800Mhz ===

PLL4 FB_DL: 0xe, 1/0 = 590/434 39000000

PLL2 FB_DL: 0x11, 1/0 = 623/401 45000000

PLL3 FB_DL: 0x11, 1/0 = 583/441 45000000

do DDR setting..[01F40000]

Apply DDR2 Setting...(use customer AC)

          0    8   16   24   32   40   48   56   64   72   80   88   96  104  112  120

      --------------------------------------------------------------------------------

0000:|    0    0    0    0    0    0    0    0    0    0    0    0    0    0    0    0

0001:|    0    0    0    0    0    0    0    0    0    0    0    0    0    0    0    0

0002:|    0    0    0    0    0    0    0    0    0    0    0    0    0    0    0    0

0003:|    0    0    0    0    0    0    0    0    0    0    0    0    0    0    0    0

0004:|    0    0    0    0    0    0    0    0    0    0    0    0    0    0    0    0

0005:|    0    0    0    0    0    0    0    0    0    0    0    0    0    0    0    0

0006:|    0    0    0    0    0    0    0    0    0    0    0    0    0    1    1    1

0007:|    0    0    0    0    0    0    1    1    1    1    1    1    1    1    1    1

0008:|    1    1    1    1    1    1    1    1    1    1    1    1    0    0    0    0

0009:|    1    1    1    1    0    0    0    0    0    0    0    0    0    0    0    0

000A:|    0    0    0    0    0    0    0    0    0    0    0    0    0    0    0    0

000B:|    0    0    0    0    0    0    0    0    0    0    0    0    0    0    0    0

000C:|    0    0    0    0    0    0    0    0    0    0    0    0    0    0    0    0

000D:|    0    0    0    0    0    0    0    0    0    0    0    0    0    0    0    0

000E:|    0    0    0    0    0    0    0    0    0    0    0    0    0    0    0    0

000F:|    0    0    0    0    0    0    0    0    0    0    0    0    0    0    0    0

0010:|    0    0    0    0    0    0    0    0    0    0    0    0    0    0    0    0

0011:|    0    0    0    0    0    0    0    0    0    0    0    0    0    0    0    0

0012:|    0    0    0    0    0    0    0    0    0    0    0    0    0    0    0    0

0013:|    0    0    0    0    0    0    0    0    0    0    0    0    0    0    0    0

0014:|    0    0    0    0    0    0    0    0    0    0    0    0    0    0    0    0

0015:|    0    0    0    0    0    0    0    0    0    0    0    0    0    0    0    0

0016:|    0    0    0    0    0    0    0    0    0    0    0    0    0    0    0    0

0017:|    0    0    0    0    0    0    0    0    0    0    0    0    0    0    0    0

0018:|    0    0    0    0    0    0    0    0    0    0    0    0    0    0    0    0

0019:|    0    0    0    0    0    0    0    0    0    0    0    0    0    0    0    0

001A:|    0    0    0    0    0    0    0    0    0    0    0    0    0    0    0    0

001B:|    0    0    0    0    0    0    0    0    0    0    0    0    0    0    0    0

001C:|    0    0    0    0    0    0    0    0    0    0    0    0    0    0    0    0

001D:|    0    0    0    0    0    0    0    0    0    0    0    0    0    0    0    0

001E:|    0    0    0    0    0    0    0    0    0    0    0    0    0    0    0    0

001F:|    0    0    0    0    0    0    0    0    0    0    0    0    0    0    0    0

DRAMC_DQSCTL1[0e0]=1A000000

DRAMC_DQSGCTL[124]=80000000

rank 0 coarse = 8

rank 0 fine = 48

B:|    0    0    0    0    0    1    1    1    0    0    0    0    0    0    0    0

opt_dle value:6

DRAMC_DDR2CTL[07c]=40001263

DRAMC_PADCTL4[0e4]=00000005

DRAMC_DQIDLY1[210]=0B080708

DRAMC_DQIDLY2[214]=06070708

DRAMC_DQIDLY3[218]=0C090908

DRAMC_DQIDLY4[21c]=0B080B08

DRAMC_R0DELDLY[018]=00002D2C

==================================================================

		RX	DQS perbit delay software calibration 

==================================================================

1.0-15 bit dq delay value

==================================================================

bit|     0  1  2  3  4  5  6  7  8  9

--------------------------------------

0 |    7 7 7 9 7 6 6 5 7 8 

10 |    9 11 8 10 7 10 

--------------------------------------


==================================================================

2.dqs window

x=pass dqs delay value (min~max)center 

y=0-7bit DQ of every group

input delay:DQS0 =44 DQS1 = 45

==================================================================

bit	DQS0	 bit      DQS1

0  (1~85)43  8  (1~88)44

1  (1~88)44  9  (1~88)44

2  (1~85)43  10  (1~90)45

3  (1~84)42  11  (1~87)44

4  (1~85)43  12  (1~89)45

5  (1~86)43  13  (1~87)44

6  (1~86)43  14  (1~88)44

7  (1~85)43  15  (1~88)44

==================================================================

3.dq delay value last

==================================================================

bit|    0  1  2  3  4  5  6  7  8   9

--------------------------------------

0 |    8 7 8 11 8 7 7 6 8 9 

10 |    9 12 8 11 8 11 

==================================================================

==================================================================

     TX  perbyte calibration 

==================================================================

DQS loop = 15, cmp_err_1 = ffff0000 

dqs_perbyte_dly.last_dqsdly_pass[0]=15,  finish count=1 

dqs_perbyte_dly.last_dqsdly_pass[1]=15,  finish count=2 

DQ loop=15, cmp_err_1 = ffff0000

dqs_perbyte_dly.last_dqdly_pass[0]=15,  finish count=1 

dqs_perbyte_dly.last_dqdly_pass[1]=15,  finish count=2 

byte:0, (DQS,DQ)=(8,8)

byte:1, (DQS,DQ)=(8,8)

DRAMC_DQODLY1[200]=88888888

DRAMC_DQODLY2[204]=88888888

20,data:88

[EMI] DRAMC calibration passed



===================================================================

     		MT7621   stage1 code done 

     		CPU=500000000 HZ BUS=125000000 HZ

===================================================================



U-Boot 1.1.3 (Jan 15 2016 - 09:47:18)


Board: Ralink APSoC DRAM:  128 MB

relocate_code Pointer at: 87fb8000


Config XHCI 40M PLL 

flash manufacture id: ef, device id 40 18

find flash: W25Q128BV

============================================ 

Ralink UBoot Version: 4.3.0.0

-------------------------------------------- 

ASIC MT7621A DualCore (MAC to MT7530 Mode)

DRAM_CONF_FROM: Auto-Detection 

DRAM_TYPE: DDR2 

DRAM bus: 16 bit

Xtal Mode=3 OCP Ratio=1/4

Flash component: SPI Flash

Date:Jan 15 2016  Time:09:47:18

============================================ 

icache: sets:256, ways:4, linesz:32 ,total:32768

dcache: sets:256, ways:4, linesz:32 ,total:32768 


 ##### The CPU freq = 880 MHZ #### 

 estimate memory size =128 Mbytes

#Reset_MT7530


Please choose the operation: 

   1: Load system code to SDRAM via TFTP. 

   2: Load system code then write to Flash via TFTP. 

   3: Boot system code via Flash (default).

   4: Entr boot command line interface.

   7: Load Boot Loader code then write to Flash via Serial. 

   9: Load Boot Loader code then write to Flash via TFTP. 



You choosed 2


 0 


   

2: System Load Linux Kernel then write to Flash via TFTP. 

 Warning!! Erase Linux in Flash then burn new one. Are you sure?(Y/N)

 Please Input new ones /or Ctrl-C to discard

	Input device IP (10.98.11.62) ==:10.98.11.62           192.168.2.1 2

	Input server IP (10.10.10.3) ==:10.10.10.3          192.168.2.10

	Input Linux Kernel filename () ==:firm.bin


 netboot_common, argc= 3 


 NetTxPacket = 0x87FE4B80 


 KSEG1ADDR(NetTxPacket) = 0xA7FE4B80 


 NetLoop,call eth_halt ! 


 NetLoop,call eth_init ! 

Trying Eth0 (10/100-M)


 Waitting for RX_DMA_BUSY status Start... done



 ETH_STATE_ACTIVE!! 

TFTP from server 192.168.2.10; our IP address is 192.168.2.2

Filename 'firm.bin'.


 TIMEOUT_COUNT=10,Load address: 0x80100000

Loading: *Got ARP REPLY, set server/gtwy eth addr (e8:6a:64:f6:57:e8)

Got it

T T 

Abort

Done!

## Booting image at bc050000 ...

   Image Name:   MIPS LEDE Linux-4.4.79

   Image Type:   MIPS Linux Kernel Image (lzma compressed)

   Data Size:    1665765 Bytes =  1.6 MB

   Load Address: 80001000

   Entry Point:  80001000

   Verifying Checksum ... OK

   Uncompressing Kernel Image ... OK

No initrd

## Transferring control to Linux (at address 80001000) ...

## Giving linux memsize in MB, 128


Starting kernel ...


[    0.000000] Linux version 4.4.79 (samknows@toolchain1) (gcc version 5.4.0 (LEDE GCC 5.4.0 r3436+83-2da512e) ) #0 SMP Tue Aug 1 07:07:43 2017
[    0.000000] SoC Type: MediaTek MT7621 ver:1 eco:3
[    0.000000] bootconsole [early0] enabled
[    0.000000] CPU0 revision is: 0001992f (MIPS 1004Kc)
[    0.000000] MIPS: machine is SamKnows Whitebox 8
[    0.000000] Determined physical RAM map:
[    0.000000]  memory: 08000000 @ 00000000 (usable)
[    0.000000] Initrd not found or empty - disabling initrd
[    0.000000] Zone ranges:
[    0.000000]   Normal   [mem 0x0000000000000000-0x0000000007ffffff]
[    0.000000]   HighMem  empty
[    0.000000] Movable zone start for each node
[    0.000000] Early memory node ranges
[    0.000000]   node   0: [mem 0x0000000000000000-0x0000000007ffffff]
[    0.000000] Initmem setup node 0 [mem 0x0000000000000000-0x0000000007ffffff]
[    0.000000] VPE topology {2,2} total 4
[    0.000000] Primary instruction cache 32kB, VIPT, 4-way, linesize 32 bytes.
[    0.000000] Primary data cache 32kB, 4-way, PIPT, no aliases, linesize 32 bytes
[    0.000000] MIPS secondary cache 256kB, 8-way, linesize 32 bytes.
[    0.000000] PERCPU: Embedded 11 pages/cpu @8110c000 s13664 r8192 d23200 u45056
[    0.000000] Built 1 zonelists in Zone order, mobility grouping on.  Total pages: 32512
[    0.000000] Kernel command line: console=ttyS0,57600 rootfstype=squashfs,jffs2
[    0.000000] PID hash table entries: 512 (order: -1, 2048 bytes)
[    0.000000] Dentry cache hash table entries: 16384 (order: 4, 65536 bytes)
[    0.000000] Inode-cache hash table entries: 8192 (order: 3, 32768 bytes)
[    0.000000] Writing ErrCtl register=00030620
[    0.000000] Readback ErrCtl register=00030620
[    0.000000] Memory: 123972K/131072K available (3958K kernel code, 269K rwdata, 940K rodata, 260K init, 261K bss, 7100K reserved, 0K cma-reserved, 0K highmem)
[    0.000000] SLUB: HWalign=32, Order=0-3, MinObjects=0, CPUs=4, Nodes=1
[    0.000000] Hierarchical RCU implementation.
[    0.000000] NR_IRQS:256
[    0.000000] clocksource: GIC: mask: 0xffffffffffffffff max_cycles: 0xcaf478abb4, max_idle_ns: 440795247997 ns
[    0.000000] clocksource: MIPS: mask: 0xffffffff max_cycles: 0xffffffff, max_idle_ns: 4343773742 ns
[    0.000009] sched_clock: 32 bits at 440MHz, resolution 2ns, wraps every 4880645118ns
[    0.015511] Calibrating delay loop... 586.13 BogoMIPS (lpj=2930688)
[    0.080739] pid_max: default: 32768 minimum: 301
[    0.090060] Mount-cache hash table entries: 1024 (order: 0, 4096 bytes)
[    0.103075] Mountpoint-cache hash table entries: 1024 (order: 0, 4096 bytes)
[    0.118241] Performance counters: mips/1004K PMU enabled, 2 32-bit counters available to each CPU, irq 9
[    0.139917] Primary instruction cache 32kB, VIPT, 4-way, linesize 32 bytes.
[    0.139930] Primary data cache 32kB, 4-way, PIPT, no aliases, linesize 32 bytes
[    0.139944] MIPS secondary cache 256kB, 8-way, linesize 32 bytes.
[    0.140123] CPU1 revision is: 0001992f (MIPS 1004Kc)
[    0.248255] Synchronize counters for CPU 1: done.
[    0.268352] Primary instruction cache 32kB, VIPT, 4-way, linesize 32 bytes.
[    0.268359] Primary data cache 32kB, 4-way, PIPT, no aliases, linesize 32 bytes
[    0.268365] MIPS secondary cache 256kB, 8-way, linesize 32 bytes.
[    0.268442] CPU2 revision is: 0001992f (MIPS 1004Kc)
[    0.368471] Synchronize counters for CPU 2: done.
[    0.379257] Primary instruction cache 32kB, VIPT, 4-way, linesize 32 bytes.
[    0.379264] Primary data cache 32kB, 4-way, PIPT, no aliases, linesize 32 bytes
[    0.379269] MIPS secondary cache 256kB, 8-way, linesize 32 bytes.
[    0.379357] CPU3 revision is: 0001992f (MIPS 1004Kc)
[    0.488089] Synchronize counters for CPU 3: done.
[    0.497518] Brought up 4 CPUs
[    0.506826] clocksource: jiffies: mask: 0xffffffff max_cycles: 0xffffffff, max_idle_ns: 19112604462750000 ns
[    0.526328] futex hash table entries: 1024 (order: 3, 32768 bytes)
[    0.539029] pinctrl core: initialized pinctrl subsystem
[    0.549951] NET: Registered protocol family 16
[    0.589597] pull PCIe RST: RALINK_RSTCTRL = 0
[    0.898306] release PCIe RST: RALINK_RSTCTRL = 7000000
[    0.908369] ***** Xtal 40MHz *****
[    0.915100] release PCIe RST: RALINK_RSTCTRL = 7000000
[    0.925305] Port 0 N_FTS = 1b102800
[    0.932205] Port 1 N_FTS = 1b102800
[    0.939128] Port 2 N_FTS = 1b102800
[    2.096707] PCIE2 no card, disable it(RST&CLK)
[    2.105388]  -> 21007f2
[    2.110213] PCIE0 enabled
[    2.115409] PCIE1 enabled
[    2.120587] PCI host bridge /pcie@1e140000 ranges:
[    2.130113]  MEM 0x0000000060000000..0x000000006fffffff
[    2.140473]   IO 0x000000001e160000..0x000000001e16ffff
[    2.150843] PCI coherence region base: 0x60000000, mask/settings: 0xf0000002
[    2.196340] mt7621_gpio 1e000600.gpio: registering 32 gpios
[    2.207456] mt7621_gpio 1e000600.gpio: registering 32 gpios
[    2.218541] mt7621_gpio 1e000600.gpio: registering 32 gpios
[    2.230854] PCI host bridge to bus 0000:00
[    2.238869] pci_bus 0000:00: root bus resource [mem 0x60000000-0x6fffffff]
[    2.252537] pci_bus 0000:00: root bus resource [io  0xffffffff]
[    2.264277] pci_bus 0000:00: root bus resource [??? 0x00000000 flags 0x0]
[    2.277749] pci_bus 0000:00: No busn resource found for root bus, will use [bus 00-ff]
[    2.294256] pci 0000:00:00.0: bridge configuration invalid ([bus 00-00]), reconfiguring
[    2.310049] pci 0000:00:01.0: bridge configuration invalid ([bus 00-00]), reconfiguring
[    2.327291] pci 0000:00:00.0: BAR 0: no space for [mem size 0x80000000]
[    2.340311] pci 0000:00:00.0: BAR 0: failed to assign [mem size 0x80000000]
[    2.354130] pci 0000:00:01.0: BAR 0: no space for [mem size 0x80000000]
[    2.367258] pci 0000:00:01.0: BAR 0: failed to assign [mem size 0x80000000]
[    2.381086] pci 0000:00:00.0: BAR 8: assigned [mem 0x60000000-0x600fffff]
[    2.394569] pci 0000:00:00.0: BAR 9: assigned [mem 0x60100000-0x601fffff pref]
[    2.408907] pci 0000:00:01.0: BAR 8: assigned [mem 0x60200000-0x602fffff]
[    2.422386] pci 0000:00:01.0: BAR 9: assigned [mem 0x60300000-0x603fffff pref]
[    2.436727] pci 0000:00:00.0: BAR 1: assigned [mem 0x60400000-0x6040ffff]
[    2.450210] pci 0000:00:01.0: BAR 1: assigned [mem 0x60410000-0x6041ffff]
[    2.463698] pci 0000:01:00.0: BAR 0: assigned [mem 0x60000000-0x600fffff 64bit]
[    2.478210] pci 0000:01:00.0: BAR 6: assigned [mem 0x60100000-0x6010ffff pref]
[    2.492540] pci 0000:00:00.0: PCI bridge to [bus 01]
[    2.502380] pci 0000:00:00.0:   bridge window [mem 0x60000000-0x600fffff]
[    2.515868] pci 0000:00:00.0:   bridge window [mem 0x60100000-0x601fffff pref]
[    2.530221] pci 0000:02:00.0: BAR 0: assigned [mem 0x60200000-0x602fffff 64bit]
[    2.544737] pci 0000:02:00.0: BAR 6: assigned [mem 0x60300000-0x6030ffff pref]
[    2.559066] pci 0000:00:01.0: PCI bridge to [bus 02]
[    2.568906] pci 0000:00:01.0:   bridge window [mem 0x60200000-0x602fffff]
[    2.582396] pci 0000:00:01.0:   bridge window [mem 0x60300000-0x603fffff pref]
[    2.596747] BAR0 at slot 0 = 0
[    2.602766] bus=0x0, slot = 0x0
[    2.609006] BAR0 at slot 1 = 0
[    2.615034] bus=0x0, slot = 0x1
[    2.621276] bus=0x1, slot = 0x0, irq=0xff
[    2.629212] bus=0x2, slot = 0x1, irq=0xff
[    2.638451] clocksource: Switched to clocksource GIC
[    2.662839] NET: Registered protocol family 2
[    2.672165] TCP established hash table entries: 1024 (order: 0, 4096 bytes)
[    2.685898] TCP bind hash table entries: 1024 (order: 1, 8192 bytes)
[    2.698511] TCP: Hash tables configured (established 1024 bind 1024)
[    2.711187] UDP hash table entries: 256 (order: 1, 8192 bytes)
[    2.722712] UDP-Lite hash table entries: 256 (order: 1, 8192 bytes)
[    2.735407] NET: Registered protocol family 1
[    2.978388] 4 CPUs re-calibrate udelay(lpj = 2924544)
[    2.990270] Crashlog allocated RAM at address 0x3f00000
[    3.007754] squashfs: version 4.0 (2009/01/31) Phillip Lougher
[    3.019313] jffs2: version 2.2 (NAND) (SUMMARY) (LZMA) (RTIME) (CMODE_PRIORITY) (c) 2001-2006 Red Hat, Inc.
[    3.041203] io scheduler noop registered
[    3.048893] io scheduler deadline registered (default)
[    3.059590] Serial: 8250/16550 driver, 3 ports, IRQ sharing disabled
[    3.073150] console [ttyS0] disabled
[    3.080174] 1e000c00.uartlite: ttyS0 at MMIO 0x1e000c00 (irq = 33, base_baud = 3125000) is a 16550A
[    3.098124] console [ttyS0] enabled
[    3.098124] console [ttyS0] enabled
[    3.111927] bootconsole [early0] disabled
[    3.111927] bootconsole [early0] disabled
[    3.129106] MediaTek Nand driver init, version v2.1 Fix AHB virt2phys error
[    3.143385] spi-mt7621 1e000b00.spi: sys_freq: 50000000
[    3.154710] m25p80 spi32766.0: using chunked io (size=32)
[    3.165622] m25p80 spi32766.0: w25q128 (16384 Kbytes)
[    3.175725] 5 ofpart partitions found on MTD device spi32766.0
[    3.187335] Creating 5 MTD partitions on ""spi32766.0"":
[    3.197577] 0x000000000000-0x000000030000 : ""u-boot""
[    3.209014] 0x000000030000-0x000000040000 : ""u-boot-env""
[    3.220786] 0x000000040000-0x000000050000 : ""factory""
[    3.231981] 0x000000050000-0x000000e30000 : ""firmware""
[    3.265345] 2 uimage-fw partitions found on MTD device firmware
[    3.277148] 0x000000050000-0x0000001e6b25 : ""kernel""
[    3.288267] 0x0000001e6b25-0x000000e30000 : ""rootfs""
[    3.299440] mtd: device 5 (rootfs) set to be root filesystem
[    3.310793] 1 squashfs-split partitions found on MTD device rootfs
[    3.323103] 0x000000d10000-0x000000e30000 : ""rootfs_data""
[    3.335222] 0x000000e30000-0x000001000000 : ""recovery""
[    3.347189] netif_napi_add() called with weight 128 on device eth%d
[    3.430461] libphy: mdio: probed
[    4.836323] mtk_soc_eth 1e100000.ethernet: loaded mt7530 driver
[    4.848959] mtk_soc_eth 1e100000.ethernet eth0: mediatek frame engine at 0xbe100000, irq 10
[    4.866676] mt7621_wdt 1e000100.wdt: Initialized
[    4.877672] NET: Registered protocol family 10
[    4.887864] NET: Registered protocol family 17
[    4.896814] bridge: automatic filtering via arp/ip/ip6tables has been deprecated. Update your scripts to load br_netfilter if you need this.
[    4.921924] 8021q: 802.1Q VLAN Support v1.8
[    4.932893] hctosys: unable to open rtc device (rtc0)
[    4.949630] VFS: Mounted root (squashfs filesystem) readonly on device 31:5.
[    4.964399] Freeing unused kernel memory: 260K (8050f000 - 80550000)
f
[    5.160291] random: nonblocking pool is initialized
[    6.706472] mtk_soc_eth 1e100000.ethernet eth0: port 0 link up
[    6.906671] init: Console is alive
[    6.913738] init: - watchdog -
[    8.447854] kmodloader: loading kernel modules from /etc/modules-boot.d/*
[    8.526264] usbcore: registered new interface driver usbfs
[    8.537347] usbcore: registered new interface driver hub
[    8.548108] usbcore: registered new device driver usb
[    8.568747] xhci-mtk 1e1c0000.xhci: xHCI Host Controller
[    8.579390] xhci-mtk 1e1c0000.xhci: new USB bus registered, assigned bus number 1
[    8.598606] xhci-mtk 1e1c0000.xhci: hcc params 0x01401198 hci version 0x96 quirks 0x00210010
[    8.615494] xhci-mtk 1e1c0000.xhci: irq 29, io mem 0x1e1c0000
[    8.627990] hub 1-0:1.0: USB hub found
[    8.635545] hub 1-0:1.0: 2 ports detected
[    8.644049] xhci-mtk 1e1c0000.xhci: xHCI Host Controller
[    8.654643] xhci-mtk 1e1c0000.xhci: new USB bus registered, assigned bus number 2
[    8.669721] usb usb2: We don't know the algorithms for LPM for this host, disabling LPM.
[    8.686710] hub 2-0:1.0: USB hub found
[    8.694269] hub 2-0:1.0: 1 port detected
[    8.704578] kmodloader: done loading kernel modules from /etc/modules-boot.d/*
[    8.738821] init: - preinit -
Press the [f] key and hit [enter] to enter failsafe mode
Press the [1], [2], [3] or [4] key and hit [enter] to select the debug level
- failsafe -
Generating key, this may take a while...
Public key portion is:
ssh-rsa AAAAB3NzaC1yc2EAAAADAQABAAAAgQC9K9lSSeod9vH6MBwPvF6/pRjD8UdiZ/4zLqOGrB/EE8IkDRlEWrSGvtyH5a6fOBLy0cVic+vQ/ycygNhT8NnMXNhV+rgZM3noHnpvT+WIHZQglip6U2th2VXHxeQ9Au641rbr3TZDKIZ3DXhg22vwVg/2ntShyOW7CjzfZw6wNw== root@(none)
Fingerprint: md5 65:12:ac:2b:a4:3c:b2:2e:fa:aa:af:0e:d5:00:bb:38


BusyBox v1.25.1 () built-in shell (ash)

ash: can't access tty; job control turned off
                     _
 ___  __ _ _ __ ___ | | ___ __   _____      _____
/ __|/ _` | '_ ` _ \| |/ / '_ \ / _ \ \ /\ / / __|
\__ \ (_| | | | | | |   <| | | | (_) \ V  V /\__ \
|___/\__,_|_| |_| |_|_|\_\_| |_|\___/ \_/\_/ |___/
       P E R F O R M A N C E   M O N I T O R I N G

 OS: LEDE Reboot, r3436+83-2da512e
 SW: WB8 Build
 -------------------------------------------------
================= FAILSAFE MODE active ================
special commands:
* firstboot	     reset settings to factory defaults
* mount_root	 mount root-partition with config files

after mount_root:
* passwd			 change root's password
* /etc/config		    directory with config files

for more help see:
http://wiki.openwrt.org/doc/howto/generic.failsafe
=======================================================

root@(none):/# mount_root
[   93.280518] mount_root: loading kmods from internal overlay
[   93.318963] kmodloader: loading kernel modules from //etc/modules-boot.d/*
[   93.333361] kmodloader: done loading kernel modules from //etc/modules-boot.d/*
[   93.714259] jffs2: notice: (423) jffs2_build_xattr_subsystem: complete building xattr subsystem, 0 of xdatum (0 unchecked, 0 orphan) and 0 of xref (0 dead, 0 orphan) found.
[   93.745547] block: attempting to load /tmp/jffs_cfg/upper/etc/config/fstab
[   93.762383] block: extroot: not configured
[   93.857293] jffs2: notice: (420) jffs2_build_xattr_subsystem: complete building xattr subsystem, 0 of xdatum (0 unchecked, 0 orphan) and 0 of xref (0 dead, 0 orphan) found.
[   94.157775] block: attempting to load /tmp/jffs_cfg/upper/etc/config/fstab
[   94.175023] block: extroot: not configured
[   94.229704] mount_root: switching to jffs2 overlay
root@(none):/# ping openwer[J[J[Jwrt.org
ping: bad address 'openwrt.org'
root@(none):/# 
root@(none):/# ping openwrt.org[Jg[J[J[J[J[J[J[J[J[J[J[J1.1.1.1
PING 1.1.1.1 (1.1.1.1): 56 data bytes
ping: sendto: Network is unreachable
root@(none):/# [  185.775006] mtk_soc_eth 1e100000.ethernet eth0: port 4 link up

root@(none):/# ifconig[J[Jg[Jfig
eth0      Link encap:Ethernet  HWaddr 24:0B:88:08:2E:1D  
          inet addr:192.168.1.1  Bcast:192.168.1.255  Mask:255.255.255.0
          inet6 addr: fe80::260b:88ff:fe08:2e1d/64 Scope:Link
          UP BROADCAST RUNNING MULTICAST  MTU:1500  Metric:1
          RX packets:0 errors:0 dropped:0 overruns:0 frame:0
          TX packets:9 errors:0 dropped:0 overruns:0 carrier:0
          collisions:0 txqueuelen:1000 
          RX bytes:0 (0.0 B)  TX bytes:1727 (1.6 KiB)
          Interrupt:10 

root@(none):/# 
root@(none):/# ifconfig[J
root@(none):/# ping 1.1.1.1[J
root@(none):/# ping openwrt.org[J
ping: bad address 'openwrt.org'
root@(none):/# 
root@(none):/# ping openwrt.org[J
root@(none):/# ifconfig[J
root@(none):/# ping 1.1.1.1[J
PING 1.1.1.1 (1.1.1.1): 56 data bytes
ping: sendto: Network is unreachable
root@(none):/# ip a
1: lo: <LOOPBACK> mtu 65536 qdisc noop state DOWN group default qlen 1
    link/loopback 00:00:00:00:00:00 brd 00:00:00:00:00:00
2: eth0: <BROADCAST,MULTICAST,UP,LOWER_UP> mtu 1500 qdisc fq_codel state UNKNOWN group default qlen 1000
    link/ether 24:0b:88:08:2e:1d brd ff:ff:ff:ff:ff:ff
    inet 192.168.1.1/24 brd 192.168.1.255 scope global eth0
       valid_lft forever preferred_lft forever
    inet6 fe80::260b:88ff:fe08:2e1d/64 scope link 
       valid_lft forever preferred_lft forever
root@(none):/# vim 
root@(none):/# ip a[J
root@(none):/# ping 1.1.1.1[J
root@(none):/# ping openwrt.org[J
root@(none):/# ifconfig[J
root@(none):/# ping 1.1.1.1[J
root@(none):/# ping openwrt.org[J
root@(none):/# mount_root[J      
root@(none):/# ping openwrt.org[J
root@(none):/# ping 1.1.1.1[J
root@(none):/# ifconfig[J
root@(none):/# ping openwrt.org[J
root@(none):/# ping 1.1.1.1[J
root@(none):/# ip a[J
root@(none):/# vim [J                         vim /ec[Jtc/config/networkm vim /etc/config/network[J[23Dvim /etc/config/network[J[23Dvim /etc/config/network[J[23Dvim /etc/config/network[J[23Dvim /etc/config/network
[?1049h[999;999H[6n[1;1H[J[2;1Hconfig interface 'loopback'[3;9Hoption ifname 'lo'[4;9Hoption proto 'static'[5;9Hoption ipaddr '127.0.0.1'[6;9Hoption netmask '255.0.0.0'[8;1Hconfig interface 'lan'[9;9Hoption ifname 'eth0'[10;9Hoption proto 'static'[11;9Hoption ipaddr '192.168.2.1'[12;9Hoption netmask '255.255.255.0'[14;1Hconfig interface 'wan'[15;9Hoption ifname 'eth0'[16;9Hoption proto 'dhcp'[18;1Hconfig interface 'wan6'[19;9Hoption ifname 'eth0'[20;9Hoption proto 'dhcpv6'[22;1Hconfig interface 'wlan2g'[23;9Hoption proto 'dhcp'[1;1H[24;1H[K- /etc/config/network 1/45 2%[1;1H[2;1H[24;1H[K- /etc/config/network 2/45 4%[2;1H[3;1H[24;1H[K- /etc/config/network 3/45 6%[3;1H[4;1H[24;1H[K- /etc/config/network 4/45 8%[4;1H[5;1H[24;1H[K- /etc/config/network 5/45 11%[5;1H[6;1H[24;1H[K- /etc/config/network 6/45 13%[6;1H[7;1H[24;1H[K- /etc/config/network 7/45 15%[7;1H[8;1H[24;1H[K- /etc/config/network 8/45 17%[8;1H[9;1H[24;1H[K- /etc/config/network 9/45 20%[9;1H[9;9H[9;10H[10;10H[24;1H[K- /etc/config/network 10/45 22%[10;10H[11;10H[24;1H[K- /etc/config/network 11/45 24%[11;10H[11;11H[11;12H[12;12H[24;1H[K- /etc/config/network 12/45 26%[12;12H[13;8H[24;1H[K- /etc/config/network 13/45 28%[13;8H[14;8H[24;1H[K- /etc/config/network 14/45 31%[14;8H[15;9H[24;1H[K- /etc/config/network 15/45 33%[15;9H[16;9H[24;1H[K- /etc/config/network 16/45 35%[16;9H[15;9H[24;1H[K- /etc/config/network 15/45 33%[15;9H[14;9H[24;1H[K- /etc/config/network 14/45 31%[14;9H[13;8H[24;1H[K- /etc/config/network 13/45 28%[13;8H[12;9H[24;1H[K- /etc/config/network 12/45 26%[12;9H[11;9H[24;1H[K- /etc/config/network 11/45 24%[11;9H[10;9H[24;1H[K- /etc/config/network 10/45 22%[10;9H[9;9H[24;1H[K- /etc/config/network 9/45 20%[9;9H[10;9H[24;1H[K- /etc/config/network 10/45 22%[10;9H[11;9H[24;1H[K- /etc/config/network 11/45 24%[11;9H[10;9H[24;1H[K- /etc/config/network 10/45 22%[10;9H[9;9H[24;1H[K- /etc/config/network 9/45 20%[9;9H[9;10H[9;11H[10;11H[24;1H[K- /etc/config/network 10/45 22%[10;11H[11;11H[24;1H[K- /etc/config/network 11/45 24%[11;11H[12;11H[24;1H[K- /etc/config/network 12/45 26%[12;11H[12;12H[12;13H[12;14H[12;15H[12;16H[12;17H[12;18H[12;19H[12;20H[12;21H[12;22H[12;23H[12;24H[12;25H[12;26H[12;27H[12;28H[12;29H[12;30H[11;30H[24;1H[K- /etc/config/network 11/45 24%[11;30H[10;29H[24;1H[K- /etc/config/network 10/45 22%[10;29H[11;29H[24;1H[K- /etc/config/network 11/45 24%[11;29H[12;29H[24;1H[K- /etc/config/network 12/45 26%[12;29H[12;30H[12;31H[12;32H[12;33H[12;34H[12;35H[11;35H[24;1H[K- /etc/config/network 11/45 24%[11;35H[11;35H[24;1H[KI /etc/config/network 11/45 24%[11;35H[11;34H' [11;34H[24;1H[KI /etc/config/network [Modified] 11/45 24%[11;34H[11;34H2'[11;35H[11;34H[24;1H[K- /etc/config/network [Modified] 11/45 24%[11;34H[24;1H[K:qw[11;34H[11;34H[24;1H[K[7m'qw' is not implemented[0m[11;34H[24;1H[K- /etc/config/network [Modified] 11/45 24%[11;34H[24;1H[K:wq[11;34H[11;34H[24;1H[K'/etc/config/network' 45L, 811C[11;34H[24;1H[K[?1049lroot@(none):/# ip[J[Jifconfig
eth0      Link encap:Ethernet  HWaddr 24:0B:88:08:2E:1D  
          inet addr:192.168.1.1  Bcast:192.168.1.255  Mask:255.255.255.0
          inet6 addr: fe80::260b:88ff:fe08:2e1d/64 Scope:Link
          UP BROADCAST RUNNING MULTICAST  MTU:1500  Metric:1
          RX packets:0 errors:0 dropped:0 overruns:0 frame:0
          TX packets:9 errors:0 dropped:0 overruns:0 carrier:0
          collisions:0 txqueuelen:1000 
          RX bytes:0 (0.0 B)  TX bytes:1727 (1.6 KiB)
          Interrupt:10 

root@(none):/# ip a
1: lo: <LOOPBACK> mtu 65536 qdisc noop state DOWN group default qlen 1
    link/loopback 00:00:00:00:00:00 brd 00:00:00:00:00:00
2: eth0: <BROADCAST,MULTICAST,UP,LOWER_UP> mtu 1500 qdisc fq_codel state UNKNOWN group default qlen 1000
    link/ether 24:0b:88:08:2e:1d brd ff:ff:ff:ff:ff:ff
    inet 192.168.1.1/24 brd 192.168.1.255 scope global eth0
       valid_lft forever preferred_lft forever
    inet6 fe80::260b:88ff:fe08:2e1d/64 scope link 
       valid_lft forever preferred_lft forever
root@(none):/# 
root@(none):/# ip a[J
root@(none):/# ifconfig[J
root@(none):/# vim /etc/config/network[Jim /etc/config/network[J[20D /etc/config/network[J[20D /etc/config/network[J[20Dc /etc/config/network[20Da /etc/config/network[20Dt /etc/config/network[20D /etc/config/network

config interface 'loopback'
	option ifname 'lo'
	option proto 'static'
	option ipaddr '127.0.0.1'
	option netmask '255.0.0.0'

config interface 'lan'
	option ifname 'eth0'
	option proto 'static'
	option ipaddr '192.168.2.2'
	option netmask '255.255.255.0'
        
config interface 'wan'
	option ifname 'eth0'
	option proto 'dhcp'

config interface 'wan6'
	option ifname 'eth0'
	option proto 'dhcpv6'

config interface 'wlan2g'
	option proto 'dhcp'
	option metric '1'

config interface 'wlan2g_6'
	option proto 'dhcpv6'

config interface 'wlan5g'
	option proto 'dhcp'
	option metric '2'

config interface 'wlan5g_6'
	option proto 'dhcpv6'

config switch
	option name 'switch0'
	option reset '1'
	option enable_vlan '0'

config switch_vlan
	option device 'switch0'
	option vlan '0'
	option ports '0 1 2 3 4 6'

root@(none):/# scp/wget/etc[J[J[J[J[J[J[J[J[J[J[J[Jpasswd
Changing password for root
New password: 
Bad password: too weak
Retype password: 
passwd: password for root changed by root
root@(none):/# 

===================================================================

     		MT7621   stage1 code Mar 12 2015 14:43:30 (ASIC)

     		CPU=500000000 HZ BUS=125000000 HZ

==================================================================

Change MPLL source from XTAL to CR...

do MEMPLL setting..

MEMPLL Config : 0x31100000

3PLL mode + External loopback

=== XTAL-40Mhz === DDR-800Mhz ===

PLL4 FB_DL: 0xe, 1/0 = 568/456 39000000

PLL2 FB_DL: 0x10, 1/0 = 536/488 41000000

PLL3 FB_DL: 0x11, 1/0 = 539/485 45000000

do DDR setting..[01F40000]

Apply DDR2 Setting...(use customer AC)

          0    8   16   24   32   40   48   56   64   72   80   88   96  104  112  120

      --------------------------------------------------------------------------------

0000:|    0    0    0    0    0    0    0    0    0    0    0    0    0    0    0    0

0001:|    0    0    0    0    0    0    0    0    0    0    0    0    0    0    0    0

0002:|    0    0    0    0    0    0    0    0    0    0    0    0    0    0    0    0

0003:|    0    0    0    0    0    0    0    0    0    0    0    0    0    0    0    0

0004:|    0    0    0    0    0    0    0    0    0    0    0    0    0    0    0    0

0005:|    0    0    0    0    0    0    0    0    0    0    0    0    0    0    0    0

0006:|    0    0    0    0    0    0    0    0    0    0    0    0    0    1    1    1

0007:|    0    0    0    0    0    0    1    1    1    1    1    1    1    1    1    1

0008:|    1    1    1    1    1    1    1    1    1    1    1    1    0    0    0    0

0009:|    1    1    1    1    0    0    0    0    0    0    0    0    0    0    0    0

000A:|    0    0    0    0    0    0    0    0    0    0    0    0    0    0    0    0

000B:|    0    0    0    0    0    0    0    0    0    0    0    0    0    0    0    0

000C:|    0    0    0    0    0    0    0    0    0    0    0    0    0    0    0    0

000D:|    0    0    0    0    0    0    0    0    0    0    0    0    0    0    0    0

000E:|    0    0    0    0    0    0    0    0    0    0    0    0    0    0    0    0

000F:|    0    0    0    0    0    0    0    0    0    0    0    0    0    0    0    0

0010:|    0    0    0    0    0    0    0    0    0    0    0    0    0    0    0    0

0011:|    0    0    0    0    0    0    0    0    0    0    0    0    0    0    0    0

0012:|    0    0    0    0    0    0    0    0    0    0    0    0    0    0    0    0

0013:|    0    0    0    0    0    0    0    0    0    0    0    0    0    0    0    0

0014:|    0    0    0    0    0    0    0    0    0    0    0    0    0    0    0    0

0015:|    0    0    0    0    0    0    0    0    0    0    0    0    0    0    0    0

0016:|    0    0    0    0    0    0    0    0    0    0    0    0    0    0    0    0

0017:|    0    0    0    0    0    0    0    0    0    0    0    0    0    0    0    0

0018:|    0    0    0    0    0    0    0    0    0    0    0    0    0    0    0    0

0019:|    0    0    0    0    0    0    0    0    0    0    0    0    0    0    0    0

001A:|    0    0    0    0    0    0    0    0    0    0    0    0    0    0    0    0

001B:|    0    0    0    0    0    0    0    0    0    0    0    0    0    0    0    0

001C:|    0    0    0    0    0    0    0    0    0    0    0    0    0    0    0    0

001D:|    0    0    0    0    0    0    0    0    0    0    0    0    0    0    0    0

001E:|    0    0    0    0    0    0    0    0    0    0    0    0    0    0    0    0

001F:|    0    0    0    0    0    0    0    0    0    0    0    0    0    0    0    0

DRAMC_DQSCTL1[0e0]=1A000000

DRAMC_DQSGCTL[124]=80000000

rank 0 coarse = 8

rank 0 fine = 48

B:|    0    0    0    0    0    1    1    1    0    0    0    0    0    0    0    0

opt_dle value:6

DRAMC_DDR2CTL[07c]=40001263

DRAMC_PADCTL4[0e4]=00000005

DRAMC_DQIDLY1[210]=0A070707

DRAMC_DQIDLY2[214]=05060607

DRAMC_DQIDLY3[218]=0C090A08

DRAMC_DQIDLY4[21c]=0B080B09

DRAMC_R0DELDLY[018]=00002D2B

==================================================================

		RX	DQS perbit delay software calibration 

==================================================================

1.0-15 bit dq delay value

==================================================================

bit|     0  1  2  3  4  5  6  7  8  9

--------------------------------------

0 |    7 7 7 9 7 6 6 5 7 8 

10 |    9 11 8 10 7 10 

--------------------------------------


==================================================================

2.dqs window

x=pass dqs delay value (min~max)center 

y=0-7bit DQ of every group

input delay:DQS0 =43 DQS1 = 45

==================================================================

bit	DQS0	 bit      DQS1

0  (1~85)43  8  (1~88)44

1  (1~86)43  9  (1~86)43

2  (1~86)43  10  (1~90)45

3  (1~84)42  11  (1~88)44

4  (1~85)43  12  (1~88)44

5  (1~86)43  13  (1~87)44

6  (1~86)43  14  (1~88)44

7  (1~85)43  15  (1~88)44

==================================================================

3.dq delay value last

==================================================================

bit|    0  1  2  3  4  5  6  7  8   9

--------------------------------------

0 |    7 7 7 10 7 6 6 5 8 10 

10 |    9 12 9 11 8 11 

==================================================================

==================================================================

     TX  perbyte calibration 

==================================================================

DQS loop = 15, cmp_err_1 = ffff0000 

dqs_perbyte_dly.last_dqsdly_pass[0]=15,  finish count=1 

dqs_perbyte_dly.last_dqsdly_pass[1]=15,  finish count=2 

DQ loop=15, cmp_err_1 = ffff0000

dqs_perbyte_dly.last_dqdly_pass[0]=15,  finish count=1 

dqs_perbyte_dly.last_dqdly_pass[1]=15,  finish count=2 

byte:0, (DQS,DQ)=(8,8)

byte:1, (DQS,DQ)=(8,8)

DRAMC_DQODLY1[200]=88888888

DRAMC_DQODLY2[204]=88888888

20,data:88

[EMI] DRAMC calibration passed



===================================================================

     		MT7621   stage1 code done 

     		CPU=500000000 HZ BUS=125000000 HZ

===================================================================



U-Boot 1.1.3 (Jan 15 2016 - 09:47:18)


Board: Ralink APSoC DRAM:  128 MB

relocate_code Pointer at: 87fb8000


Config XHCI 40M PLL 

flash manufacture id: ef, device id 40 18

find flash: W25Q128BV

============================================ 

Ralink UBoot Version: 4.3.0.0

-------------------------------------------- 

ASIC MT7621A DualCore (MAC to MT7530 Mode)

DRAM_CONF_FROM: Auto-Detection 

DRAM_TYPE: DDR2 

DRAM bus: 16 bit

Xtal Mode=3 OCP Ratio=1/4

Flash component: SPI Flash

Date:Jan 15 2016  Time:09:47:18

============================================ 

icache: sets:256, ways:4, linesz:32 ,total:32768

dcache: sets:256, ways:4, linesz:32 ,total:32768 


 ##### The CPU freq = 880 MHZ #### 

 estimate memory size =128 Mbytes

#Reset_MT7530


Please choose the operation: 

   1: Load system code to SDRAM via TFTP. 

   2: Load system code then write to Flash via TFTP. 

   3: Boot system code via Flash (default).

   4: Entr boot command line interface.

   7: Load Boot Loader code then write to Flash via Serial. 

   9: Load Boot Loader code then write to Flash via TFTP. 

 4  3  2  1  0 

bootcount: 3

   

3: System Boot system code via Flash.

Erasing SPI Flash...

.

Writing to SPI Flash...

.

done

## Booting image at bce30000 ...

   Image Name:   MIPS LEDE Linux-4.4.79

   Image Type:   MIPS Linux Kernel Image (lzma compressed)

   Data Size:    1076829 Bytes =  1 MB

   Load Address: 80001000

   Entry Point:  80001000

   Verifying Checksum ... OK

   Uncompressing Kernel Image ... OK

No initrd

## Transferring control to Linux (at address 80001000) ...

## Giving linux memsize in MB, 128


Starting kernel ...


Linux version 4.4.79 (builder@) (gcc version 5.4.0 (LEDE GCC 5.4.0 r0+3509-2fce1de31f) ) #0 SMP Tue Aug 29 13:35:55 2023
SoC Type: MediaTek MT7621 ver:1 eco:3
bootconsole [early0] enabled
CPU0 revision is: 0001992f (MIPS 1004Kc)
MIPS: machine is SamKnows Whitebox 8
Determined physical RAM map:
 memory: 08000000 @ 00000000 (usable)
Initrd not found or empty - disabling initrd
Zone ranges:
  Normal   [mem 0x0000000000000000-0x0000000007ffffff]
  HighMem  empty
Movable zone start for each node
Early memory node ranges
  node   0: [mem 0x0000000000000000-0x0000000007ffffff]
Initmem setup node 0 [mem 0x0000000000000000-0x0000000007ffffff]
VPE topology {2,2} total 4
Primary instruction cache 32kB, VIPT, 4-way, linesize 32 bytes.
Primary data cache 32kB, 4-way, PIPT, no aliases, linesize 32 bytes
MIPS secondary cache 256kB, 8-way, linesize 32 bytes.
PERCPU: Embedded 10 pages/cpu @8110c000 s8608 r8192 d24160 u40960
Built 1 zonelists in Zone order, mobility grouping on.  Total pages: 32512
Kernel command line: console=ttyS0,57600 rootfstype=squashfs,jffs2
PID hash table entries: 512 (order: -1, 2048 bytes)
Dentry cache hash table entries: 16384 (order: 4, 65536 bytes)
Inode-cache hash table entries: 8192 (order: 3, 32768 bytes)
Writing ErrCtl register=00030220
Readback ErrCtl register=00030220
Memory: 126072K/131072K available (2734K kernel code, 194K rwdata, 240K rodata, 212K init, 240K bss, 5000K reserved, 0K cma-reserved, 0K highmem)
SLUB: HWalign=32, Order=0-3, MinObjects=0, CPUs=4, Nodes=1
Hierarchical RCU implementation.
NR_IRQS:256
clocksource: GIC: mask: 0xffffffffffffffff max_cycles: 0xcaf478abb4, max_idle_ns: 440795247997 ns
clocksource: MIPS: mask: 0xffffffff max_cycles: 0xffffffff, max_idle_ns: 4343773742 ns
sched_clock: 32 bits at 440MHz, resolution 2ns, wraps every 4880645118ns
Calibrating delay loop... 586.13 BogoMIPS (lpj=2930688)
pid_max: default: 32768 minimum: 301
Mount-cache hash table entries: 1024 (order: 0, 4096 bytes)
Mountpoint-cache hash table entries: 1024 (order: 0, 4096 bytes)
Primary instruction cache 32kB, VIPT, 4-way, linesize 32 bytes.
Primary data cache 32kB, 4-way, PIPT, no aliases, linesize 32 bytes
MIPS secondary cache 256kB, 8-way, linesize 32 bytes.
CPU1 revision is: 0001992f (MIPS 1004Kc)
Synchronize counters for CPU 1: done.
Primary instruction cache 32kB, VIPT, 4-way, linesize 32 bytes.
Primary data cache 32kB, 4-way, PIPT, no aliases, linesize 32 bytes
MIPS secondary cache 256kB, 8-way, linesize 32 bytes.
CPU2 revision is: 0001992f (MIPS 1004Kc)
Synchronize counters for CPU 2: done.
Primary instruction cache 32kB, VIPT, 4-way, linesize 32 bytes.
Primary data cache 32kB, 4-way, PIPT, no aliases, linesize 32 bytes
MIPS secondary cache 256kB, 8-way, linesize 32 bytes.
CPU3 revision is: 0001992f (MIPS 1004Kc)
Synchronize counters for CPU 3: done.
Brought up 4 CPUs
clocksource: jiffies: mask: 0xffffffff max_cycles: 0xffffffff, max_idle_ns: 19112604462750000 ns
futex hash table entries: 1024 (order: 3, 32768 bytes)
pinctrl core: initialized pinctrl subsystem
NET: Registered protocol family 16
Can't analyze schedule() prologue at 8000bd44
pull PCIe RST: RALINK_RSTCTRL = 0
release PCIe RST: RALINK_RSTCTRL = 7000000
***** Xtal 40MHz *****
release PCIe RST: RALINK_RSTCTRL = 7000000
Port 0 N_FTS = 1b102800
Port 1 N_FTS = 1b102800
Port 2 N_FTS = 1b102800
PCIE2 no card, disable it(RST&CLK)
 -> 21007f2
PCIE0 enabled
PCIE1 enabled
PCI host bridge /pcie@1e140000 ranges:
 MEM 0x0000000060000000..0x000000006fffffff
  IO 0x000000001e160000..0x000000001e16ffff
PCI coherence region base: 0x60000000, mask/settings: 0xf0000002
mt7621_gpio 1e000600.gpio: registering 32 gpios
mt7621_gpio 1e000600.gpio: registering 32 gpios
mt7621_gpio 1e000600.gpio: registering 32 gpios
PCI host bridge to bus 0000:00
pci_bus 0000:00: root bus resource [mem 0x60000000-0x6fffffff]
pci_bus 0000:00: root bus resource [io  0xffffffff]
pci_bus 0000:00: root bus resource [??? 0x00000000 flags 0x0]
pci_bus 0000:00: No busn resource found for root bus, will use [bus 00-ff]
pci 0000:00:00.0: bridge configuration invalid ([bus 00-00]), reconfiguring
pci 0000:00:01.0: bridge configuration invalid ([bus 00-00]), reconfiguring
pci 0000:00:00.0: BAR 0: no space for [mem size 0x80000000]
pci 0000:00:00.0: BAR 0: failed to assign [mem size 0x80000000]
pci 0000:00:01.0: BAR 0: no space for [mem size 0x80000000]
pci 0000:00:01.0: BAR 0: failed to assign [mem size 0x80000000]
pci 0000:00:00.0: BAR 8: assigned [mem 0x60000000-0x600fffff]
pci 0000:00:00.0: BAR 9: assigned [mem 0x60100000-0x601fffff pref]
pci 0000:00:01.0: BAR 8: assigned [mem 0x60200000-0x602fffff]
pci 0000:00:01.0: BAR 9: assigned [mem 0x60300000-0x603fffff pref]
pci 0000:00:00.0: BAR 1: assigned [mem 0x60400000-0x6040ffff]
pci 0000:00:01.0: BAR 1: assigned [mem 0x60410000-0x6041ffff]
pci 0000:01:00.0: BAR 0: assigned [mem 0x60000000-0x600fffff 64bit]
pci 0000:01:00.0: BAR 6: assigned [mem 0x60100000-0x6010ffff pref]
pci 0000:00:00.0: PCI bridge to [bus 01]
pci 0000:00:00.0:   bridge window [mem 0x60000000-0x600fffff]
pci 0000:00:00.0:   bridge window [mem 0x60100000-0x601fffff pref]
pci 0000:02:00.0: BAR 0: assigned [mem 0x60200000-0x602fffff 64bit]
pci 0000:02:00.0: BAR 6: assigned [mem 0x60300000-0x6030ffff pref]
pci 0000:00:01.0: PCI bridge to [bus 02]
pci 0000:00:01.0:   bridge window [mem 0x60200000-0x602fffff]
pci 0000:00:01.0:   bridge window [mem 0x60300000-0x603fffff pref]
BAR0 at slot 0 = 0
bus=0x0, slot = 0x0
BAR0 at slot 1 = 0
bus=0x0, slot = 0x1
bus=0x1, slot = 0x0, irq=0xff
bus=0x2, slot = 0x1, irq=0xff
clocksource: Switched to clocksource GIC
NET: Registered protocol family 2
TCP established hash table entries: 1024 (order: 0, 4096 bytes)
TCP bind hash table entries: 1024 (order: 1, 8192 bytes)
TCP: Hash tables configured (established 1024 bind 1024)
UDP hash table entries: 256 (order: 1, 8192 bytes)
UDP-Lite hash table entries: 256 (order: 1, 8192 bytes)
NET: Registered protocol family 1
4 CPUs re-calibrate udelay(lpj = 2924544)
squashfs: version 4.0 (2009/01/31) Phillip Lougher
io scheduler noop registered
io scheduler deadline registered (default)
Serial: 8250/16550 driver, 3 ports, IRQ sharing disabled
console [ttyS0] disabled
1e000c00.uartlite: ttyS0 at MMIO 0x1e000c00 (irq = 33, base_baud = 3125000) is a 16550A
console [ttyS0] enabled
console [ttyS0] enabled
bootconsole [early0] disabled
bootconsole [early0] disabled
MediaTek Nand driver init, version v2.1 Fix AHB virt2phys error
spi-mt7621 1e000b00.spi: sys_freq: 50000000
m25p80 spi32766.0: using chunked io (size=32)
m25p80 spi32766.0: w25q128 (16384 Kbytes)
5 ofpart partitions found on MTD device spi32766.0
Creating 5 MTD partitions on ""spi32766.0"":
0x000000000000-0x000000030000 : ""u-boot""
0x000000030000-0x000000040000 : ""u-boot-env""
0x000000040000-0x000000050000 : ""factory""
0x000000050000-0x000000e30000 : ""mainimage""
0x000000e30000-0x000001000000 : ""firmware""
2 uimage-fw partitions found on MTD device firmware
0x000000e30000-0x000000f36e9d : ""kernel""
0x000000f36e9d-0x000001000000 : ""rootfs""
mtd: device 6 (rootfs) set to be root filesystem
1 squashfs-split partitions found on MTD device rootfs
0x000000ff0000-0x000001000000 : ""rootfs_data""
netif_napi_add() called with weight 128 on device eth%d
libphy: mdio: probed
mtk_soc_eth 1e100000.ethernet: loaded mt7530 driver
mtk_soc_eth 1e100000.ethernet eth0: mediatek frame engine at 0xbe100000, irq 10
mt7621_wdt 1e000100.wdt: Initialized
NET: Registered protocol family 10
NET: Registered protocol family 17
hctosys: unable to open rtc device (rtc0)
VFS: Mounted root (squashfs filesystem) readonly on device 31:6.
Freeing unused kernel memory: 212K (8031b000 - 80350000)
random: nonblocking pool is initialized
init: Console is alive
init: - watchdog -
kmodloader: loading kernel modules from /etc/modules-boot.d/*
kmodloader: done loading kernel modules from /etc/modules-boot.d/*
init: - preinit -
Press the [1], [2], [3] or [4] key and hit [enter] to select the debug level
mtk_soc_eth 1e100000.ethernet eth0: port 4 link up
mtk_soc_eth 1e100000.ethernet eth0: port 0 link up
mount_root: jffs2 not ready yet, using temporary tmpfs overlay
urandom-seed: Seed file not found (/etc/urandom.seed)
procd: - early -
procd: - watchdog -
procd: - watchdog -
procd: - ubus -
procd: - init -
kmodloader: loading kernel modules from /etc/modules.d/*
kmodloader: done loading kernel modules from /etc/modules.d/*
reboot: Restarting system


===================================================================

     		MT7621   stage1 code Mar 12 2015 14:43:30 (ASIC)

     		CPU=500000000 HZ BUS=125000000 HZ

==================================================================

Change MPLL source from XTAL to CR...

do MEMPLL setting..

MEMPLL Config : 0x31100000

3PLL mode + External loopback

=== XTAL-40Mhz === DDR-800Mhz ===

PLL4 FB_DL: 0xe, 1/0 = 582/442 39000000

PLL2 FB_DL: 0x10, 1/0 = 516/508 41000000

PLL3 FB_DL: 0x11, 1/0 = 527/497 45000000

do DDR setting..[01F40000]

Apply DDR2 Setting...(use customer AC)

          0    8   16   24   32   40   48   56   64   72   80   88   96  104  112  120

      --------------------------------------------------------------------------------

0000:|    0    0    0    0    0    0    0    0    0    0    0    0    0    0    0    0

0001:|    0    0    0    0    0    0    0    0    0    0    0    0    0    0    0    0

0002:|    0    0    0    0    0    0    0    0    0    0    0    0    0    0    0    0

0003:|    0    0    0    0    0    0    0    0    0    0    0    0    0    0    0    0

0004:|    0    0    0    0    0    0    0    0    0    0    0    0    0    0    0    0

0005:|    0    0    0    0    0    0    0    0    0    0    0    0    0    0    0    0

0006:|    0    0    0    0    0    0    0    0    0    0    0    0    0    1    1    1

0007:|    0    0    0    0    0    0    1    1    1    1    1    1    1    1    1    1

0008:|    1    1    1    1    1    1    1    1    1    1    1    1    0    0    0    0

0009:|    1    1    1    1    0    0    0    0    0    0    0    0    0    0    0    0

000A:|    0    0    0    0    0    0    0    0    0    0    0    0    0    0    0    0

000B:|    0    0    0    0    0    0    0    0    0    0    0    0    0    0    0    0

000C:|    0    0    0    0    0    0    0    0    0    0    0    0    0    0    0    0

000D:|    0    0    0    0    0    0    0    0    0    0    0    0    0    0    0    0

000E:|    0    0    0    0    0    0    0    0    0    0    0    0    0    0    0    0

000F:|    0    0    0    0    0    0    0    0    0    0    0    0    0    0    0    0

0010:|    0    0    0    0    0    0    0    0    0    0    0    0    0    0    0    0

0011:|    0    0    0    0    0    0    0    0    0    0    0    0    0    0    0    0

0012:|    0    0    0    0    0    0    0    0    0    0    0    0    0    0    0    0

0013:|    0    0    0    0    0    0    0    0    0    0    0    0    0    0    0    0

0014:|    0    0    0    0    0    0    0    0    0    0    0    0    0    0    0    0

0015:|    0    0    0    0    0    0    0    0    0    0    0    0    0    0    0    0

0016:|    0    0    0    0    0    0    0    0    0    0    0    0    0    0    0    0

0017:|    0    0    0    0    0    0    0    0    0    0    0    0    0    0    0    0

0018:|    0    0    0    0    0    0    0    0    0    0    0    0    0    0    0    0

0019:|    0    0    0    0    0    0    0    0    0    0    0    0    0    0    0    0

001A:|    0    0    0    0    0    0    0    0    0    0    0    0    0    0    0    0

001B:|    0    0    0    0    0    0    0    0    0    0    0    0    0    0    0    0

001C:|    0    0    0    0    0    0    0    0    0    0    0    0    0    0    0    0

001D:|    0    0    0    0    0    0    0    0    0    0    0    0    0    0    0    0

001E:|    0    0    0    0    0    0    0    0    0    0    0    0    0    0    0    0

001F:|    0    0    0    0    0    0    0    0    0    0    0    0    0    0    0    0

DRAMC_DQSCTL1[0e0]=1A000000

DRAMC_DQSGCTL[124]=80000000

rank 0 coarse = 8

rank 0 fine = 48

B:|    0    0    0    0    0    0    0    1    1    1    0    0    0    0    0    0

opt_dle value:8

DRAMC_DDR2CTL[07c]=40001203

DRAMC_PADCTL4[0e4]=00000015

DRAMC_DQIDLY1[210]=0A070708

DRAMC_DQIDLY2[214]=05060607

DRAMC_DQIDLY3[218]=0C090908

DRAMC_DQIDLY4[21c]=0B080B09

DRAMC_R0DELDLY[018]=00002D2B

==================================================================

		RX	DQS perbit delay software calibration 

==================================================================

1.0-15 bit dq delay value

==================================================================

bit|     0  1  2  3  4  5  6  7  8  9

--------------------------------------

0 |    7 7 7 9 7 6 6 4 7 8 

10 |    9 11 8 10 7 10 

--------------------------------------


==================================================================

2.dqs window

x=pass dqs delay value (min~max)center 

y=0-7bit DQ of every group

input delay:DQS0 =43 DQS1 = 45

==================================================================

bit	DQS0	 bit      DQS1

0  (1~84)42  8  (1~88)44

1  (1~86)43  9  (1~87)44

2  (1~85)43  10  (1~89)45

3  (1~84)42  11  (1~87)44

4  (1~85)43  12  (1~88)44

5  (1~86)43  13  (1~87)44

6  (1~86)43  14  (1~87)44

7  (0~84)42  15  (1~88)44

==================================================================

3.dq delay value last

==================================================================

bit|    0  1  2  3  4  5  6  7  8   9

--------------------------------------

0 |    8 7 7 10 7 6 6 5 8 9 

10 |    9 12 9 11 8 11 

==================================================================

==================================================================

     TX  perbyte calibration 

==================================================================

DQS loop = 15, cmp_err_1 = ffff0000 

dqs_perbyte_dly.last_dqsdly_pass[0]=15,  finish count=1 

dqs_perbyte_dly.last_dqsdly_pass[1]=15,  finish count=2 

DQ loop=15, cmp_err_1 = ffff0000

dqs_perbyte_dly.last_dqdly_pass[0]=15,  finish count=1 

dqs_perbyte_dly.last_dqdly_pass[1]=15,  finish count=2 

byte:0, (DQS,DQ)=(8,8)

byte:1, (DQS,DQ)=(8,8)

DRAMC_DQODLY1[200]=88888888

DRAMC_DQODLY2[204]=88888888

20,data:88

[EMI] DRAMC calibration passed



===================================================================

     		MT7621   stage1 code done 

     		CPU=500000000 HZ BUS=125000000 HZ

===================================================================



U-Boot 1.1.3 (Jan 15 2016 - 09:47:18)


Board: Ralink APSoC DRAM:  128 MB

relocate_code Pointer at: 87fb8000


Config XHCI 40M PLL 

******************************

Software System Reset Occurred

******************************

flash manufacture id: ef, device id 40 18

find flash: W25Q128BV

============================================ 

Ralink UBoot Version: 4.3.0.0

-------------------------------------------- 

ASIC MT7621A DualCore (MAC to MT7530 Mode)

DRAM_CONF_FROM: Auto-Detection 

DRAM_TYPE: DDR2 

DRAM bus: 16 bit

Xtal Mode=3 OCP Ratio=1/4

Flash component: SPI Flash

Date:Jan 15 2016  Time:09:47:18

============================================ 

icache: sets:256, ways:4, linesz:32 ,total:32768

dcache: sets:256, ways:4, linesz:32 ,total:32768 


 ##### The CPU freq = 880 MHZ #### 

 estimate memory size =128 Mbytes

#Reset_MT7530


Please choose the operation: 

   1: Load system code to SDRAM via TFTP. 

   2: Load system code then write to Flash via TFTP. 

   3: Boot system code via Flash (default).

   4: Entr boot command line interface.

   7: Load Boot Loader code then write to Flash via Serial. 

   9: Load Boot Loader code then write to Flash via TFTP. 

 4  3  2  1  0 

bootcount: 0

   

3: System Boot system code via Flash.

Erasing SPI Flash...

.

Writing to SPI Flash...

.

done

## Booting image at bc050000 ...

   Image Name:   MIPS LEDE Linux-4.4.79

   Image Type:   MIPS Linux Kernel Image (lzma compressed)

   Data Size:    1666235 Bytes =  1.6 MB

   Load Address: 80001000

   Entry Point:  80001000

   Verifying Checksum ... OK

   Uncompressing Kernel Image ... OK

No initrd

## Transferring control to Linux (at address 80001000) ...

## Giving linux memsize in MB, 128


Starting kernel ...


[    0.000000] Linux version 4.4.79 (salvatore@sk-prog2) (gcc version 5.4.0 (LEDE GCC 5.4.0 r3531-88f72090c9) ) #0 SMP Thu Feb 11 14:43:56 2021
[    0.000000] SoC Type: MediaTek MT7621 ver:1 eco:3
[    0.000000] bootconsole [early0] enabled
[    0.000000] CPU0 revision is: 0001992f (MIPS 1004Kc)
[    0.000000] MIPS: machine is SamKnows Whitebox 8
[    0.000000] Determined physical RAM map:
[    0.000000]  memory: 08000000 @ 00000000 (usable)
[    0.000000] Initrd not found or empty - disabling initrd
[    0.000000] Zone ranges:
[    0.000000]   Normal   [mem 0x0000000000000000-0x0000000007ffffff]
[    0.000000]   HighMem  empty
[    0.000000] Movable zone start for each node
[    0.000000] Early memory node ranges
[    0.000000]   node   0: [mem 0x0000000000000000-0x0000000007ffffff]
[    0.000000] Initmem setup node 0 [mem 0x0000000000000000-0x0000000007ffffff]
[    0.000000] VPE topology {2,2} total 4
[    0.000000] Primary instruction cache 32kB, VIPT, 4-way, linesize 32 bytes.
[    0.000000] Primary data cache 32kB, 4-way, PIPT, no aliases, linesize 32 bytes
[    0.000000] MIPS secondary cache 256kB, 8-way, linesize 32 bytes.
[    0.000000] PERCPU: Embedded 11 pages/cpu @8110c000 s13664 r8192 d23200 u45056
[    0.000000] Built 1 zonelists in Zone order, mobility grouping on.  Total pages: 32512
[    0.000000] Kernel command line: console=ttyS0,57600 rootfstype=squashfs,jffs2
[    0.000000] PID hash table entries: 512 (order: -1, 2048 bytes)
[    0.000000] Dentry cache hash table entries: 16384 (order: 4, 65536 bytes)
[    0.000000] Inode-cache hash table entries: 8192 (order: 3, 32768 bytes)
[    0.000000] Writing ErrCtl register=00030220
[    0.000000] Readback ErrCtl register=00030220
[    0.000000] Memory: 123972K/131072K available (3959K kernel code, 268K rwdata, 940K rodata, 260K init, 261K bss, 7100K reserved, 0K cma-reserved, 0K highmem)
[    0.000000] SLUB: HWalign=32, Order=0-3, MinObjects=0, CPUs=4, Nodes=1
[    0.000000] Hierarchical RCU implementation.
[    0.000000] NR_IRQS:256
[    0.000000] clocksource: GIC: mask: 0xffffffffffffffff max_cycles: 0xcaf478abb4, max_idle_ns: 440795247997 ns
[    0.000000] clocksource: MIPS: mask: 0xffffffff max_cycles: 0xffffffff, max_idle_ns: 4343773742 ns
[    0.000009] sched_clock: 32 bits at 440MHz, resolution 2ns, wraps every 4880645118ns
[    0.015517] Calibrating delay loop... 586.13 BogoMIPS (lpj=2930688)
[    0.080744] pid_max: default: 32768 minimum: 301
[    0.090069] Mount-cache hash table entries: 1024 (order: 0, 4096 bytes)
[    0.103085] Mountpoint-cache hash table entries: 1024 (order: 0, 4096 bytes)
[    0.118283] Performance counters: mips/1004K PMU enabled, 2 32-bit counters available to each CPU, irq 9
[    0.140011] Primary instruction cache 32kB, VIPT, 4-way, linesize 32 bytes.
[    0.140024] Primary data cache 32kB, 4-way, PIPT, no aliases, linesize 32 bytes
[    0.140038] MIPS secondary cache 256kB, 8-way, linesize 32 bytes.
[    0.140223] CPU1 revision is: 0001992f (MIPS 1004Kc)
[    0.247653] Synchronize counters for CPU 1: done.
[    0.267828] Primary instruction cache 32kB, VIPT, 4-way, linesize 32 bytes.
[    0.267835] Primary data cache 32kB, 4-way, PIPT, no aliases, linesize 32 bytes
[    0.267842] MIPS secondary cache 256kB, 8-way, linesize 32 bytes.
[    0.267921] CPU2 revision is: 0001992f (MIPS 1004Kc)
[    0.367874] Synchronize counters for CPU 2: done.
[    0.378658] Primary instruction cache 32kB, VIPT, 4-way, linesize 32 bytes.
[    0.378665] Primary data cache 32kB, 4-way, PIPT, no aliases, linesize 32 bytes
[    0.378671] MIPS secondary cache 256kB, 8-way, linesize 32 bytes.
[    0.378760] CPU3 revision is: 0001992f (MIPS 1004Kc)
[    0.487490] Synchronize counters for CPU 3: done.
[    0.496920] Brought up 4 CPUs
[    0.506264] clocksource: jiffies: mask: 0xffffffff max_cycles: 0xffffffff, max_idle_ns: 19112604462750000 ns
[    0.525772] futex hash table entries: 1024 (order: 3, 32768 bytes)
[    0.538480] pinctrl core: initialized pinctrl subsystem
[    0.549417] NET: Registered protocol family 16
[    0.599064] pull PCIe RST: RALINK_RSTCTRL = 0
[    0.907785] release PCIe RST: RALINK_RSTCTRL = 7000000
[    0.917848] ***** Xtal 40MHz *****
[    0.924579] release PCIe RST: RALINK_RSTCTRL = 7000000
[    0.934784] Port 0 N_FTS = 1b105000
[    0.941683] Port 1 N_FTS = 1b105000
[    0.948607] Port 2 N_FTS = 1b102800
[    2.106278] PCIE2 no card, disable it(RST&CLK)
[    2.114961]  -> 21007f2
[    2.119785] PCIE0 enabled
[    2.124981] PCIE1 enabled
[    2.130158] PCI host bridge /pcie@1e140000 ranges:
[    2.139684]  MEM 0x0000000060000000..0x000000006fffffff
[    2.150045]   IO 0x000000001e160000..0x000000001e16ffff
[    2.160415] PCI coherence region base: 0x60000000, mask/settings: 0xf0000002
[    2.206023] mt7621_gpio 1e000600.gpio: registering 32 gpios
[    2.217147] mt7621_gpio 1e000600.gpio: registering 32 gpios
[    2.228188] mt7621_gpio 1e000600.gpio: registering 32 gpios
[    2.240398] PCI host bridge to bus 0000:00
[    2.248416] pci_bus 0000:00: root bus resource [mem 0x60000000-0x6fffffff]
[    2.262074] pci_bus 0000:00: root bus resource [io  0xffffffff]
[    2.273820] pci_bus 0000:00: root bus resource [??? 0x00000000 flags 0x0]
[    2.287295] pci_bus 0000:00: No busn resource found for root bus, will use [bus 00-ff]
[    2.305011] pci 0000:00:00.0: BAR 0: no space for [mem size 0x80000000]
[    2.318035] pci 0000:00:00.0: BAR 0: failed to assign [mem size 0x80000000]
[    2.331856] pci 0000:00:01.0: BAR 0: no space for [mem size 0x80000000]
[    2.344977] pci 0000:00:01.0: BAR 0: failed to assign [mem size 0x80000000]
[    2.358806] pci 0000:00:00.0: BAR 8: assigned [mem 0x60000000-0x600fffff]
[    2.372285] pci 0000:00:00.0: BAR 9: assigned [mem 0x60100000-0x601fffff pref]
[    2.386626] pci 0000:00:01.0: BAR 8: assigned [mem 0x60200000-0x602fffff]
[    2.400105] pci 0000:00:01.0: BAR 9: assigned [mem 0x60300000-0x603fffff pref]
[    2.414447] pci 0000:00:00.0: BAR 1: assigned [mem 0x60400000-0x6040ffff]
[    2.427931] pci 0000:00:01.0: BAR 1: assigned [mem 0x60410000-0x6041ffff]
[    2.441414] pci 0000:01:00.0: BAR 0: assigned [mem 0x60000000-0x600fffff 64bit]
[    2.455929] pci 0000:01:00.0: BAR 6: assigned [mem 0x60100000-0x6010ffff pref]
[    2.470262] pci 0000:00:00.0: PCI bridge to [bus 01]
[    2.480099] pci 0000:00:00.0:   bridge window [mem 0x60000000-0x600fffff]
[    2.493588] pci 0000:00:00.0:   bridge window [mem 0x60100000-0x601fffff pref]
[    2.507936] pci 0000:02:00.0: BAR 0: assigned [mem 0x60200000-0x602fffff 64bit]
[    2.522457] pci 0000:02:00.0: BAR 6: assigned [mem 0x60300000-0x6030ffff pref]
[    2.536785] pci 0000:00:01.0: PCI bridge to [bus 02]
[    2.546625] pci 0000:00:01.0:   bridge window [mem 0x60200000-0x602fffff]
[    2.560115] pci 0000:00:01.0:   bridge window [mem 0x60300000-0x603fffff pref]
[    2.574467] BAR0 at slot 0 = 0
[    2.580485] bus=0x0, slot = 0x0
[    2.586724] BAR0 at slot 1 = 0
[    2.592751] bus=0x0, slot = 0x1
[    2.599000] bus=0x1, slot = 0x0, irq=0xff
[    2.606934] bus=0x2, slot = 0x1, irq=0xff
[    2.616076] clocksource: Switched to clocksource GIC
[    2.640454] NET: Registered protocol family 2
[    2.649769] TCP established hash table entries: 1024 (order: 0, 4096 bytes)
[    2.663502] TCP bind hash table entries: 1024 (order: 1, 8192 bytes)
[    2.676109] TCP: Hash tables configured (established 1024 bind 1024)
[    2.688792] UDP hash table entries: 256 (order: 1, 8192 bytes)
[    2.700315] UDP-Lite hash table entries: 256 (order: 1, 8192 bytes)
[    2.713013] NET: Registered protocol family 1
[    2.955988] 4 CPUs re-calibrate udelay(lpj = 2924544)
[    2.967797] Crashlog allocated RAM at address 0x3f00000
[    2.987434] squashfs: version 4.0 (2009/01/31) Phillip Lougher
[    2.998977] jffs2: version 2.2 (NAND) (SUMMARY) (LZMA) (RTIME) (CMODE_PRIORITY) (c) 2001-2006 Red Hat, Inc.
[    3.021026] io scheduler noop registered
[    3.028746] io scheduler deadline registered (default)
[    3.039428] Serial: 8250/16550 driver, 3 ports, IRQ sharing disabled
[    3.053249] console [ttyS0] disabled
[    3.060284] 1e000c00.uartlite: ttyS0 at MMIO 0x1e000c00 (irq = 33, base_baud = 3125000) is a 16550A
[    3.078236] console [ttyS0] enabled
[    3.078236] console [ttyS0] enabled
[    3.092015] bootconsole [early0] disabled
[    3.092015] bootconsole [early0] disabled
[    3.109384] MediaTek Nand driver init, version v2.1 Fix AHB virt2phys error
[    3.123667] spi-mt7621 1e000b00.spi: sys_freq: 50000000
[    3.135075] m25p80 spi32766.0: using chunked io (size=32)
[    3.145878] m25p80 spi32766.0: w25q128 (16384 Kbytes)
[    3.155986] 5 ofpart partitions found on MTD device spi32766.0
[    3.167597] Creating 5 MTD partitions on ""spi32766.0"":
[    3.177828] 0x000000000000-0x000000030000 : ""u-boot""
[    3.189083] 0x000000030000-0x000000040000 : ""u-boot-env""
[    3.200914] 0x000000040000-0x000000050000 : ""factory""
[    3.212203] 0x000000050000-0x000000e30000 : ""firmware""
[    3.247373] 2 uimage-fw partitions found on MTD device firmware
[    3.259183] 0x000000050000-0x0000001e6cfb : ""kernel""
[    3.270277] 0x0000001e6cfb-0x000000e30000 : ""rootfs""
[    3.281275] mtd: device 5 (rootfs) set to be root filesystem
[    3.292661] 1 squashfs-split partitions found on MTD device rootfs
[    3.304974] 0x000000bd0000-0x000000e30000 : ""rootfs_data""
[    3.317087] 0x000000e30000-0x000001000000 : ""recovery""
[    3.329332] netif_napi_add() called with weight 128 on device eth%d
[    3.408081] libphy: mdio: probed
[    4.814075] mtk_soc_eth 1e100000.ethernet: loaded mt7530 driver
[    4.826711] mtk_soc_eth 1e100000.ethernet eth0: mediatek frame engine at 0xbe100000, irq 10
[    4.844381] mt7621_wdt 1e000100.wdt: Initialized
[    4.855413] NET: Registered protocol family 10
[    4.865634] NET: Registered protocol family 17
[    4.874595] bridge: automatic filtering via arp/ip/ip6tables has been deprecated. Update your scripts to load br_netfilter if you need this.
[    4.899708] 8021q: 802.1Q VLAN Support v1.8
[    4.910693] hctosys: unable to open rtc device (rtc0)
[    4.927715] VFS: Mounted root (squashfs filesystem) readonly on device 31:5.
[    4.942470] Freeing unused kernel memory: 260K (8050f000 - 80550000)
[    5.154195] random: nonblocking pool is initialized
[    6.168122] mtk_soc_eth 1e100000.ethernet eth0: port 4 link up
[    6.719645] mtk_soc_eth 1e100000.ethernet eth0: port 0 link up
[    7.060026] init: Console is alive
[    7.067099] init: - watchdog -
[    8.574587] kmodloader: loading kernel modules from /etc/modules-boot.d/*
[    8.665172] usbcore: registered new interface driver usbfs
[    8.676285] usbcore: registered new interface driver hub
[    8.687066] usbcore: registered new device driver usb
[    8.708062] xhci-mtk 1e1c0000.xhci: xHCI Host Controller
[    8.718735] xhci-mtk 1e1c0000.xhci: new USB bus registered, assigned bus number 1
[    8.746258] xhci-mtk 1e1c0000.xhci: hcc params 0x01401198 hci version 0x96 quirks 0x00210010
[    8.763144] xhci-mtk 1e1c0000.xhci: irq 29, io mem 0x1e1c0000
[    8.775642] hub 1-0:1.0: USB hub found
[    8.783249] hub 1-0:1.0: 2 ports detected
[    8.791698] xhci-mtk 1e1c0000.xhci: xHCI Host Controller
[    8.802304] xhci-mtk 1e1c0000.xhci: new USB bus registered, assigned bus number 2
[    8.817374] usb usb2: We don't know the algorithms for LPM for this host, disabling LPM.
[    8.834394] hub 2-0:1.0: USB hub found
[    8.841947] hub 2-0:1.0: 1 port detected
[    8.852295] kmodloader: done loading kernel modules from /etc/modules-boot.d/*
[    8.886442] init: - preinit -
Press the [1], [2], [3] or [4] key and hit [enter] to select the debug level
[   11.784817] mount_root: loading kmods from internal overlay
[   11.823616] kmodloader: loading kernel modules from //etc/modules-boot.d/*
[   11.840342] kmodloader: done loading kernel modules from //etc/modules-boot.d/*
[   12.263423] block: attempting to load /etc/config/fstab
[   12.275421] block: unable to load configuration (fstab: Entry not found)
[   12.288880] block: no usable configuration
[   12.298067] mount_root: jffs2 not ready yet, using temporary tmpfs overlay
[   12.320220] urandom-seed: Seed file not found (/etc/urandom.seed)
[   12.423103] procd: - early -
[   12.429006] procd: - watchdog -
Failed to connect to ubus
[   13.106418] procd: - watchdog -
[   13.113049] procd: - ubus -
[   13.514030] procd: - init -
[   13.839506] kmodloader: loading kernel modules from /etc/modules.d/*
[   13.853893] Loading modules backported from Linux version wt-2017-01-31-0-ge882dff19e7f
[   13.869870] Backport generated by backports.git backports-20160324-13-g24da7d3c
[   13.965608] mt76x2e 0000:01:00.0: ASIC revision: 76120044
[   13.996063] mt76x2e 0000:01:00.0: ROM patch already applied
[   14.075721] mt76x2e 0000:01:00.0: Firmware Version: 0.0.00
[   14.086730] mt76x2e 0000:01:00.0: Build: 1
[   14.094867] mt76x2e 0000:01:00.0: Build Time: 201507311614____
[   14.126065] mt76x2e 0000:01:00.0: Firmware running!
[   14.141180] mt76x2e 0000:02:00.0: ASIC revision: 76120044
[   14.176142] mt76x2e 0000:02:00.0: ROM patch already applied
[   14.188140] mt76x2e 0000:02:00.0: Firmware Version: 0.0.00
[   14.199101] mt76x2e 0000:02:00.0: Build: 1
[   14.207271] mt76x2e 0000:02:00.0: Build Time: 201507311614____
[   14.236114] mt76x2e 0000:02:00.0: Firmware running!
[   14.251513] kmodloader: done loading kernel modules from /etc/modules.d/*
[   18.895737] jffs2_scan_eraseblock(): End of filesystem marker found at 0x0
[   18.909544] jffs2_build_filesystem(): unlocking the mtd device... done.
[   18.922793] jffs2_build_filesystem(): erasing all blocks after the end marker... done.
[   28.624007] jffs2: notice: (920) jffs2_build_xattr_subsystem: complete building xattr subsystem, 0 of xdatum (0 unchecked, 0 orphan) and 0 of xref (0 dead, 0 orphan) found.



===================================================================

     		MT7621   stage1 code Mar 12 2015 14:43:30 (ASIC)

     		CPU=500000000 HZ BUS=125000000 HZ

==================================================================

Change MPLL source from XTAL to CR...

do MEMPLL setting..

MEMPLL Config : 0x31100000

3PLL mode + External loopback

=== XTAL-40Mhz === DDR-800Mhz ===

PLL4 FB_DL: 0xe, 1/0 = 626/398 39000000

PLL2 FB_DL: 0x10, 1/0 = 520/504 41000000

PLL3 FB_DL: 0x11, 1/0 = 528/496 45000000

do DDR setting..[01F40000]

Apply DDR2 Setting...(use customer AC)

          0    8   16   24   32   40   48   56   64   72   80   88   96  104  112  120

      --------------------------------------------------------------------------------

0000:|    0    0    0    0    0    0    0    0    0    0    0    0    0    0    0    0

0001:|    0    0    0    0    0    0    0    0    0    0    0    0    0    0    0    0

0002:|    0    0    0    0    0    0    0    0    0    0    0    0    0    0    0    0

0003:|    0    0    0    0    0    0    0    0    0    0    0    0    0    0    0    0

0004:|    0    0    0    0    0    0    0    0    0    0    0    0    0    0    0    0

0005:|    0    0    0    0    0    0    0    0    0    0    0    0    0    0    0    0

0006:|    0    0    0    0    0    0    0    0    0    0    0    0    0    1    1    1

0007:|    0    0    0    0    0    0    1    1    1    1    1    1    1    1    1    1

0008:|    1    1    1    1    1    1    1    1    1    1    1    1    0    0    0    0

0009:|    1    1    1    1    0    0    0    0    0    0    0    0    0    0    0    0

000A:|    0    0    0    0    0    0    0    0    0    0    0    0    0    0    0    0

000B:|    0    0    0    0    0    0    0    0    0    0    0    0    0    0    0    0

000C:|    0    0    0    0    0    0    0    0    0    0    0    0    0    0    0    0

000D:|    0    0    0    0    0    0    0    0    0    0    0    0    0    0    0    0

000E:|    0    0    0    0    0    0    0    0    0    0    0    0    0    0    0    0

000F:|    0    0    0    0    0    0    0    0    0    0    0    0    0    0    0    0

0010:|    0    0    0    0    0    0    0    0    0    0    0    0    0    0    0    0

0011:|    0    0    0    0    0    0    0    0    0    0    0    0    0    0    0    0

0012:|    0    0    0    0    0    0    0    0    0    0    0    0    0    0    0    0

0013:|    0    0    0    0    0    0    0    0    0    0    0    0    0    0    0    0

0014:|    0    0    0    0    0    0    0    0    0    0    0    0    0    0    0    0

0015:|    0    0    0    0    0    0    0    0    0    0    0    0    0    0    0    0

0016:|    0    0    0    0    0    0    0    0    0    0    0    0    0    0    0    0

0017:|    0    0    0    0    0    0    0    0    0    0    0    0    0    0    0    0

0018:|    0    0    0    0    0    0    0    0    0    0    0    0    0    0    0    0

0019:|    0    0    0    0    0    0    0    0    0    0    0    0    0    0    0    0

001A:|    0    0    0    0    0    0    0    0    0    0    0    0    0    0    0    0

001B:|    0    0    0    0    0    0    0    0    0    0    0    0    0    0    0    0

001C:|    0    0    0    0    0    0    0    0    0    0    0    0    0    0    0    0

001D:|    0    0    0    0    0    0    0    0    0    0    0    0    0    0    0    0

001E:|    0    0    0    0    0    0    0    0    0    0    0    0    0    0    0    0

001F:|    0    0    0    0    0    0    0    0    0    0    0    0    0    0    0    0

DRAMC_DQSCTL1[0e0]=1A000000

DRAMC_DQSGCTL[124]=80000000

rank 0 coarse = 8

rank 0 fine = 48

B:|    0    0    0    0    0    1    1    1    0    0    0    0    0    0    0    0

opt_dle value:6

DRAMC_DDR2CTL[07c]=40001263

DRAMC_PADCTL4[0e4]=00000005

DRAMC_DQIDLY1[210]=0B080708

DRAMC_DQIDLY2[214]=06070708

DRAMC_DQIDLY3[218]=0C090A08

DRAMC_DQIDLY4[21c]=0B080B09

DRAMC_R0DELDLY[018]=00002D2C

==================================================================

		RX	DQS perbit delay software calibration 

==================================================================

1.0-15 bit dq delay value

==================================================================

bit|     0  1  2  3  4  5  6  7  8  9

--------------------------------------

0 |    7 7 7 9 7 6 6 5 7 9 

10 |    9 11 8 10 7 10 

--------------------------------------


==================================================================

2.dqs window

x=pass dqs delay value (min~max)center 

y=0-7bit DQ of every group

input delay:DQS0 =44 DQS1 = 45

==================================================================

bit	DQS0	 bit      DQS1

0  (1~86)43  8  (1~87)44

1  (1~88)44  9  (1~88)44

2  (1~86)43  10  (1~89)45

3  (1~84)42  11  (1~88)44

4  (1~85)43  12  (1~88)44

5  (1~85)43  13  (1~87)44

6  (1~86)43  14  (1~88)44

7  (1~85)43  15  (1~88)44

==================================================================

3.dq delay value last

==================================================================

bit|    0  1  2  3  4  5  6  7  8   9

--------------------------------------

0 |    8 7 8 11 8 7 7 6 8 10 

10 |    9 12 9 11 8 11 

==================================================================

==================================================================

     TX  perbyte calibration 

==================================================================

DQS loop = 15, cmp_err_1 = ffff0000 

dqs_perbyte_dly.last_dqsdly_pass[0]=15,  finish count=1 

dqs_perbyte_dly.last_dqsdly_pass[1]=15,  finish count=2 

DQ loop=15, cmp_err_1 = ffff0000

dqs_perbyte_dly.last_dqdly_pass[0]=15,  finish count=1 

dqs_perbyte_dly.last_dqdly_pass[1]=15,  finish count=2 

byte:0, (DQS,DQ)=(8,8)

byte:1, (DQS,DQ)=(8,8)

DRAMC_DQODLY1[200]=88888888

DRAMC_DQODLY2[204]=88888888

20,data:88

[EMI] DRAMC calibration passed



===================================================================

     		MT7621   stage1 code done 

     		CPU=500000000 HZ BUS=125000000 HZ

===================================================================



U-Boot 1.1.3 (Jan 15 2016 - 09:47:18)


Board: Ralink APSoC DRAM:  128 MB

relocate_code Pointer at: 87fb8000


Config XHCI 40M PLL 

flash manufacture id: ef, device id 40 18

find flash: W25Q128BV

============================================ 

Ralink UBoot Version: 4.3.0.0

-------------------------------------------- 

ASIC MT7621A DualCore (MAC to MT7530 Mode)

DRAM_CONF_FROM: Auto-Detection 

DRAM_TYPE: DDR2 

DRAM bus: 16 bit

Xtal Mode=3 OCP Ratio=1/4

Flash component: SPI Flash

Date:Jan 15 2016  Time:09:47:18

============================================ 

icache: sets:256, ways:4, linesz:32 ,total:32768

dcache: sets:256, ways:4, linesz:32 ,total:32768 


 ##### The CPU freq = 880 MHZ #### 

 estimate memory size =128 Mbytes

#Reset_MT7530


Please choose the operation: 

   1: Load system code to SDRAM via TFTP. 

   2: Load system code then write to Flash via TFTP. 

   3: Boot system code via Flash (default).

   4: Entr boot command line interface.

   7: Load Boot Loader code then write to Flash via Serial. 

