id,title,username,language,date,content
TeYExatu,Untitled,Josif_tepe,C++,Friday 14th of June 2024 12:00:24 PM CDT,"#include <iostream>
using namespace std;

int main()
{
  int n;
  cin >> n;

  int niza[n];
  for(int i = 0; i < n; i++) {
    cin >> niza[i];
  }

  int zbir = 0;
  for(int i = 0; i < n; i++) {
    zbir += niza[i];
  }

  cout << zbir << endl;
   return 0;
}
 "
kMPuXmmD,Untitled,Josif_tepe,C++,Friday 14th of June 2024 11:56:24 AM CDT,"#include <iostream>
using namespace std;

int main()
{
    int n;
    cin >> n;

    int niza[n];

    for(int i = 0; i < n; i++) {
      cin >> niza[i];
    }

    for(int i = 0; i < n; i++) {
      cout << niza[i] << "" "";
    }


    return 0;
}
 "
F6ycaLid,"""Buzzer Relay"" rev_01",pleasedontcode,Arduino,Friday 14th of June 2024 11:53:06 AM CDT,"/********* Pleasedontcode.com **********

	Pleasedontcode thanks you for automatic code generation! Enjoy your code!

	- Terms and Conditions:
	You have a non-exclusive, revocable, worldwide, royalty-free license
	for personal and commercial use. Attribution is optional; modifications
	are allowed, but you're responsible for code maintenance. We're not
	liable for any loss or damage. For full terms,
	please visit pleasedontcode.com/termsandconditions.

	- Project: ""Buzzer Relay""
	- Source Code NOT compiled for: Arduino Nano ESP32
	- Source Code created on: 2024-06-14 16:51:43

********* Pleasedontcode.com **********/

/****** SYSTEM REQUIREMENTS *****/
/****** SYSTEM REQUIREMENT 1 *****/
	/* This code will program an arduino nano to */
	/* communicate and operate my cube hopper mk2 via */
	/* rs232 so that when  an icp pa7 bill acceptor take */
	/* a dollor it gives out 4 quarters  every time a */
	/* dollar is accepted turn on buzzer for 500ms */
/****** END SYSTEM REQUIREMENTS *****/

/****** DEFINITION OF LIBRARIES *****/
#include <ezBuzzer.h>  // https://github.com/ArduinoGetStarted/buzzer
#include <Relay.h>     // https://github.com/rafaelnsantos/Relay
#include <HardwareSerial.h> // For RS232 communication

/****** FUNCTION PROTOTYPES *****/
void setup(void);
void loop(void);
void updateOutputs(void);
void checkBillAcceptor(void);

/***** DEFINITION OF DIGITAL OUTPUT PINS *****/
const uint8_t buzz1_PassiveBuzzer_Signal_PIN_D2 = 2;
const uint8_t myRelayModule_RelayModule_Signal_PIN_D3 = 3;

/***** DEFINITION OF OUTPUT RAW VARIABLES *****/
/***** used to store raw data *****/
bool buzz1_PassiveBuzzer_Signal_PIN_D2_rawData = 0;
bool myRelayModule_RelayModule_Signal_PIN_D3_rawData = 0;

/***** DEFINITION OF OUTPUT PHYSICAL VARIABLES *****/
/***** used to store data after characteristic curve transformation *****/
float buzz1_PassiveBuzzer_Signal_PIN_D2_phyData = 0.0;
float myRelayModule_RelayModule_Signal_PIN_D3_phyData = 0.0;

/****** DEFINITION OF LIBRARIES CLASS INSTANCES*****/
ezBuzzer buzzer(buzz1_PassiveBuzzer_Signal_PIN_D2);  // Initialize ezBuzzer object with the pin
Relay myRelay(myRelayModule_RelayModule_Signal_PIN_D3, true); // Initialize Relay object with the pin and Normally Open configuration

void setup(void) {
  // put your setup code here, to run once:
  Serial.begin(9600); // Initialize RS232 communication
  pinMode(buzz1_PassiveBuzzer_Signal_PIN_D2, OUTPUT);
  myRelay.begin(); // Initialize the relay pin
}

void loop(void) {
  // put your main code here, to run repeatedly:
  buzzer.loop();  // Call the buzzer.loop() function in loop()
  checkBillAcceptor(); // Check if a dollar is accepted
  updateOutputs();  // Refresh output data
}

void updateOutputs() {
  digitalWrite(buzz1_PassiveBuzzer_Signal_PIN_D2, buzz1_PassiveBuzzer_Signal_PIN_D2_rawData);
  if (myRelayModule_RelayModule_Signal_PIN_D3_rawData) {
    myRelay.turnOn();  // Turn relay on
  } else {
    myRelay.turnOff(); // Turn relay off
  }
}

void checkBillAcceptor() {
  if (Serial.available() > 0) {
    int receivedByte = Serial.read();
    // Assuming the bill acceptor sends a specific byte when a dollar is accepted
    if (receivedByte == 'D') { // Replace 'D' with the actual byte sent by the bill acceptor
      // Dollar accepted
      buzzer.beep(500); // Turn on buzzer for 500ms
      for (int i = 0; i < 4; i++) {
        myRelay.turnOn();  // Turn relay on to dispense a quarter
        delay(250);        // Adjust delay as needed for the dispensing mechanism
        myRelay.turnOff(); // Turn relay off
        delay(250);        // Adjust delay as needed for the dispensing mechanism
      }
    }
  }
}

/* END CODE */"
9c7Sa55s,Untitled,Josif_tepe,C++,Friday 14th of June 2024 11:49:37 AM CDT,"#include <iostream>
using namespace std;

int main()
{
    int niza[5];

    niza[0] = 10;
    niza[1] = 20;
    niza[2] = 30;
    niza[3] = 40;
    niza[4] = 50;

    int proizvod = 1;
    for(int i = 0; i < 5; i++) {
        proizvod *= niza[i];
    }
    cout << proizvod << endl;
    


    return 0;
}
 "
d6Lfz5yt,Untitled,roynesh,Python,Friday 14th of June 2024 11:48:40 AM CDT,"#!/usr/bin/env python3

import time
import random
import logging
from selenium import webdriver
from selenium.webdriver.common.by import By
from selenium.webdriver.common.keys import Keys

try:
    # Replace with the path to your WebDriver
    driver_path = '/path/to/chromedriver'
    driver = webdriver.Chrome(executable_path=driver_path)

    # Open the website
    driver.get('https://kenyawebexperts.co.ke')

    # Allow the page to load
    time.sleep(1)

    # Locate and click the login button/link
    login_button = driver.find_element(By.LINK_TEXT, 'Customer Login')
    login_button.click()

    # Allow the login page to load
    time.sleep(1)

    # Enter email
    email_field = driver.find_element(By.NAME, 'Email Address')
    email_field.send_keys('roy.munene3@gmail.com')

    # Enter password
    password_field = driver.find_element(By.NAME, 'Password')
    password_field.send_keys('@royALL888')

    # Submit the login form
    password_field.send_keys(Keys.RETURN)

    # Allow some time to login
    time.sleep(1)

    invoice_link = driver.find_element(By.NAME, 'Invoices')
    invoice_link.click()
    
    invoice_850 = driver.find_element(By.NAME, '437095')
    invoice_850.click()
    
    number_field = driver.find_element(By.NAME, 'phonenumber')
    number_field.clear()

    # Function for random number generation
    def generate_phone_number():
        # Generate the remaining 8 digits
        remaining_digits = ''.join(random.choices('0123456789', k=8))
        # Combine the starting '7' with the remaining digits
        phone_number = '7' + remaining_digits
        return phone_number

    # Generate a list of phone numbers
    def generate_phone_numbers(count):
        return [generate_phone_number() for _ in range(count)]

    # Example usage: Generate 10 random phone numbers
    phone_numbers = generate_phone_numbers(1)
    for generated_number in phone_numbers:
        # print(generated_number)
        number_field.send_keys('716004672')

    number_field.send_keys(Keys.RETURN)

    time.sleep(1)

    logging.basicConfig(level=logging.ERROR)

except Exception as e:
    logging.error(f""An error occurred: {e}"", exc_info=True)
    print(f""An error occurred: {e}"")

# You can add additional actions here if needed

# Close the browser
# driver.quit()
# driver.close()
# driver.switch_to.window(driver.window_handles[0])
"
MmJa4P9N,Untitled,Josif_tepe,C++,Friday 14th of June 2024 11:47:31 AM CDT,"#include <iostream>
using namespace std;

int main()
{
    int niza[5];

    niza[0] = 10;
    niza[1] = 20;
    niza[2] = 30;
    niza[3] = 40;
    niza[4] = 50;

    int zbir = 0;
    for(int i = 0; i < 5; i++) {
        zbir += niza[i];
    }
    cout << zbir << endl;
    


    return 0;
}
 "
gPWCeiAS,Untitled,Josif_tepe,C++,Friday 14th of June 2024 11:45:21 AM CDT,"#include <iostream>
using namespace std;

int main()
{
    int niza[5];

    niza[0] = 10;
    niza[1] = 20;
    niza[2] = 30;
    niza[3] = 40;
    niza[4] = 50;

    for(int i = 0; i < 5; i++) {
        cout << niza[i] << "" "";
    }
    


    return 0;
}
 "
GriGrmFp,Untitled,roynesh,Python,Friday 14th of June 2024 11:41:47 AM CDT,"#!/usr/bin/env python3

import time
import random
import logging
from selenium import webdriver
from selenium.webdriver.common.by import By
from selenium.webdriver.common.keys import Keys

try:
    # Replace with the path to your WebDriver
    driver_path = '/path/to/chromedriver'
    driver = webdriver.Chrome(executable_path=driver_path)

    # Open the website
    driver.get('https://kenyawebexperts.co.ke')

    # Allow the page to load
    time.sleep(1)

    # Locate and click the login button/link
    login_button = driver.find_element(By.LINK_TEXT, 'Customer Login')
    login_button.click()

    # Allow the login page to load
    time.sleep(1)

    # Enter email
    email_field = driver.find_element(By.NAME, 'Email Address')
    email_field.send_keys('roy.munene3@gmail.com')

    # Enter password
    password_field = driver.find_element(By.NAME, 'Password')
    password_field.send_keys('@royALL888')

    # Submit the login form
    password_field.send_keys(Keys.RETURN)

    # Allow some time to login
    time.sleep(1)

    invoice_link = driver.find_element(By.NAME, 'Invoices')
    invoice_link.click()
    
    invoice_850 = driver.find_element(By.NAME, '437095')
    invoice_850.click()
    
    number_field = driver.find_element(By.NAME, 'phonenumber')
    number_field.clear()

    # Function for random number generation
    def generate_phone_number():
        # Generate the remaining 8 digits
        remaining_digits = ''.join(random.choices('0123456789', k=8))
        # Combine the starting '7' with the remaining digits
        phone_number = '7' + remaining_digits
        return phone_number

    # Generate a list of phone numbers
    def generate_phone_numbers(count):
        return [generate_phone_number() for _ in range(count)]

    # Example usage: Generate 10 random phone numbers
    phone_numbers = generate_phone_numbers(10)
    for generated_number in phone_numbers:
        # print(generated_number)
        number_field.send_keys(generated_number)

    number_field.send_keys(Keys.RETURN)

    time.sleep(1)

    logging.basicConfig(level=logging.ERROR)

except Exception as e:
    logging.error(f""An error occurred: {e}"", exc_info=True)
    print(f""An error occurred: {e}"")

# You can add additional actions here if needed

# Close the browser
# driver.quit()
# driver.close()
# driver.switch_to.window(driver.window_handles[0])
"
85iV1tgZ,Clash,Akun32,JSON,Friday 14th of June 2024 11:41:15 AM CDT,"port: 7890
socks-port: 7891
redir-port: 7892
mixed-port: 7893
tproxy-port: 7895
ipv6: false
mode: rule
log-level: silent
allow-lan: true
external-controller: 0.0.0.0:9090
secret: """"
bind-address: ""*""
unified-delay: true
profile:
  store-selected: true
dns:
  enable: true
  ipv6: false
  enhanced-mode: redir-host
  listen: 0.0.0.0:7874
  nameserver:
    - 8.8.8.8
    - 1.0.0.1
    - https://dns.google/dns-query
  fallback:
    - 1.1.1.1
    - 8.8.4.4
    - https://cloudflare-dns.com/dns-query
    - 112.215.203.254
  default-nameserver:
    - 8.8.8.8
    - 1.1.1.1
    - 112.215.203.254
proxies:
  - name: TRUE NO PRO
    server: 104.18.10.207
    port: 443
    type: vless
    uuid: 4d6f6d8e-061e-42f9-86bd-678b616f16bb
    cipher: auto
    tls: true
    skip-cert-verify: true
    servername: sg.gratis1.us.kg
    network: ws
    ws-opts:
      path: /vless-ws
      headers:
        Host: sg.gratis1.us.kg
    udp: true
  - name: TRUE SOCIAL
    server: sg.gratis1.us.kg
    port: 443
    type: vless
    uuid: 4d6f6d8e-061e-42f9-86bd-678b616f16bb
    cipher: auto
    tls: true
    skip-cert-verify: true
    servername: fbcdn.net
    network: ws
    ws-opts:
      path: /vless-ws
      headers:
        Host: fbcdn.net
    udp: true
  - name: AIS
    server: sg.gratis1.us.kg
    port: 443
    type: vless
    uuid: 4d6f6d8e-061e-42f9-86bd-678b616f16bb
    cipher: auto
    tls: true
    skip-cert-verify: true
    servername: speedtest.ais.co.th
    network: ws
    ws-opts:
      path: /vless-ws
      headers:
        Host: speedtest.ais.co.th
    udp: true
  - name: DTAC SOCIAL
    server: 104.18.36.19
    port: 443
    type: vless
    uuid: 4d6f6d8e-061e-42f9-86bd-678b616f16bb
    cipher: auto
    tls: true
    skip-cert-verify: true
    servername: sg.gratis1.us.kg
    network: ws
    ws-opts:
      path: /vless-ws
      headers:
        Host: sg.gratis1.us.kg
    udp: true
proxy-groups:
  - name: FREEDOM
    type: select
    proxies:
      - TRUE NO PRO
      - TRUE SOCIAL
      - AIS
      - DTAC SOCIAL
rules:
  - MATCH,FREEDOM"
RexVRs0b,Untitled,Josif_tepe,C++,Friday 14th of June 2024 11:40:23 AM CDT,"#include <iostream>
using namespace std;

int main()
{
    int niza[5];

    niza[0] = 10;
    niza[1] = 20;
    niza[2] = 30;
    niza[3] = 40;
    niza[4] = 50;

    int zbir = niza[0] + niza[1] + niza[2] + niza[3] + niza[4];
    cout << zbir << endl;


    return 0;
}
 "
gKFj2UtB,Untitled,Josif_tepe,C++,Friday 14th of June 2024 11:17:29 AM CDT,"#include <iostream>
using namespace std;

int main()
{
    string s;
    getline(cin, s);

    cout << s << endl;
    return 0;
}
 "
VS11mMjS,Untitled,AlferZep,Python,Friday 14th of June 2024 11:15:07 AM CDT,"#---------------------SKILL USE---------------#
def skill_use(name, index, user, author):
    skill = ability.get(name, ability.get('none')).get(index) if user is author else mobs.get('skills').get(user, mobs.get('skills').get('other')).get(index)

    user_id = str(author.id)
    user_profile = profile.get(user_id, {})
    user_fight = user_profile.get('fight')
    user_stats = stats.get(user_id, {}) if user is author else user_fight.get(""stats"", {})
    user_name = author.name if user is author else user_fight.get(""name"")

    if user is author:
        if user_fight.get('uid'):
            enemy = user_fight.get('uid')
            enemy_id = str(enemy.id)
            enemy_name = enemy.name
            enemy_stats = stats.get(enemy_id)
        else:
            enemy_stats = user_fight.get(""stats"", {})
            enemy_name = user_fight.get('name')
    else:
        enemy_name = author.name
        enemy_stats = stats.get(user_id)

    name, skill_type, tick, damage, mp_decrease, aoe, acc, effect_chance = skill.get('name'), skill.get('type'), skill.get('tick', None), skill.get('dmg', 0), skill.get('-mp', 0), skill.get('aoe', 1), skill.get('acc', 100), skill.get('chance', 100)

    user_stats[""mpMin""] = user_stats.get(""mpMin"", 100) - mp_decrease

    skill_desc = f""{user_name} used {name}"" + (f"" and dealt {damage} damage."" if damage > 0 else ""."")

    desc = None
    effect_desc = []
    effect_fail_desc = []
    effect_stats = {}
    effects = user_stats.get('effects', [])
    print(effects)
    hp_increase = None
    damage = 0
    n = 0
    for i in enumerate(skill_type):
        chance = int(random.uniform(0, 100))
        effect_name = skill_type[n]
        if effect_name != ""dmg"" and not any(effect[""name""] == effect_name for effect in effects):
            if tick:
                if chance <= effect_chance:
                    if effect_name == ""stun"":
                        desc = ""stunned""
                        nodmg = True
                    elif effect_name == ""freeze"":
                        desc = ""freezing""
                        nodmg = True
                    elif effect_name == ""burn"":
                        desc = ""burning""
                    elif effect_name == ""bleed"":
                        desc = ""bleeding""
                    else:
                        desc = f""{name}""

                    if desc:
                        effect_desc.append(desc)

                    effect_stats['name'] = effect_name
                    effect_stats['tick'] = tick
                    effect_stats['dmg'] = damage if not nodmg else 0
                    effects.append(effect_stats)
                    effect_stats = {}

                else:
                    skill_type.pop(n)
                    n -= 1
                    if effect_name != ""dmg"":
                        print(effect_name)
                        effect_fail_desc.append(effect_name)

            elif effect_name == ""+hp"":
                hp_increase = skill.get('+hp')

        elif effect_name:
            skill_type.pop(n)
            n -= 1

        n += 1

    desc = skill_desc

    if effect_desc:
        desc = desc + f""\n{enemy_name} is "" + (f""{', '.join(effect_desc[:-1])} and {effect_desc[-1]}."" if len(effect_desc) >= 2 else f""{effect_desc[-1]}."")

    if effect_fail_desc:
        print(effect_fail_desc)
        desc = desc + f""\n{', '.join(effect_fail_desc)} effect did not work.""

    effect_desc, immobile, new_effects = user_effects(user, author)

    user_stats['effects'] = new_effects

    if not immobile:
        enemy_stats['hpMin'] = enemy_stats.get(""hpMin"", 100) - damage
        if hp_increase:
            user_stats[""hp""] = user_stats.get(""hp"", 100) + hp_increase

        if user_profile.get('uid'):
            user_profile['fight'] = user_fight
            enemy_stats['effects'] = effects
            stats[enemy_id] = enemy_stats
        else:
            enemy_stats['effects'] = effects
            user_fight[""stats""] = enemy_stats if user is author else user_stats
            user_profile['fight'] = user_fight

        stats[user_id] = user_stats if user is author else enemy_stats
        if effect_desc:
            desc = desc + f""\n{effect_desc}""

        profile[user_id] = user_profile

    else:
        desc = effect_desc

    modules.save_data()

    return desc, effects, new_effects"
TL4A8FPN,Untitled,Josif_tepe,C++,Friday 14th of June 2024 11:14:19 AM CDT,"#include <iostream>
using namespace std;

int main()
{
    string s;
    cin >> s;

    cout << s << endl; a
   
    return 0;
}
 "
9WJ5dRtN,GRDSGDRH,gadungw71,PHP,Friday 14th of June 2024 11:02:24 AM CDT,"•	https://www.scoop.it/topic/ver-intensa-mente-2-pelicula-completa-espanol-y-latino
•	https://www.scoop.it/topic/repelis-hd-intensa-mente-2-pelicula-completa-online-gratis-espanol-y-latino
•	https://www.scoop.it/topic/cuevana-3-ver-intensamente-2-2024-pelicula-completa-en-espanol-y-latino-by-rarawwwuu38-puvek-com
•	https://www.scoop.it/topic/cuevana-3-ver-intensamente-2-2024-pelicula-completa-en-espanol
•	https://www.scoop.it/topic/ver-hd-intensa-mente-2-2024-en-linea-pelicula-completa-gratis
•	https://www.scoop.it/topic/assistir-divertida-mente-2-dublado-online-e-legendado-em-portugues
•	https://www.scoop.it/topic/assistir-hd-divertida-mente-2-2024-filme-completo
•	https://www.scoop.it/topic/assistir-divertida-mente-2-online-dublado-e-legendado-2024-pt
•	https://www.imdb.com/list/ls547433384/
•	https://www.imdb.com/list/ls547433661
•	https://www.imdb.com/list/ls547433216/
•	https://www.imdb.com/list/ls547433405/
•	https://www.imdb.com/list/ls547433909/
•	https://www.imdb.com/list/ls547433992/
•	https://www.imdb.com/list/ls547436522/
•	https://www.imdb.com/list/ls547436769/
•	https://wiredforwar.org/topic/1170/cfadwrfwa-fawfawf
•	https://wandering.flarum.cloud/d/71084-sefgeb-segeshges
•	https://hiuderyy.hashnode.dev/sagitaaselule
•	https://click4r.com/posts/g/17115850/aselulee
•	https://medium.com/@rarawwwuu5/affesafseg-36fdb0d4de9a
•	https://www.onfeetnation.com/profiles/blogs/dsfsegseg
•	https://hackmd.io/@rerewilli6/rJ70B15rA
•	https://demo.hedgedoc.org/s/ZEH22W69v
•	https://rentry.co/u2rr468z
•	https://paste.ee/p/igFFa
•	https://yamcode.com/dsfsegseeehg
•	https://start.me/w/127Q9G
•	https://heylink.me/fany98/
•	https://tempaste.com/OYgBbATmjma
•	https://plaza.rakuten.co.jp/aryasantosso/diary/202406150000/
•	https://telegra.ph/SGFSEG-06-14
•	https://matters.town/a/eaxr76rulvbt
•	https://communityofbabel.com/en/forums/discussion/syrian-dialect-grammar/saafewsafseg
•	https://muckrack.com/covalro-welswsu/bio
•	https://profile.hatena.ne.jp/CAFAF/
•	https://www.bitsdujour.com/profiles/ODIuJc
•	http://aldenfamilydentistry.com/UserProfile/tabid/57/userId/804207/Default.aspx
"
uHU5VTLG,Untitled,MeehoweCK,C++,Friday 14th of June 2024 10:44:16 AM CDT,"#include <iostream>
#include <cstdlib>
#include <ctime>
using namespace std;
const int A = 15;
const auto MAX{ 1000 };


void wypelni(int tab[][A])
{

	for (int i = 0; i < A; ++i)
	{
		for (int j = 0; j < A; ++j)
		{
			tab[i][j] = rand() % MAX;
		}

	}
}

void wypisz(int tab[][A])
{
	for (int i = 0; i < A; ++i)
	{
		for (int j = 0; j < A; ++j)
		{
			cout << tab[i][j] << '\t';
		}
		cout << endl;
	}

}
void wartoscMinMax(int tab[][A])
{
	auto najmniejsza{ tab[0][0] }, najwieksza{ tab[0][0] };
	auto w_min{ 0 }, w_max{ 0 }, k_min{ 0 }, k_max{ 0 };
	// sprawdzenie pozostałych elementów zerowego wiersza:
	for (int i{ 1 }; i < A; ++i) {
		if (tab[0][i] < najmniejsza) {
			najmniejsza = tab[0][i];
			k_min = i;
		}
		else if (tab[0][i] > najwieksza) {
			najwieksza = tab[0][i];
			k_max = i;
		}
	}
	// sprawdzenie pozostałych elementów ostatniej kolumny:
	const auto k{ A - 1 };
	for (int i{ 1 }; i < A; ++i) {
		if (tab[0][i] < najmniejsza) {
			najmniejsza = tab[i][k];
			k_min = k;
			w_min = i;
		}
		else if (tab[0][i] > najwieksza) {
			najwieksza = tab[i][k];
			k_max = k;
			w_max = i;
		}
	}
	// sprawdzenie pozostałych elementów ostatniego wiersza:
	for (int i{ 0 }; i < k; ++i) {
		if (tab[k][i] < najmniejsza) {
			najmniejsza = tab[k][i];
			k_min = i;
			w_min = k;
		}
		else if (tab[k][i] > najwieksza) {
			najwieksza = tab[k][i];
			k_max = i;
			w_max = k;
		}
	}
	// sprawdzenie pozostałych elementów zerowej kolumny:
	for (int i{ 1 }; i < k; ++i) {
		if (tab[i][0] < najmniejsza) {
			najmniejsza = tab[i][0];
			k_min = 0;
			w_min = i;
		}
		else if (tab[i][0] > najwieksza) {
			najwieksza = tab[i][0];
			k_max = 0;
			w_max = i;
		}
	}
	std::cout << ""Najwieksza wartosc na obwodzie znajduje sie na polu ["" << w_max << ""]["" << k_max << ""] i wynosi "" << najwieksza << std::endl;
	std::cout << ""Najmniejsza wartosc na obwodzie znajduje sie na polu ["" << w_min << ""]["" << k_min << ""] i wynosi "" << najmniejsza << std::endl;
	std::swap(tab[w_min][k_min], tab[w_max][k_max]);
	std::cout << ""\nTablica po zamianie miejscami:\n"";
	wypisz(tab);
}


int main()
{
	int tablica2w[A][A];
	srand(time(nullptr));
	wypelni(tablica2w);
	wypisz(tablica2w);
	wartoscMinMax(tablica2w);
	return 0;
}"
JfStGyai,MPV Video Grid,metalx1000,Bash,Friday 14th of June 2024 10:18:02 AM CDT,"#Plays 4 videos in a 2x2 grid with audio of all 4 videos
mpv video_01.mp4 --external-file=video_02.mp4 --external-file=video_03.mp4 --external-file=video_04.mp4 --lavfi-complex='[vid1] [vid2] hstack [t1] ; [vid3] [vid4] hstack [t2] ; [t1] [t2] vstack [vo];[aid1][aid2][aid3][aid4]amix=inputs=4[ao]'"
NDe4XrdG,i got a glock in my rari (progress bar.py),MAKS_Enjoyer,Python,Friday 14th of June 2024 10:09:56 AM CDT,"import numpy as np
import time
import sys

def generate_normal_dist_values(size, min_val, max_val):
    # Generates an array of 'size' normally distributed values between 'min_val' and 'max_val'.
    mean = (max_val + min_val) / 2
    std_dev = (max_val - min_val) / 4  # Approx. 99.7% of values within min and max
    values = np.random.normal(loc=mean, scale=std_dev, size=size)
    values = np.clip(values, min_val, max_val)
    return values

def display_progress_bar(iteration, total, length=50):
    # Displays a progress bar in the command line.
    percent = ""{0:.0f}"".format(100 * (iteration / float(total)))
    filled_length = int(length * iteration // total)
    bar = '█' * filled_length + '░' * (length - filled_length)
    sys.stdout.write(f'\r|{bar}| {percent}% Complete')
    sys.stdout.flush()

def main():
    # Main function to run the progress bar.
    total_iterations = 100
    min_val = 0.01
    max_val = 5
    sleep_multiplier = 0.15  # 150ms

    # Generate 101 normally distributed values
    sleep_times = generate_normal_dist_values(total_iterations + 1, min_val, max_val)

    for i in range(total_iterations + 1):
        display_progress_bar(i, total_iterations)
        time.sleep(sleep_times[i] * sleep_multiplier)

if __name__ == ""__main__"":
    main()
"
b7dZ5tc1,Casino - test,Filmos,Lua,Friday 14th of June 2024 10:06:55 AM CDT,"function convertUUIDToHex(uuid)
    -- Ensure the input is a table with 4 integers
    if type(uuid) ~= ""table"" or #uuid ~= 4 then
        error(""Invalid UUID format. Expected a table with 4 integers."")
    end

    -- Helper function to convert a signed integer to an unsigned 32-bit hexadecimal
    local function toHex(num)
        if num < 0 then
            num = num + 0x100000000 -- Convert negative to unsigned 32-bit
        end
        return string.format(""%08x"", num)
    end

    -- Convert each integer to an 8-digit hexadecimal string
    local hexParts = {}
    for i = 1, 4 do
        table.insert(hexParts, toHex(uuid[i]))
    end

    -- Concatenate the parts with hyphens in the correct places
    local hexUUID = table.concat({hexParts[1]:sub(1, 8), hexParts[2]:sub(1, 4), hexParts[2]:sub(5, 8),
                                  hexParts[3]:sub(1, 4), hexParts[3]:sub(5, 8) .. hexParts[4]:sub(1, 8)}, ""-"")

    return hexUUID
end

function extractUUID()
    s = peripheral.wrap(""top"")
    return s.getItemDetail(1)[""rawNBT""][""BlockEntityTag""][""LootrOpeners""][1]
end

print(convertUUIDToHex(extractUUID()))
"
C8s9wvtN,Spiral Matrix,Mussab_Blue,Python,Friday 14th of June 2024 09:48:21 AM CDT,"
dirs = [
    (0, 1), #RIGHT
    (1, 0), #DOWN
    (0, -1), #LEFT
    (-1, 0) #Up
]

dim = 5
pos = [0, -1] #starting point
target = dim**2
matrix = [[0]*dim for _ in range(dim)]

def withinBorders(x, y): 
    px, py, = pos[0]+x, pos[1]+y
    if not (0 <= px < dim): return False 
    if not (0 <= py < dim): return False 
    if isinstance(matrix[px][py], str): return False       
    return True
    
while target:
    (x, y), *dirs, = dirs
    for _ in range(dim):
        if not withinBorders(x, y): break        
        
        pos[0] += x 
        pos[1] += y
        
        px, py = pos 
        matrix[px][py] = f'0{target}'[-2:]
        
        target -= 1      
    
    dirs = [*dirs, (x, y)]
        
for r in matrix:
    print(*r)



"
RMA28G3e,# tk_basic_scrollbar.py,here2share,Python,Friday 14th of June 2024 09:44:22 AM CDT,"# tk_basic_scrollbar.py

from tkinter import *

ww = 600
hh = 600

root = Tk()
root.geometry(f""{ww}x{hh}"")

scrollbar = Scrollbar(root)
scrollbar.pack(side=RIGHT, fill=Y)

canvas1=Canvas(root, yscrollcommand=scrollbar.set, width=ww, height=hh)
canvas1.pack()
coord = [40, 100, 400, 600]
arc = canvas1.create_rectangle(*coord, outline=""#fb0"", fill=""#fb0"")

scrollbar.config(command=canvas1.yview)
canvas1.config(scrollregion=(0, 0, 1000, 1000))

root.mainloop()"
qTw6at4H,wp-config.php,JacquesLEB,PHP,Friday 14th of June 2024 09:39:11 AM CDT,"<?php
/**
 * The base configuration for WordPress
 *
 * The wp-config.php creation script uses this file during the
 * installation. You don't have to use the web site, you can
 * copy this file to ""wp-config.php"" and fill in the values.
 *
 * This file contains the following configurations:
 *
 * * MySQL settings
 * * Secret keys
 * * Database table prefix
 * * ABSPATH
 *
 * @link https://wordpress.org/support/article/editing-wp-config-php/
 *
 * @package WordPress
 */

// ** MySQL settings - You can get this info from your web host ** //
/** The name of the database for WordPress */
define( 'DB_NAME', 'wp_<project_name>' );

/** MySQL database username */
define( 'DB_USER', 'root' );

/** MySQL database password */
define( 'DB_PASSWORD', 'root' );

/** MySQL hostname */
define( 'DB_HOST', 'localhost' );

/** Database Charset to use in creating database tables. */
define( 'DB_CHARSET', 'utf8mb4' );

/** The Database Collate type. Don't change this if in doubt. */
define( 'DB_COLLATE', '' );

/**#@+
 * Authentication Unique Keys and Salts.
 *
 * Change these to different unique phrases!
 * You can generate these using the {@link https://api.wordpress.org/secret-key/1.1/salt/ WordPress.org secret-key service}
 * You can change these at any point in time to invalidate all existing cookies. This will force all users to have to log in again.
 *
 * @since 2.6.0
 */
define( 'AUTH_KEY',         '}/]1?xPG0Ls#F9;X11B jYLggsfm!S7 `B8xyN`1^+$Q0|Rw~ohr)=FjiV7.$*ee' );
define( 'SECURE_AUTH_KEY',  'o<.lEZ~xPu m K#5pW;0!/M:FBHJmSQGW;)d+[,&?uttu8Rx9f:lc3c/IInd:OE>' );
define( 'LOGGED_IN_KEY',    'R&;.PNG2,%oJ*46]]W))]AUe+STv|UI}dXoePyJ:vx>p>P7G]SyQq3&$V/WR0!$!' );
define( 'NONCE_KEY',        'mx0CU1KMX!+N]#zU{8qcuSvI+$M+hYRU:jstigeO{D$tm%Kjh!$FWu)XveAql`j ' );
define( 'AUTH_SALT',        '.xGkFPJI;u^:DLf#wuN/%ju2_Mgr<T{c#j/WUjR8DX5P>(>djkag}/>l-`QK@U?*' );
define( 'SECURE_AUTH_SALT', '^}o|1Gol`cD:5of`%ZtfajhO2QW4k Dbh~W,wr%s%zv|BkztBtTUR%q3}F&30#*[' );
define( 'LOGGED_IN_SALT',   'Xg3wGd#lK?JKfP[Lz<F[m%y0/G/iqc:w2_Jw5H$ `!S.7%,FnxTb^d%{RV5le_Cg' );
define( 'NONCE_SALT',       '<VURf>S,6lIvKTU[1W)?d9>l?A[]F@cv*/^a(xBB^mlFvK`iM[;07(F1&I/au}vx' );

/**#@-*/

/**
 * WordPress Database Table prefix.
 *
 * You can have multiple installations in one database if you give each
 * a unique prefix. Only numbers, letters, and underscores please!
 */
$table_prefix = 'wp_';

/**
 * For developers: WordPress debugging mode.
 *
 * Change this to true to enable the display of notices during development.
 * It is strongly recommended that plugin and theme developers use WP_DEBUG
 * in their development environments.
 *
 * For information on other constants that can be used for debugging,
 * visit the documentation.
 *
 * @link https://wordpress.org/support/article/debugging-in-wordpress/
 */
define( 'WP_DEBUG', true );

/* That's all, stop editing! Happy publishing. */

/** Absolute path to the WordPress directory. */
if ( ! defined( 'ABSPATH' ) ) {
	define( 'ABSPATH', __DIR__ . '/' );
}

/** Sets up WordPress vars and included files. */
require_once ABSPATH . 'wp-settings.php';"
eNYZDX5q,dice roller,kingtigermusic,Python,Friday 14th of June 2024 09:34:11 AM CDT,"import time
from numpy import random
import sys

def dice(amount = 1, sides = 20):
    if amount >= 1 and amount <= 10 and type(amount) is int:
        if sides >= 2 and sides <= 100 and type(sides) is int:
            thinking()
            print(f""You rolled {amount} d{sides} and got..."")
            thinking()
            if amount > 1:
                for amount in range(amount - 1):
                    print(f""...a {random.randint(sides) + 1}..."")
                    thinking()
                print(f""...and a {random.randint(sides) + 1}."")
            else:
                print(f""...a {random.randint(sides) + 1}."")
        elif sides == ""inf"" or sides == ""infinity"" or sides == ""∞"" or sides == ""inifnite"":
            thinking(6)
            print(""Well done, you have jump-started the destruction of the universe. That's terrific."")
    else:
        user_error()
    prog_end()

def thinking(zzz = 3):
    for z in range(zzz):
        print(""."", end="" "", flush=True)
        time.sleep(0.175)
    print("""")
    print("""")

def prog_end():
    thinking(6)
    input(""Press any key to exit"")
    print(""Bye, nerd."")
    time.sleep(1)
    sys.exit()

def user_error():
    thinking(6)
    print(""...you can't use that to roll dice. Are you okay?"")
    prog_end()



# Uncomment the next two lines if calling the script externally
# (need to write code to adapt to this automatically)
#input1 = sys.argv[1]
#input2 = sys.argv[2]


# Uncomment the next two lines to ask for user input in the Python shell (rather than accept external input)
input1 = input(""How many dice? (1-10)"")
input2 = input(""How many sides? (2-100)"")

try:
    input1 = int(input1)
except:
    user_error()

thinking()

try:
    if input2 == ""inf"" or input2 == ""infinity"" or input2 == ""∞"" or input2 == ""inifnite"":
        thinking(6)
        print(""Well done, you have jump-started the destruction of the universe. That's terrific."")
        prog_end()
    input2 = int(input2)
except:
    user_error()

dice(input1, input2)"
AvqFuLGZ,Tinker's calculator installer,Sparta252,Lua,Friday 14th of June 2024 08:57:52 AM CDT,"local function downloadFile(url, filename)
    local response = http.get(url)
    if response then
        local file = fs.open(""tinkers/""..filename, ""w"")
        file.write(response.readAll())
        file.close()
        response.close()
        print(""Soubor "".. filename .."" bol uspesne stiahnuty."")
    else
        print(""Nepodarilo se stiahnut soubor z danej URL."")
    end
end


local url = ""https://raw.githubusercontent.com/Sparta252/tinkers_calculator/main/tinkers/calc.lua""
downloadFile(url, ""calc.lua"")
url = ""https://raw.githubusercontent.com/Sparta252/tinkers_calculator/main/tinkers/data.lua""
downloadFile(url, ""data.lua"")

shell.run(""tinkers/calc.lua"")
sleep(1)
term.clear()

print(""Stahujem Databazu"")
sleep(2.5)
local database = fs.open(""tinkers/data.lua"", ""r"")
while 1 do
    local material = database.readLine()
    if not material then
        break
    end
    url = ""https://raw.githubusercontent.com/Sparta252/tinkers_calculator/main/tinkers/materials/""..material
    downloadFile(url, ""materials/""..material)

end
database.close()

print(""hotovo"")"
Wqq5dFiq,Review Trading 212,fxvnpro,PHP,Friday 14th of June 2024 08:57:02 AM CDT,"https://www.fxvnpro.com/review-trading-212/
 
Trading 212 is a fintech company that democratises the financial markets with free, smart and easy to use apps, enabling anyone to trade Stocks, ETFs, Forex, Commodities, and more.



Trading 212 disrupted the stock brokerage industry by offering the first zero-commission stock trading service in the UK and Europe, unlocking the stock market for millions of people.



Our mobile app has more than 15.000.000 downloads, which makes it one of the most popular trading apps in the world. Since 2016, Trading 212’s app has been the UK’s #1 trading app, and in 2017 it reached the #1 spot in Germany.



For your safety and in compliance with our regulations, all clients’ funds are kept separately in segregated bank accounts and are covered by the Financial Services Compensation Scheme, FSCS (Trading 212 UK Ltd.), the Investors Compensation Fund, ICF (Trading 212 Markets Ltd.) and the Investors Compensation Fund, ICF Bulgaria (Trading 212 Ltd).



In the unlikely event of default, the FSCS compensation is up to GBP 85,000 and the ICF Cyprus and Bulgaria compensation is up to 90% (but limited to EUR 20,000) of the client’s funds. Each client will be compensated if one of our companies fails to comply with its obligations to the clients due to its financial state.



Broker Logo &nbsp;



BROKER INFORMATION



Broker TypeN/ACompanyTrading 212 is a trading name of:- Trading 212 UK Ltd.- Trading 212 Markets Ltd.- Trading&nbsp;212&nbsp;AU&nbsp;PTY&nbsp;LTD.- Trading 212 Ltd.Foundation2006CountryUnited KingdomAustraliaBulgariaCyprusRegulation- Trading 212 UK Ltd. is registered in England and Wales (Company number 8590005).Trading&nbsp;212&nbsp;UK&nbsp;Ltd. is authorised and regulated by the Financial Conduct Authority(Firm reference number 609146).- Trading&nbsp;212&nbsp;AU&nbsp;PTY&nbsp;LTD is registered in Australia (ABN 46 660 342 763).Trading&nbsp;212&nbsp;AU&nbsp;PTY&nbsp;LTD is authorised and regulated by the Australian Securities andInvestments Commission (AFSL 541122).- Trading 212 Ltd. is registered in Bulgaria (Company number 201659500).Trading&nbsp;212&nbsp;Ltd. is authorised and regulated by the Financial Supervision Commission(License number RG-03-0237).- Trading 212 Markets Ltd. is registered in Cyprus (Company number HE 409763).Trading&nbsp;212&nbsp;Markets&nbsp;Ltd. is authorised and regulated by the Cyprus Securities andExchange Commission (License number 398/21).Minimum Initial Deposit$10Account Base CurrenciesUSD, EUR, GBPAccount Deposit MethodsVisa, Master card, Maestro, Apple Pay, Google Pay, Bank Wire, Open BankingAccount Withdrawal MethodsVisa, Master card, Maestro, Apple Pay, Google Pay, Bank Wire, Open BankingLive ChatNoEmailinfo@trading212.com



ADVANTAGES



Free Demo AccountYesSpreadsFrom 1.6 pipsExecution TypeMarket ExecutionIntroducing Brokers ProgramN/ASwap FreeNoTrading Platforms&nbsp;MetaTrader 4, MetaTrader 5ScalpingYesHedgingYesExpert AdvisorsYesProductsStocks, ETFs, Forex, Commodities, and more



DISADVANTAGES



RestrictionsThe information on this site is not directed at residents of the United States, Canada and Belgium, andis not intended for distribution to or use by, any person in any country or jurisdiction where such distribution oruse would be contrary to local law or regulation.
"
W7isXhu9,Review Trading 212,reviewbrokers,PHP,Friday 14th of June 2024 08:56:38 AM CDT,"https://www.reviewbrokers.net/review-trading-212/
 
Trading 212 is a fintech company that democratises the financial markets with free, smart and easy to use apps, enabling anyone to trade Stocks, ETFs, Forex, Commodities, and more.



Trading 212 disrupted the stock brokerage industry by offering the first zero-commission stock trading service in the UK and Europe, unlocking the stock market for millions of people.



Our mobile app has more than 15.000.000 downloads, which makes it one of the most popular trading apps in the world. Since 2016, Trading 212’s app has been the UK’s #1 trading app, and in 2017 it reached the #1 spot in Germany.



For your safety and in compliance with our regulations, all clients’ funds are kept separately in segregated bank accounts and are covered by the Financial Services Compensation Scheme, FSCS (Trading 212 UK Ltd.), the Investors Compensation Fund, ICF (Trading 212 Markets Ltd.) and the Investors Compensation Fund, ICF Bulgaria (Trading 212 Ltd).



In the unlikely event of default, the FSCS compensation is up to GBP 85,000 and the ICF Cyprus and Bulgaria compensation is up to 90% (but limited to EUR 20,000) of the client’s funds. Each client will be compensated if one of our companies fails to comply with its obligations to the clients due to its financial state.



Broker Logo &nbsp;







Broker TypeN/ACompanyTrading 212 is a trading name of:- Trading 212 UK Ltd.- Trading 212 Markets Ltd.- Trading&nbsp;212&nbsp;AU&nbsp;PTY&nbsp;LTD.- Trading 212 Ltd.Foundation2006CountryUnited KingdomAustraliaBulgariaCyprusRegulation- Trading 212 UK Ltd. is registered in England and Wales (Company number 8590005).Trading&nbsp;212&nbsp;UK&nbsp;Ltd. is authorised and regulated by the Financial Conduct Authority(Firm reference number 609146).- Trading&nbsp;212&nbsp;AU&nbsp;PTY&nbsp;LTD is registered in Australia (ABN 46 660 342 763).Trading&nbsp;212&nbsp;AU&nbsp;PTY&nbsp;LTD is authorised and regulated by the Australian Securities andInvestments Commission (AFSL 541122).- Trading 212 Ltd. is registered in Bulgaria (Company number 201659500).Trading&nbsp;212&nbsp;Ltd. is authorised and regulated by the Financial Supervision Commission(License number RG-03-0237).- Trading 212 Markets Ltd. is registered in Cyprus (Company number HE 409763).Trading&nbsp;212&nbsp;Markets&nbsp;Ltd. is authorised and regulated by the Cyprus Securities andExchange Commission (License number 398/21).The JurisdictionsThe information on this site is not directed at residents of the United States, Canada and Belgium, andis not intended for distribution to or use by, any person in any country or jurisdiction where such distribution oruse would be contrary to local law or regulation.Live ChatNoEmailinfo@trading212.com







Free Demo AccountsYesMinimum Initial Deposit$10Multi-Currency AccountUSD, EUR, GBPSpreadsFrom 1.6 pipsIntroducing Brokers ProgramN/ASwap FreeNoTrading PlatformsN/AScalpingYesHedgingYesExpert AdvisorsYesAccount Funding MethodsVisa, Master card, Maestro, Apple Pay, Google Pay, Bank Wire, Open Banking
"
BaGA0Rq6,Api for macaddress,Templario_7777,Bash,Friday 14th of June 2024 08:28:18 AM CDT,"Method GET

https://api.macvendors.com/FC-A1-3E-2A-1C-33

MAC addresses will come in the following shape or form:

    00-11-22-33-44-55
    00:11:22:33:44:55
    00.11.22.33.44.55
    001122334455
    0011.2233.4455
"
dXEdaMSj,3.8. Specific Ingredients,Kamend1,PostgreSQL,Friday 14th of June 2024 08:23:01 AM CDT,"SELECT
	i.name AS ingredient_name,
	p.name AS product_name,
	d.name AS distributor_name
FROM ingredients AS i
JOIN products_ingredients AS pi
ON i.id = pi.ingredient_id
JOIN products AS p
ON p.id = pi.product_id
JOIN distributors AS d
ON i.distributor_id = d.id
WHERE LOWER(i.name) = 'mustard' AND d.country_id = 16
ORDER BY p.name;"
RyH9RfqP,radxa-zero-good-kernel-log,mister_kanister,Bash,Friday 14th of June 2024 07:56:43 AM CDT,"[    0.000000] Booting Linux on physical CPU 0x0000000000 [0x410fd034]
[    0.000000] Linux version 5.10.145-cip17 (andreas@unicorn) (aarch64-buildroot-linux-gnu-gcc.br_real (Buildroot -gea671dc) 11.3.0, GNU ld (GNU Binutils) 2.38) #1 SMP Mon Feb 12 11:50:40 CET 2024
[    0.000000] Machine model: Radxa Zero
[    0.000000] OF: fdt: Reserved memory: failed to reserve memory for node 'secmon@5000000': base 0x0000000005000000, size 3 MiB
[    0.000000] Reserved memory: created CMA memory pool at 0x0000000025c00000, size 256 MiB
[    0.000000] OF: reserved mem: initialized node linux,cma, compatible id shared-dma-pool
[    0.000000] NUMA: No NUMA configuration found
[    0.000000] NUMA: Faking a node at [mem 0x0000000000000000-0x000000003fffffff]
[    0.000000] NUMA: NODE_DATA [mem 0x3fda2800-0x3fda3fff]
[    0.000000] Zone ranges:
[    0.000000]   DMA      [mem 0x0000000000000000-0x000000003fffffff]
[    0.000000]   Normal   empty
[    0.000000] Movable zone start for each node
[    0.000000] Early memory node ranges
[    0.000000]   node   0: [mem 0x0000000000000000-0x000000003fffffff]
[    0.000000] Initmem setup node 0 [mem 0x0000000000000000-0x000000003fffffff]
[    0.000000] On node 0 totalpages: 262144
[    0.000000]   DMA zone: 4096 pages used for memmap
[    0.000000]   DMA zone: 0 pages reserved
[    0.000000]   DMA zone: 262144 pages, LIFO batch:63
[    0.000000] psci: probing for conduit method from DT.
[    0.000000] psci: PSCIv1.0 detected in firmware.
[    0.000000] psci: Using standard PSCI v0.2 function IDs
[    0.000000] psci: MIGRATE_INFO_TYPE not supported.
[    0.000000] psci: SMC Calling Convention v1.1
[    0.000000] percpu: Embedded 31 pages/cpu s88664 r8192 d30120 u126976
[    0.000000] pcpu-alloc: s88664 r8192 d30120 u126976 alloc=31*4096
[    0.000000] pcpu-alloc: [0] 0 [0] 1 [0] 2 [0] 3 
[    0.000000] Detected VIPT I-cache on CPU0
[    0.000000] CPU features: detected: ARM erratum 845719
[    0.000000] Built 1 zonelists, mobility grouping on.  Total pages: 258048
[    0.000000] Policy zone: DMA
[    0.000000] Kernel command line: root=PARTUUID=fdb24eac-02 rootfstype=ext4 rootwait console=tty1 rw panic=5
[    0.000000] Dentry cache hash table entries: 131072 (order: 8, 1048576 bytes, linear)
[    0.000000] Inode-cache hash table entries: 65536 (order: 7, 524288 bytes, linear)
[    0.000000] mem auto-init: stack:off, heap alloc:on, heap free:off
[    0.000000] Memory: 743168K/1048576K available (9278K kernel code, 1866K rwdata, 3760K rodata, 3712K init, 537K bss, 43264K reserved, 262144K cma-reserved)
[    0.000000] SLUB: HWalign=64, Order=0-3, MinObjects=0, CPUs=4, Nodes=1
[    0.000000] ftrace: allocating 35227 entries in 138 pages
[    0.000000] ftrace: allocated 138 pages with 3 groups
[    0.000000] rcu: Hierarchical RCU implementation.
[    0.000000] rcu: 	RCU event tracing is enabled.
[    0.000000] rcu: 	RCU restricting CPUs from NR_CPUS=256 to nr_cpu_ids=4.
[    0.000000] 	Trampoline variant of Tasks RCU enabled.
[    0.000000] 	Rude variant of Tasks RCU enabled.
[    0.000000] 	Tracing variant of Tasks RCU enabled.
[    0.000000] rcu: RCU calculated value of scheduler-enlistment delay is 25 jiffies.
[    0.000000] rcu: Adjusting geometry for rcu_fanout_leaf=16, nr_cpu_ids=4
[    0.000000] NR_IRQS: 64, nr_irqs: 64, preallocated irqs: 0
[    0.000000] GIC: Using split EOI/Deactivate mode
[    0.000000] irq_meson_gpio: 100 to 8 gpio interrupt mux initialized
[    0.000000] arch_timer: cp15 timer(s) running at 24.00MHz (phys).
[    0.000000] clocksource: arch_sys_counter: mask: 0xffffffffffffff max_cycles: 0x588fe9dc0, max_idle_ns: 440795202592 ns
[    0.000005] sched_clock: 56 bits at 24MHz, resolution 41ns, wraps every 4398046511097ns
[    0.000253] Console: colour dummy device 80x25
[    0.000722] printk: console [tty1] enabled
[    0.000816] Calibrating delay loop (skipped), value calculated using timer frequency.. 48.00 BogoMIPS (lpj=96000)
[    0.000844] pid_max: default: 32768 minimum: 301
[    0.000941] LSM: Security Framework initializing
[    0.000977] Yama: becoming mindful.
[    0.001093] AppArmor: AppArmor initialized
[    0.001150] Mount-cache hash table entries: 2048 (order: 2, 16384 bytes, linear)
[    0.001175] Mountpoint-cache hash table entries: 2048 (order: 2, 16384 bytes, linear)
[    0.003368] rcu: Hierarchical SRCU implementation.
[    0.005068] smp: Bringing up secondary CPUs ...
[    0.005789] Detected VIPT I-cache on CPU1
[    0.005870] CPU1: Booted secondary processor 0x0000000001 [0x410fd034]
[    0.006597] Detected VIPT I-cache on CPU2
[    0.006639] CPU2: Booted secondary processor 0x0000000002 [0x410fd034]
[    0.007333] Detected VIPT I-cache on CPU3
[    0.007371] CPU3: Booted secondary processor 0x0000000003 [0x410fd034]
[    0.007463] smp: Brought up 1 node, 4 CPUs
[    0.007537] SMP: Total of 4 processors activated.
[    0.007551] CPU features: detected: 32-bit EL0 Support
[    0.007565] CPU features: detected: CRC32 instructions
[    0.009111] CPU: All CPU(s) started at EL2
[    0.009150] alternatives: patching kernel code
[    0.010560] devtmpfs: initialized
[    0.024647] Registered cp15_barrier emulation handler
[    0.024691] Registered setend emulation handler
[    0.024959] clocksource: jiffies: mask: 0xffffffff max_cycles: 0xffffffff, max_idle_ns: 7645041785100000 ns
[    0.025013] futex hash table entries: 1024 (order: 4, 65536 bytes, linear)
[    0.033889] pinctrl core: initialized pinctrl subsystem
[    0.034399] regulator-dummy: no parameters, enabled
[    0.035784] NET: Registered protocol family 16
[    0.037896] DMA: preallocated 128 KiB GFP_KERNEL pool for atomic allocations
[    0.038079] DMA: preallocated 128 KiB GFP_KERNEL|GFP_DMA pool for atomic allocations
[    0.038195] audit: initializing netlink subsys (disabled)
[    0.038450] audit: type=2000 audit(0.036:1): state=initialized audit_enabled=0 res=1
[    0.039203] thermal_sys: Registered thermal governor 'fair_share'
[    0.039214] thermal_sys: Registered thermal governor 'bang_bang'
[    0.039244] thermal_sys: Registered thermal governor 'step_wise'
[    0.039259] thermal_sys: Registered thermal governor 'user_space'
[    0.040292] cpuidle: using governor menu
[    0.040476] hw-breakpoint: found 6 breakpoint and 4 watchpoint registers.
[    0.040609] ASID allocator initialised with 65536 entries
[    0.086687] HugeTLB registered 1.00 GiB page size, pre-allocated 0 pages
[    0.086729] HugeTLB registered 32.0 MiB page size, pre-allocated 0 pages
[    0.086745] HugeTLB registered 2.00 MiB page size, pre-allocated 0 pages
[    0.086761] HugeTLB registered 64.0 KiB page size, pre-allocated 0 pages
[    0.090174] cryptd: max_cpu_qlen set to 1000
[    0.099561] TYPEC2_VBUS: 5000 mV, enabled
[    0.099757] reg-fixed-voltage regulator-typec2_vbus: Looking up vin-supply from device tree
[    0.099776] TYPEC2_VBUS: unable to resolve supply
[    0.099786] reg-fixed-voltage regulator-typec2_vbus: TYPEC2_VBUS supplying 5000000uV
[    0.100087] reg-fixed-voltage regulator-flash_1v8: Looking up vin-supply from device tree
[    0.100105] FLASH_1V8: unable to resolve supply early: -EPROBE_DEFER
[    0.100119] reg-fixed-voltage regulator-flash_1v8: Failed to register regulator: -517
[    0.100263] DC_IN: 5000 mV, enabled
[    0.100424] reg-fixed-voltage regulator-typec2_vbus: Looking up vin-supply from device tree
[    0.100437] TYPEC2_VBUS: unable to resolve supply
[    0.100446] reg-fixed-voltage regulator-dc_in: DC_IN supplying 5000000uV
[    0.100583] reg-fixed-voltage regulator-vcc_1v8: Looking up vin-supply from device tree
[    0.100595] VCC_1V8: unable to resolve supply early: -EPROBE_DEFER
[    0.100605] reg-fixed-voltage regulator-vcc_1v8: Failed to register regulator: -517
[    0.100720] reg-fixed-voltage regulator-vcc_3v3: Looking up vin-supply from device tree
[    0.100731] VCC_3V3: unable to resolve supply early: -EPROBE_DEFER
[    0.100740] reg-fixed-voltage regulator-vcc_3v3: Failed to register regulator: -517
[    0.100925] reg-fixed-voltage regulator-vddao_1v8: Looking up vin-supply from device tree
[    0.100934] VDDAO_1V8: unable to resolve supply early: -EPROBE_DEFER
[    0.100944] reg-fixed-voltage regulator-vddao_1v8: Failed to register regulator: -517
[    0.101049] reg-fixed-voltage regulator-vddao_3v3: Looking up vin-supply from device tree
[    0.101059] VDDAO_3V3: supplied by DC_IN
[    0.101080] DC_IN: could not add device link regulator.7: -ENOENT
[    0.101139] VDDAO_3V3: 3300 mV, enabled
[    0.101331] reg-fixed-voltage regulator-typec2_vbus: Looking up vin-supply from device tree
[    0.101343] TYPEC2_VBUS: supplied by DC_IN
[    0.101408] reg-fixed-voltage regulator-vddao_3v3: VDDAO_3V3 supplying 3300000uV
[    0.101891] iommu: Default domain type: Translated 
[    0.102613] usbcore: registered new interface driver usbfs
[    0.102697] usbcore: registered new interface driver hub
[    0.102773] usbcore: registered new device driver usb
[    0.103020] pps_core: LinuxPPS API ver. 1 registered
[    0.103042] pps_core: Software ver. 5.3.6 - Copyright 2005-2007 Rodolfo Giometti <giometti@linux.it>
[    0.103106] EDAC MC: Ver: 3.0.0
[    0.105717] NetLabel: Initializing
[    0.105752] NetLabel:  domain hash size = 128
[    0.105763] NetLabel:  protocols = UNLABELED CIPSOv4 CALIPSO
[    0.105858] NetLabel:  unlabeled traffic allowed by default
[    0.106272] clocksource: Switched to clocksource arch_sys_counter
[    0.194214] AppArmor: AppArmor Filesystem Enabled
[    0.204251] NET: Registered protocol family 2
[    0.204459] IP idents hash table entries: 16384 (order: 5, 131072 bytes, linear)
[    0.205581] tcp_listen_portaddr_hash hash table entries: 512 (order: 1, 8192 bytes, linear)
[    0.205695] TCP established hash table entries: 8192 (order: 4, 65536 bytes, linear)
[    0.205795] TCP bind hash table entries: 8192 (order: 5, 131072 bytes, linear)
[    0.205910] TCP: Hash tables configured (established 8192 bind 8192)
[    0.206116] MPTCP token hash table entries: 1024 (order: 2, 24576 bytes, linear)
[    0.206185] UDP hash table entries: 512 (order: 2, 16384 bytes, linear)
[    0.206228] UDP-Lite hash table entries: 512 (order: 2, 16384 bytes, linear)
[    0.206493] NET: Registered protocol family 1
[    0.217069] Initialise system trusted keyrings
[    0.217175] Key type blacklist registered
[    0.217373] workingset: timestamp_bits=44 max_order=18 bucket_order=0
[    0.221809] zbud: loaded
[    0.223512] integrity: Platform Keyring initialized
[    0.259653] Key type asymmetric registered
[    0.259672] Asymmetric key parser 'x509' registered
[    0.259750] Block layer SCSI generic (bsg) driver version 0.4 loaded (major 249)
[    0.259902] io scheduler mq-deadline registered
[    0.259917] io scheduler kyber registered
[    0.260048] io scheduler bfq registered
[    0.266547] meson-pwm ffd19000.pwm: .apply ignored .polarity
[    0.266593] meson-pwm ffd19000.pwm: .apply is not idempotent (ena=0 pol=1 5494/10988) -> (ena=1 pol=0 2686935/2686935)
[    0.266616] meson-pwm ffd19000.pwm: .apply ignored .polarity
[    0.266635] meson-pwm ffd19000.pwm: .apply is not idempotent (ena=0 pol=1 2686935/2686935) -> (ena=1 pol=0 2686935/2686935)
[    0.274482] soc soc0: Amlogic Meson G12A (Unknown) Revision 28:c (30:2) Detected
[    0.276012] meson-pwm ff802000.pwm: .apply is supposed to round down duty_cycle (requested: 0/1250, applied: 1230/1230)
[    0.276061] meson-pwm ff802000.pwm: .apply is not idempotent (ena=1 pol=12109840 0/1230) -> (ena=1 pol=0 0/1189)
[    0.276110] pwm-regulator regulator-vddcpu: Looking up pwm-supply from device tree
[    0.276128] pwm-regulator regulator-vddcpu: Looking up pwm-supply property in node /regulator-vddcpu failed
[    0.276146] VDDCPU: supplied by regulator-dummy
[    0.276166] regulator-dummy: could not add device link regulator.8: -ENOENT
[    0.276239] VDDCPU: 721 <--> 1022 mV at 1022 mV, enabled
[    0.277484] Serial: 8250/16550 driver, 8 ports, IRQ sharing disabled
[    0.281835] ffd24000.serial: ttyAML2 at MMIO 0xffd24000 (irq = 26, base_baud = 1500000) is a meson_uart
[    0.282081] serial serial0: tty port ttyAML2 registered
[    0.285193] panfrost ffe40000.gpu: clock rate = 24000000
[    0.285314] panfrost ffe40000.gpu: Looking up mali-supply from device tree
[    0.285333] panfrost ffe40000.gpu: Looking up mali-supply property in node /soc/gpu@ffe40000 failed
[    0.285353] panfrost ffe40000.gpu: dev_pm_opp_set_regulators: no regulator (mali) found: -19
[    0.286731] panfrost ffe40000.gpu: mali-g31 id 0x7093 major 0x0 minor 0x0 status 0x0
[    0.286771] panfrost ffe40000.gpu: features: 00000000,3fde77ff, issues: 00000000,00000400
[    0.286793] panfrost ffe40000.gpu: Features: L2:0x07100206 Shader:0x00000000 Tiler:0x00000209 Mem:0x1 MMU:0x00002821 AS:0xff JS:0x7
[    0.286815] panfrost ffe40000.gpu: shader_present=0x1 l2_present=0x1
[    0.296322] [drm] Initialized panfrost 1.1.0 20180908 for ffe40000.gpu on minor 0
[    0.450314] loop: module loaded
[    0.452020] VFIO - User Level meta-driver version: 0.3
[    0.452589] dwc3-meson-g12a ffe09000.usb: Looking up vbus-supply from device tree
[    0.452617] dwc3-meson-g12a ffe09000.usb: Looking up vbus-supply property in node /soc/usb@ffe09000 failed
[    0.453398] ehci_hcd: USB 2.0 'Enhanced' Host Controller (EHCI) Driver
[    0.453895] usbcore: registered new interface driver lvs
[    0.456300] softdog: initialized. soft_noboot=0 soft_margin=60 sec soft_panic=0 (nowayout=0)
[    0.456341] softdog:              soft_reboot_cmd=<not set> soft_active_on_boot=0
[    0.456688] cpu cpu0: Looking up cpu-supply from device tree
[    0.458067] VDDCPU: ramp_delay not set
[    0.458305] meson-pwm ff802000.pwm: .apply is supposed to round down duty_cycle (requested: 175/1250, applied: 1066/1230)
[    0.458350] meson-pwm ff802000.pwm: .apply is not idempotent (ena=1 pol=288339456 164/1230) -> (ena=1 pol=0 123/1189)
[    0.458372] VDDCPU: ramp_delay not set
[    0.462073] meson-gx-mmc ffe03000.sd: Looking up vmmc-supply from device tree
[    0.462210] meson-gx-mmc ffe07000.mmc: Looking up vmmc-supply from device tree
[    0.462222] meson-gx-mmc ffe07000.mmc: Looking up vqmmc-supply from device tree
[    0.462227] meson-gx-mmc ffe03000.sd: Looking up vqmmc-supply from device tree
[    0.463323] meson-sm: secure-monitor enabled
[    0.463671] hid: raw HID events driver (C) Jiri Kosina
[    0.464044] usbcore: registered new interface driver usbhid
[    0.464069] usbhid: USB HID core driver
[    0.464986] NET: Registered protocol family 10
[    0.465802] Segment Routing with IPv6
[    0.465864] NET: Registered protocol family 17
[    0.465987] Key type dns_resolver registered
[    0.466428] registered taskstats version 1
[    0.466447] Loading compiled-in X.509 certificates
[    0.468889] Loaded X.509 cert 'Build time autogenerated kernel key: c179e4e00cdfa21a614909493b116fd7a3d5ba37'
[    0.471071] zswap: loaded using pool zstd/z3fold
[    0.471391] Key type ._fscrypt registered
[    0.471402] Key type .fscrypt registered
[    0.471410] Key type fscrypt-provisioning registered
[    0.472298] Key type encrypted registered
[    0.472324] AppArmor: AppArmor sha1 policy hashing enabled
[    0.487364] reg-fixed-voltage regulator-flash_1v8: Looking up vin-supply from device tree
[    0.487390] FLASH_1V8: unable to resolve supply early: -EPROBE_DEFER
[    0.487400] reg-fixed-voltage regulator-flash_1v8: Failed to register regulator: -517
[    0.487675] reg-fixed-voltage regulator-vcc_1v8: Looking up vin-supply from device tree
[    0.487682] VCC_1V8: unable to resolve supply early: -EPROBE_DEFER
[    0.487689] reg-fixed-voltage regulator-vcc_1v8: Failed to register regulator: -517
[    0.487814] reg-fixed-voltage regulator-vcc_3v3: Looking up vin-supply from device tree
[    0.487824] VCC_3V3: supplied by VDDAO_3V3
[    0.487838] VDDAO_3V3: could not add device link regulator.11: -ENOENT
[    0.487886] VCC_3V3: 3300 mV, enabled
[    0.488064] reg-fixed-voltage regulator-vcc_3v3: VCC_3V3 supplying 3300000uV
[    0.488321] VCC_5V: 5000 mV, disabled
[    0.488463] reg-fixed-voltage regulator-vcc_5v: Looking up vin-supply from device tree
[    0.488475] VCC_5V: supplied by DC_IN
[    0.488536] reg-fixed-voltage regulator-vcc_5v: VCC_5V supplying 5000000uV
[    0.488767] reg-fixed-voltage regulator-vddao_1v8: Looking up vin-supply from device tree
[    0.488782] VDDAO_1V8: supplied by VDDAO_3V3
[    0.488800] VDDAO_3V3: could not add device link regulator.13: -ENOENT
[    0.488848] VDDAO_1V8: 1800 mV, enabled
[    0.488958] reg-fixed-voltage regulator-vddao_1v8: VDDAO_1V8 supplying 1800000uV
[    0.489248] phy phy-ff636000.phy.0: Looking up phy-supply from device tree
[    0.489265] TYPEC2_VBUS: could not add device link phy-ff636000.phy.0: -ENOENT
[    0.489739] phy phy-ff63a000.phy.1: Looking up phy-supply from device tree
[    0.489757] phy phy-ff63a000.phy.1: Looking up phy-supply property in node /soc/bus@ff600000/phy@3a000 failed
[    0.490181] phy phy-ff646000.phy.2: Looking up phy-supply from device tree
[    0.490201] TYPEC2_VBUS: could not add device link phy-ff646000.phy.2: -ENOENT
[    0.491404] meson-drm ff900000.vpu: Queued 2 outputs on vpu
[    0.491943] meson-drm ff900000.vpu: CVBS Output connector not available
[    0.491984] meson-dw-hdmi ff600000.hdmi-tx: Looking up hdmi-supply from device tree
[    0.518333] meson-dw-hdmi ff600000.hdmi-tx: Detected HDMI TX controller v2.01a with HDCP (meson_dw_hdmi_phy)
[    0.518724] meson-dw-hdmi ff600000.hdmi-tx: registered DesignWare HDMI I2C bus driver
[    0.519023] meson-drm ff900000.vpu: bound ff600000.hdmi-tx (ops meson_dw_hdmi_ops)
[    0.519481] [drm] Initialized meson 1.0.0 20161109 for ff900000.vpu on minor 1
[    0.710081] Console: switching to colour frame buffer device 128x48
[    0.726860] meson-drm ff900000.vpu: [drm] fb0: mesondrmfb frame buffer device
[    0.728312] dwc3-meson-g12a ffe09000.usb: Looking up vbus-supply from device tree
[    0.728338] dwc3-meson-g12a ffe09000.usb: Looking up vbus-supply property in node /soc/usb@ffe09000 failed
[    0.728638] dwc3-meson-g12a ffe09000.usb: USB2 ports: 2
[    0.728750] dwc3-meson-g12a ffe09000.usb: USB3 ports: 1
[    0.732021] dwc2 ff400000.usb: Looking up vusb_d-supply from device tree
[    0.732041] dwc2 ff400000.usb: Looking up vusb_d-supply property in node /soc/usb@ffe09000/usb@ff400000 failed
[    0.732059] dwc2 ff400000.usb: supply vusb_d not found, using dummy regulator
[    0.732287] dwc2 ff400000.usb: Looking up vusb_a-supply from device tree
[    0.732299] dwc2 ff400000.usb: Looking up vusb_a-supply property in node /soc/usb@ffe09000/usb@ff400000 failed
[    0.732308] dwc2 ff400000.usb: supply vusb_a not found, using dummy regulator
[    0.732514] dwc2 ff400000.usb: Looking up vbus-supply from device tree
[    0.732525] dwc2 ff400000.usb: Looking up vbus-supply property in node /soc/usb@ffe09000/usb@ff400000 failed
[    0.732644] dwc2 ff400000.usb: Controller does not support host mode.
[    0.732962] dwc2: probe of ff400000.usb failed with error -22
[    0.733889] xhci-hcd xhci-hcd.2.auto: xHCI Host Controller
[    0.734011] xhci-hcd xhci-hcd.2.auto: new USB bus registered, assigned bus number 1
[    0.734302] xhci-hcd xhci-hcd.2.auto: hcc params 0x0228fe6c hci version 0x110 quirks 0x0000002000010010
[    0.734481] xhci-hcd xhci-hcd.2.auto: irq 34, io mem 0xff500000
[    0.734969] usb usb1: New USB device found, idVendor=1d6b, idProduct=0002, bcdDevice= 5.10
[    0.735084] usb usb1: New USB device strings: Mfr=3, Product=2, SerialNumber=1
[    0.735184] usb usb1: Product: xHCI Host Controller
[    0.735253] usb usb1: Manufacturer: Linux 5.10.145-cip17 xhci-hcd
[    0.735339] usb usb1: SerialNumber: xhci-hcd.2.auto
[    0.735862] hub 1-0:1.0: USB hub found
[    0.735962] hub 1-0:1.0: 2 ports detected
[    0.736383] xhci-hcd xhci-hcd.2.auto: xHCI Host Controller
[    0.736483] xhci-hcd xhci-hcd.2.auto: new USB bus registered, assigned bus number 2
[    0.736602] xhci-hcd xhci-hcd.2.auto: Host supports USB 3.0 SuperSpeed
[    0.736769] usb usb2: We don't know the algorithms for LPM for this host, disabling LPM.
[    0.737010] usb usb2: New USB device found, idVendor=1d6b, idProduct=0003, bcdDevice= 5.10
[    0.739962] usb usb2: New USB device strings: Mfr=3, Product=2, SerialNumber=1
[    0.742836] usb usb2: Product: xHCI Host Controller
[    0.745690] usb usb2: Manufacturer: Linux 5.10.145-cip17 xhci-hcd
[    0.748591] usb usb2: SerialNumber: xhci-hcd.2.auto
[    0.751968] hub 2-0:1.0: USB hub found
[    0.754971] hub 2-0:1.0: 1 port detected
[    0.758622] dwc3-meson-g12a ffe09000.usb: switching to Device Mode
[    0.762617] reg-fixed-voltage regulator-flash_1v8: Looking up vin-supply from device tree
[    0.762642] FLASH_1V8: supplied by VCC_3V3
[    0.762901] meson-gx-mmc ffe03000.sd: Looking up vmmc-supply from device tree
[    0.762970] meson-gx-mmc ffe07000.mmc: Looking up vmmc-supply from device tree
[    0.763163] meson-gx-mmc ffe07000.mmc: Looking up vqmmc-supply from device tree
[    0.765550] VCC_3V3: could not add device link regulator.14: -ENOENT
[    0.765612] FLASH_1V8: 1800 mV, enabled
[    0.765692] meson-gx-mmc ffe03000.sd: Looking up vqmmc-supply from device tree
[    0.766076] meson-gx-mmc ffe03000.sd: allocated mmc-pwrseq
[    0.766145] reg-fixed-voltage regulator-flash_1v8: FLASH_1V8 supplying 1800000uV
[    0.769282] reg-fixed-voltage regulator-vcc_1v8: Looking up vin-supply from device tree
[    0.769305] VCC_1V8: supplied by VCC_3V3
[    0.770098] meson-pwm ffd19000.pwm: .apply is not idempotent (ena=1 pol=311311072 15006/30012) -> (ena=1 pol=0 14760/29520)
[    0.772268] VCC_3V3: could not add device link regulator.15: -ENOENT
[    0.775287] VCC_1V8: 1800 mV, enabled
[    0.775446] reg-fixed-voltage regulator-vcc_1v8: VCC_1V8 supplying 1800000uV
[    0.777201] meson-gx-mmc ffe07000.mmc: Looking up vmmc-supply from device tree
[    0.777342] meson-gx-mmc ffe07000.mmc: Looking up vqmmc-supply from device tree
[    0.777724] meson-gx-mmc ffe07000.mmc: allocated mmc-pwrseq
[    0.806799] Waiting for root device PARTUUID=fdb24eac-02...
[    0.847234] mmc0: queuing unknown CIS tuple 0x80 (2 bytes)
[    0.852454] mmc0: queuing unknown CIS tuple 0x80 (3 bytes)
[    0.857481] mmc0: queuing unknown CIS tuple 0x80 (3 bytes)
[    0.864311] mmc0: queuing unknown CIS tuple 0x80 (7 bytes)
[    0.871836] mmc0: queuing unknown CIS tuple 0x81 (9 bytes)
[    0.881092] mmc1: new HS200 MMC card at address 0001
[    0.885849] mmcblk1: mmc1:0001 8GTF4R 7.28 GiB 
[    0.889992] mmcblk1boot0: mmc1:0001 8GTF4R partition 1 4.00 MiB
[    0.894053] mmcblk1boot1: mmc1:0001 8GTF4R partition 2 4.00 MiB
[    0.897535] mmcblk1rpmb: mmc1:0001 8GTF4R partition 3 512 KiB, chardev (246:0)
[    0.903357]  mmcblk1: p1 p2 p3
[    0.946804] mmc0: new ultra high speed SDR50 SDIO card at address 0001
[    1.018146] EXT4-fs (mmcblk1p2): recovery complete
[    1.021444] EXT4-fs (mmcblk1p2): mounted filesystem with ordered data mode. Opts: (null)
[    1.024169] VFS: Mounted root (ext4 filesystem) on device 179:2.
[    1.027279] devtmpfs: mounted
[    1.032848] Freeing unused kernel memory: 3712K
[    1.035645] Run /sbin/init as init process
[    1.038276]   with arguments:
[    1.038280]     /sbin/init
[    1.038283]   with environment:
[    1.038286]     HOME=/
[    1.038288]     TERM=linux
[    1.095903] EXT4-fs (mmcblk1p2): re-mounted. Opts: (null)
[    1.182808] EXT4-fs (mmcblk1p3): warning: mounting unchecked fs, running e2fsck is recommended
[    1.186300] EXT4-fs (mmcblk1p3): mounted filesystem without journal. Opts: (null)
[    1.549492] EXT4-fs (mmcblk1p3): mounted filesystem without journal. Opts: (null)
[    1.562559] Starting syslogd: 
[    1.614611] OK
[    1.627954] Starting klogd: 
[    1.633218] OK
[    1.655521] Running sysctl: 
[    1.670927] OK
[    1.685487] Populating /dev using udev: 

[    1.717619] udevd[1119]: starting version 3.2.11
[    1.736017] random: udevd: uninitialized urandom read (16 bytes read)
[    1.740058] random: udevd: uninitialized urandom read (16 bytes read)
[    1.742688] random: udevd: uninitialized urandom read (16 bytes read)
[    1.771189] udevd[1121]: starting eudev-3.2.11
[    1.984835] cfg80211: Loading compiled-in X.509 certificates for regulatory database
[    1.990795] cfg80211: Loaded X.509 cert 'sforshee: 00b28ddf47aef9cea7'
[    1.991792] Bluetooth: Core ver 2.22
[    1.995865] NET: Registered protocol family 31
[    1.998239] Bluetooth: HCI device and connection manager initialized
[    2.000735] Bluetooth: HCI socket layer initialized
[    2.003242] Bluetooth: L2CAP socket layer initialized
[    2.005717] Bluetooth: SCO socket layer initialized
[    2.028566] brcmfmac: F1 signature read @0x18000000=0x15294345
[    2.037538] Bluetooth: HCI UART driver ver 2.3
[    2.040090] Bluetooth: HCI UART protocol H4 registered
[    2.042531] brcmfmac: brcmf_of_probe: interrupt could not be mapped
[    2.042942] brcmfmac: brcmf_fw_alloc_request: using brcm/brcmfmac43456-sdio for chip BCM4345/9
[    2.045342] Bluetooth: HCI UART protocol Broadcom registered
[    2.045492] hci_uart_bcm serial0-0: Looking up vbat-supply from device tree
[    2.045512] hci_uart_bcm serial0-0: Looking up vbat-supply property in node /soc/bus@ffd00000/serial@24000/bluetooth failed
[    2.045531] hci_uart_bcm serial0-0: supply vbat not found, using dummy regulator
[    2.045688] hci_uart_bcm serial0-0: Looking up vddio-supply from device tree
[    2.045699] hci_uart_bcm serial0-0: Looking up vddio-supply property in node /soc/bus@ffd00000/serial@24000/bluetooth failed
[    2.045705] hci_uart_bcm serial0-0: supply vddio not found, using dummy regulator
[    2.327429] done
[    2.338431] random: crng init done
[    2.341053] random: 4 urandom warning(s) missed due to ratelimiting
[    2.345608] Initializing random number generator: 
[    2.355376] OK
[    2.360647] Saving random seed: 
[    2.391024] OK
[    2.403213] Bluetooth: hci0: BCM: chip id 130
[    2.406363] Bluetooth: hci0: BCM: features 0x0f
[    2.410472] Bluetooth: hci0: BCM4345C5
[    2.412963] Bluetooth: hci0: BCM4345C5 (003.006.006) build 0000
[    2.416624] Bluetooth: hci0: BCM4345C5 'brcm/BCM4345C5.hcd' Patch
[    2.416797] Starting system message bus: 
[    2.454927] done
[    2.473526] Starting iptables: 
[    2.488698] OK
[    2.536692] Regular start
[    2.548008] Starting bluetoothd: 
[    2.563327] OK
[    2.585594] Starting network: 
[    2.666987] OK
[    2.704065] Starting NetworkManager ... 
[    2.834861] done.
[    2.853439] Starting ntpd: 
[    2.899884] OK
[    2.944540] Starting sshd: 
[    3.028849] OK
[    3.107790] Starting mender service: 
[    3.116672] OK
[    3.153096] Bluetooth: hci0: BCM4345C5 Ampak_CL1 UART 37.4 MHz BT 5.0 [Version: Version: 0039.0089]
[    3.155451] Bluetooth: hci0: BCM4345C5 (003.006.006) build 0089
[    3.157369] Starting mender-connect: 
[    3.174955] OK
[    3.231665] NET: Registered protocol family 38
[    3.267812] Starting fluent-bit: 
[    3.285638] OK
[    3.302931] Userspace reached
[    3.473855] Changing power on succeeded
[    3.523012] Changing discoverable on succeeded
[    4.314705] brcmfmac: brcmf_fw_alloc_request: using brcm/brcmfmac43456-sdio for chip BCM4345/9
[    4.342663] brcmfmac: brcmf_c_preinit_dcmds: Firmware: BCM4345/9 wl0: May 14 2020 17:26:08 version 7.84.17.1 (r871554) FWID 01-3d9e1d87
[   10.818506] IPv6: ADDRCONF(NETDEV_CHANGE): wlan0: link becomes ready"
ZmrPUV1j,radxa-zero-emmc-error-kernel-log,mister_kanister,Bash,Friday 14th of June 2024 07:54:47 AM CDT,"[Fri May 31 15:10:01 2024 <    0.000000>] Booting Linux on physical CPU 0x0000000000 [0x410fd034]
[Fri May 31 15:10:01 2024 <    0.000000>] Linux version 5.10.145-cip17 (andreas@unicorn) (aarch64-buildroot-linux-gnu-gcc.br_real (Buildroot -g0da59ee-dirty) 11.3.0, GNU ld (GNU Binutils) 2.38) #1 SMP Wed Mar 13 13:31:52 CET 2024
[Fri May 31 15:10:01 2024 <    0.000000>] Machine model: Radxa Zero
[Fri May 31 15:10:01 2024 <    0.000000>] OF: fdt: Reserved memory: failed to reserve memory for node 'secmon@5000000': base 0x0000000005000000, size 3 MiB
[Fri May 31 15:10:01 2024 <    0.000000>] Reserved memory: created CMA memory pool at 0x0000000025c00000, size 256 MiB
[Fri May 31 15:10:01 2024 <    0.000000>] OF: reserved mem: initialized node linux,cma, compatible id shared-dma-pool
[Fri May 31 15:10:01 2024 <    0.000000>] NUMA: No NUMA configuration found
[Fri May 31 15:10:01 2024 <    0.000000>] NUMA: Faking a node at [mem 0x0000000000000000-0x000000003fffffff]
[Fri May 31 15:10:01 2024 <    0.000000>] NUMA: NODE_DATA [mem 0x3fda2800-0x3fda3fff]
[Fri May 31 15:10:01 2024 <    0.000000>] Zone ranges:
[Fri May 31 15:10:01 2024 <    0.000000>]   DMA      [mem 0x0000000000000000-0x000000003fffffff]
[Fri May 31 15:10:01 2024 <    0.000000>]   Normal   empty
[Fri May 31 15:10:01 2024 <    0.000000>] Movable zone start for each node
[Fri May 31 15:10:01 2024 <    0.000000>] Early memory node ranges
[Fri May 31 15:10:01 2024 <    0.000000>]   node   0: [mem 0x0000000000000000-0x000000003fffffff]
[Fri May 31 15:10:01 2024 <    0.000000>] Initmem setup node 0 [mem 0x0000000000000000-0x000000003fffffff]
[Fri May 31 15:10:01 2024 <    0.000000>] On node 0 totalpages: 262144
[Fri May 31 15:10:01 2024 <    0.000000>]   DMA zone: 4096 pages used for memmap
[Fri May 31 15:10:01 2024 <    0.000000>]   DMA zone: 0 pages reserved
[Fri May 31 15:10:01 2024 <    0.000000>]   DMA zone: 262144 pages, LIFO batch:63
[Fri May 31 15:10:01 2024 <    0.000000>] psci: probing for conduit method from DT.
[Fri May 31 15:10:01 2024 <    0.000000>] psci: PSCIv1.0 detected in firmware.
[Fri May 31 15:10:01 2024 <    0.000000>] psci: Using standard PSCI v0.2 function IDs
[Fri May 31 15:10:01 2024 <    0.000000>] psci: MIGRATE_INFO_TYPE not supported.
[Fri May 31 15:10:01 2024 <    0.000000>] psci: SMC Calling Convention v1.1
[Fri May 31 15:10:01 2024 <    0.000000>] percpu: Embedded 31 pages/cpu s88664 r8192 d30120 u126976
[Fri May 31 15:10:01 2024 <    0.000000>] pcpu-alloc: s88664 r8192 d30120 u126976 alloc=31*4096
[Fri May 31 15:10:01 2024 <    0.000000>] pcpu-alloc: [0] 0 [0] 1 [0] 2 [0] 3 
[Fri May 31 15:10:01 2024 <    0.000000>] Detected VIPT I-cache on CPU0
[Fri May 31 15:10:01 2024 <    0.000000>] CPU features: detected: ARM erratum 845719
[Fri May 31 15:10:01 2024 <    0.000000>] Built 1 zonelists, mobility grouping on.  Total pages: 258048
[Fri May 31 15:10:01 2024 <    0.000000>] Policy zone: DMA
[Fri May 31 15:10:01 2024 <    0.000000>] Kernel command line: root=PARTUUID=e3c77d7d-02 rootfstype=ext4 rootwait console=tty1 rw panic=5
[Fri May 31 15:10:01 2024 <    0.000000>] Dentry cache hash table entries: 131072 (order: 8, 1048576 bytes, linear)
[Fri May 31 15:10:01 2024 <    0.000000>] Inode-cache hash table entries: 65536 (order: 7, 524288 bytes, linear)
[Fri May 31 15:10:01 2024 <    0.000000>] mem auto-init: stack:off, heap alloc:on, heap free:off
[Fri May 31 15:10:01 2024 <    0.000000>] Memory: 743168K/1048576K available (9278K kernel code, 1866K rwdata, 3760K rodata, 3712K init, 537K bss, 43264K reserved, 262144K cma-reserved)
[Fri May 31 15:10:01 2024 <    0.000000>] SLUB: HWalign=64, Order=0-3, MinObjects=0, CPUs=4, Nodes=1
[Fri May 31 15:10:01 2024 <    0.000000>] ftrace: allocating 35227 entries in 138 pages
[Fri May 31 15:10:01 2024 <    0.000000>] ftrace: allocated 138 pages with 3 groups
[Fri May 31 15:10:01 2024 <    0.000000>] rcu: Hierarchical RCU implementation.
[Fri May 31 15:10:01 2024 <    0.000000>] rcu: 	RCU event tracing is enabled.
[Fri May 31 15:10:01 2024 <    0.000000>] rcu: 	RCU restricting CPUs from NR_CPUS=256 to nr_cpu_ids=4.
[Fri May 31 15:10:01 2024 <    0.000000>] 	Trampoline variant of Tasks RCU enabled.
[Fri May 31 15:10:01 2024 <    0.000000>] 	Rude variant of Tasks RCU enabled.
[Fri May 31 15:10:01 2024 <    0.000000>] 	Tracing variant of Tasks RCU enabled.
[Fri May 31 15:10:01 2024 <    0.000000>] rcu: RCU calculated value of scheduler-enlistment delay is 25 jiffies.
[Fri May 31 15:10:01 2024 <    0.000000>] rcu: Adjusting geometry for rcu_fanout_leaf=16, nr_cpu_ids=4
[Fri May 31 15:10:01 2024 <    0.000000>] NR_IRQS: 64, nr_irqs: 64, preallocated irqs: 0
[Fri May 31 15:10:01 2024 <    0.000000>] GIC: Using split EOI/Deactivate mode
[Fri May 31 15:10:01 2024 <    0.000000>] irq_meson_gpio: 100 to 8 gpio interrupt mux initialized
[Fri May 31 15:10:01 2024 <    0.000000>] arch_timer: cp15 timer(s) running at 24.00MHz (phys).
[Fri May 31 15:10:01 2024 <    0.000000>] clocksource: arch_sys_counter: mask: 0xffffffffffffff max_cycles: 0x588fe9dc0, max_idle_ns: 440795202592 ns
[Fri May 31 15:10:01 2024 <    0.000000>] sched_clock: 56 bits at 24MHz, resolution 41ns, wraps every 4398046511097ns
[Fri May 31 15:10:01 2024 <    0.000246>] Console: colour dummy device 80x25
[Fri May 31 15:10:01 2024 <    0.000468>] printk: console [tty1] enabled
[Fri May 31 15:10:01 2024 <    0.000095>] Calibrating delay loop (skipped), value calculated using timer frequency.. 48.00 BogoMIPS (lpj=96000)
[Fri May 31 15:10:01 2024 <    0.000028>] pid_max: default: 32768 minimum: 301
[Fri May 31 15:10:01 2024 <    0.000096>] LSM: Security Framework initializing
[Fri May 31 15:10:01 2024 <    0.000037>] Yama: becoming mindful.
[Fri May 31 15:10:01 2024 <    0.000116>] AppArmor: AppArmor initialized
[Fri May 31 15:10:01 2024 <    0.000056>] Mount-cache hash table entries: 2048 (order: 2, 16384 bytes, linear)
[Fri May 31 15:10:01 2024 <    0.000025>] Mountpoint-cache hash table entries: 2048 (order: 2, 16384 bytes, linear)
[Fri May 31 15:10:01 2024 <    0.002183>] rcu: Hierarchical SRCU implementation.
[Fri May 31 15:10:01 2024 <    0.001716>] smp: Bringing up secondary CPUs ...
[Fri May 31 15:10:01 2024 <    0.000715>] Detected VIPT I-cache on CPU1
[Fri May 31 15:10:01 2024 <    0.000079>] CPU1: Booted secondary processor 0x0000000001 [0x410fd034]
[Fri May 31 15:10:01 2024 <    0.000724>] Detected VIPT I-cache on CPU2
[Fri May 31 15:10:01 2024 <    0.000040>] CPU2: Booted secondary processor 0x0000000002 [0x410fd034]
[Fri May 31 15:10:01 2024 <    0.000693>] Detected VIPT I-cache on CPU3
[Fri May 31 15:10:01 2024 <    0.000037>] CPU3: Booted secondary processor 0x0000000003 [0x410fd034]
[Fri May 31 15:10:01 2024 <    0.000085>] smp: Brought up 1 node, 4 CPUs
[Fri May 31 15:10:01 2024 <    0.000074>] SMP: Total of 4 processors activated.
[Fri May 31 15:10:01 2024 <    0.000014>] CPU features: detected: 32-bit EL0 Support
[Fri May 31 15:10:01 2024 <    0.000015>] CPU features: detected: CRC32 instructions
[Fri May 31 15:10:01 2024 <    0.001549>] CPU: All CPU(s) started at EL2
[Fri May 31 15:10:01 2024 <    0.000037>] alternatives: patching kernel code
[Fri May 31 15:10:01 2024 <    0.001403>] devtmpfs: initialized
[Fri May 31 15:10:01 2024 <    0.014068>] Registered cp15_barrier emulation handler
[Fri May 31 15:10:01 2024 <    0.000044>] Registered setend emulation handler
[Fri May 31 15:10:01 2024 <    0.000265>] clocksource: jiffies: mask: 0xffffffff max_cycles: 0xffffffff, max_idle_ns: 7645041785100000 ns
[Fri May 31 15:10:01 2024 <    0.000052>] futex hash table entries: 1024 (order: 4, 65536 bytes, linear)
[Fri May 31 15:10:01 2024 <    0.008882>] pinctrl core: initialized pinctrl subsystem
[Fri May 31 15:10:01 2024 <    0.000506>] regulator-dummy: no parameters, enabled
[Fri May 31 15:10:01 2024 <    0.001419>] NET: Registered protocol family 16
[Fri May 31 15:10:01 2024 <    0.001995>] DMA: preallocated 128 KiB GFP_KERNEL pool for atomic allocations
[Fri May 31 15:10:01 2024 <    0.000159>] DMA: preallocated 128 KiB GFP_KERNEL|GFP_DMA pool for atomic allocations
[Fri May 31 15:10:01 2024 <    0.000141>] audit: initializing netlink subsys (disabled)
[Fri May 31 15:10:01 2024 <    0.000249>] audit: type=2000 audit(0.036:1): state=initialized audit_enabled=0 res=1
[Fri May 31 15:10:01 2024 <    0.000763>] thermal_sys: Registered thermal governor 'fair_share'
[Fri May 31 15:10:01 2024 <    0.000011>] thermal_sys: Registered thermal governor 'bang_bang'
[Fri May 31 15:10:01 2024 <    0.000028>] thermal_sys: Registered thermal governor 'step_wise'
[Fri May 31 15:10:01 2024 <    0.000014>] thermal_sys: Registered thermal governor 'user_space'
[Fri May 31 15:10:01 2024 <    0.001044>] cpuidle: using governor menu
[Fri May 31 15:10:01 2024 <    0.000183>] hw-breakpoint: found 6 breakpoint and 4 watchpoint registers.
[Fri May 31 15:10:01 2024 <    0.000134>] ASID allocator initialised with 65536 entries
[Fri May 31 15:10:01 2024 <    0.047933>] HugeTLB registered 1.00 GiB page size, pre-allocated 0 pages
[Fri May 31 15:10:01 2024 <    0.000042>] HugeTLB registered 32.0 MiB page size, pre-allocated 0 pages
[Fri May 31 15:10:01 2024 <    0.000016>] HugeTLB registered 2.00 MiB page size, pre-allocated 0 pages
[Fri May 31 15:10:01 2024 <    0.000016>] HugeTLB registered 64.0 KiB page size, pre-allocated 0 pages
[Fri May 31 15:10:01 2024 <    0.003127>] cryptd: max_cpu_qlen set to 1000
[Fri May 31 15:10:01 2024 <    0.007106>] TYPEC2_VBUS: 5000 mV, enabled
[Fri May 31 15:10:01 2024 <    0.000196>] reg-fixed-voltage regulator-typec2_vbus: Looking up vin-supply from device tree
[Fri May 31 15:10:01 2024 <    0.000015>] TYPEC2_VBUS: unable to resolve supply
[Fri May 31 15:10:01 2024 <    0.000010>] reg-fixed-voltage regulator-typec2_vbus: TYPEC2_VBUS supplying 5000000uV
[Fri May 31 15:10:01 2024 <    0.000279>] reg-fixed-voltage regulator-flash_1v8: Looking up vin-supply from device tree
[Fri May 31 15:10:01 2024 <    0.000016>] FLASH_1V8: unable to resolve supply early: -EPROBE_DEFER
[Fri May 31 15:10:01 2024 <    0.000013>] reg-fixed-voltage regulator-flash_1v8: Failed to register regulator: -517
[Fri May 31 15:10:01 2024 <    0.000129>] DC_IN: 5000 mV, enabled
[Fri May 31 15:10:01 2024 <    0.000193>] reg-fixed-voltage regulator-typec2_vbus: Looking up vin-supply from device tree
[Fri May 31 15:10:01 2024 <    0.000011>] TYPEC2_VBUS: unable to resolve supply
[Fri May 31 15:10:01 2024 <    0.000009>] reg-fixed-voltage regulator-dc_in: DC_IN supplying 5000000uV
[Fri May 31 15:10:01 2024 <    0.000116>] reg-fixed-voltage regulator-vcc_1v8: Looking up vin-supply from device tree
[Fri May 31 15:10:01 2024 <    0.000010>] VCC_1V8: unable to resolve supply early: -EPROBE_DEFER
[Fri May 31 15:10:01 2024 <    0.000010>] reg-fixed-voltage regulator-vcc_1v8: Failed to register regulator: -517
[Fri May 31 15:10:01 2024 <    0.000108>] reg-fixed-voltage regulator-vcc_3v3: Looking up vin-supply from device tree
[Fri May 31 15:10:01 2024 <    0.000010>] VCC_3V3: unable to resolve supply early: -EPROBE_DEFER
[Fri May 31 15:10:01 2024 <    0.000010>] reg-fixed-voltage regulator-vcc_3v3: Failed to register regulator: -517
[Fri May 31 15:10:01 2024 <    0.000186>] reg-fixed-voltage regulator-vddao_1v8: Looking up vin-supply from device tree
[Fri May 31 15:10:01 2024 <    0.000009>] VDDAO_1V8: unable to resolve supply early: -EPROBE_DEFER
[Fri May 31 15:10:01 2024 <    0.000009>] reg-fixed-voltage regulator-vddao_1v8: Failed to register regulator: -517
[Fri May 31 15:10:01 2024 <    0.000105>] reg-fixed-voltage regulator-vddao_3v3: Looking up vin-supply from device tree
[Fri May 31 15:10:01 2024 <    0.000010>] VDDAO_3V3: supplied by DC_IN
[Fri May 31 15:10:01 2024 <    0.000020>] DC_IN: could not add device link regulator.7: -ENOENT
[Fri May 31 15:10:01 2024 <    0.000057>] VDDAO_3V3: 3300 mV, enabled
[Fri May 31 15:10:01 2024 <    0.000139>] reg-fixed-voltage regulator-typec2_vbus: Looking up vin-supply from device tree
[Fri May 31 15:10:01 2024 <    0.000011>] TYPEC2_VBUS: supplied by DC_IN
[Fri May 31 15:10:01 2024 <    0.000059>] reg-fixed-voltage regulator-vddao_3v3: VDDAO_3V3 supplying 3300000uV
[Fri May 31 15:10:01 2024 <    0.000513>] iommu: Default domain type: Translated 
[Fri May 31 15:10:01 2024 <    0.000617>] usbcore: registered new interface driver usbfs
[Fri May 31 15:10:01 2024 <    0.000077>] usbcore: registered new interface driver hub
[Fri May 31 15:10:01 2024 <    0.000066>] usbcore: registered new device driver usb
[Fri May 31 15:10:01 2024 <    0.000229>] pps_core: LinuxPPS API ver. 1 registered
[Fri May 31 15:10:01 2024 <    0.000019>] pps_core: Software ver. 5.3.6 - Copyright 2005-2007 Rodolfo Giometti <giometti@linux.it>
[Fri May 31 15:10:01 2024 <    0.000050>] EDAC MC: Ver: 3.0.0
[Fri May 31 15:10:01 2024 <    0.003690>] NetLabel: Initializing
[Fri May 31 15:10:01 2024 <    0.000035>] NetLabel:  domain hash size = 128
[Fri May 31 15:10:01 2024 <    0.000012>] NetLabel:  protocols = UNLABELED CIPSOv4 CALIPSO
[Fri May 31 15:10:01 2024 <    0.000094>] NetLabel:  unlabeled traffic allowed by default
[Fri May 31 15:10:01 2024 <    0.000382>] clocksource: Switched to clocksource arch_sys_counter
[Fri May 31 15:10:01 2024 <    0.087797>] AppArmor: AppArmor Filesystem Enabled
[Fri May 31 15:10:01 2024 <    0.010367>] NET: Registered protocol family 2
[Fri May 31 15:10:01 2024 <    0.000207>] IP idents hash table entries: 16384 (order: 5, 131072 bytes, linear)
[Fri May 31 15:10:01 2024 <    0.001101>] tcp_listen_portaddr_hash hash table entries: 512 (order: 1, 8192 bytes, linear)
[Fri May 31 15:10:01 2024 <    0.000113>] TCP established hash table entries: 8192 (order: 4, 65536 bytes, linear)
[Fri May 31 15:10:01 2024 <    0.000100>] TCP bind hash table entries: 8192 (order: 5, 131072 bytes, linear)
[Fri May 31 15:10:01 2024 <    0.000113>] TCP: Hash tables configured (established 8192 bind 8192)
[Fri May 31 15:10:01 2024 <    0.000244>] MPTCP token hash table entries: 1024 (order: 2, 24576 bytes, linear)
[Fri May 31 15:10:01 2024 <    0.000070>] UDP hash table entries: 512 (order: 2, 16384 bytes, linear)
[Fri May 31 15:10:01 2024 <    0.000043>] UDP-Lite hash table entries: 512 (order: 2, 16384 bytes, linear)
[Fri May 31 15:10:01 2024 <    0.000192>] NET: Registered protocol family 1
[Fri May 31 15:10:01 2024 <    0.009134>] Initialise system trusted keyrings
[Fri May 31 15:10:01 2024 <    0.000116>] Key type blacklist registered
[Fri May 31 15:10:01 2024 <    0.000190>] workingset: timestamp_bits=44 max_order=18 bucket_order=0
[Fri May 31 15:10:01 2024 <    0.004391>] zbud: loaded
[Fri May 31 15:10:01 2024 <    0.001679>] integrity: Platform Keyring initialized
[Fri May 31 15:10:01 2024 <    0.035140>] Key type asymmetric registered
[Fri May 31 15:10:01 2024 <    0.000024>] Asymmetric key parser 'x509' registered
[Fri May 31 15:10:01 2024 <    0.000095>] Block layer SCSI generic (bsg) driver version 0.4 loaded (major 249)
[Fri May 31 15:10:01 2024 <    0.000167>] io scheduler mq-deadline registered
[Fri May 31 15:10:01 2024 <    0.000015>] io scheduler kyber registered
[Fri May 31 15:10:01 2024 <    0.000134>] io scheduler bfq registered
[Fri May 31 15:10:01 2024 <    0.006703>] meson-pwm ffd19000.pwm: .apply ignored .polarity
[Fri May 31 15:10:01 2024 <    0.000045>] meson-pwm ffd19000.pwm: .apply is not idempotent (ena=0 pol=1 5494/10988) -> (ena=1 pol=0 2686935/2686935)
[Fri May 31 15:10:01 2024 <    0.000022>] meson-pwm ffd19000.pwm: .apply ignored .polarity
[Fri May 31 15:10:01 2024 <    0.000019>] meson-pwm ffd19000.pwm: .apply is not idempotent (ena=0 pol=1 2686935/2686935) -> (ena=1 pol=0 2686935/2686935)
[Fri May 31 15:10:01 2024 <    0.007697>] soc soc0: Amlogic Meson G12A (Unknown) Revision 28:c (30:2) Detected
[Fri May 31 15:10:01 2024 <    0.001493>] meson-pwm ff802000.pwm: .apply is supposed to round down duty_cycle (requested: 0/1250, applied: 1230/1230)
[Fri May 31 15:10:01 2024 <    0.000047>] meson-pwm ff802000.pwm: .apply is not idempotent (ena=1 pol=12142608 0/1230) -> (ena=1 pol=0 0/1189)
[Fri May 31 15:10:01 2024 <    0.000045>] pwm-regulator regulator-vddcpu: Looking up pwm-supply from device tree
[Fri May 31 15:10:01 2024 <    0.000018>] pwm-regulator regulator-vddcpu: Looking up pwm-supply property in node /regulator-vddcpu failed
[Fri May 31 15:10:01 2024 <    0.000019>] VDDCPU: supplied by regulator-dummy
[Fri May 31 15:10:01 2024 <    0.000020>] regulator-dummy: could not add device link regulator.8: -ENOENT
[Fri May 31 15:10:01 2024 <    0.000073>] VDDCPU: 721 <--> 1022 mV at 1022 mV, enabled
[Fri May 31 15:10:01 2024 <    0.001332>] Serial: 8250/16550 driver, 8 ports, IRQ sharing disabled
[Fri May 31 15:10:01 2024 <    0.004264>] ffd24000.serial: ttyAML2 at MMIO 0xffd24000 (irq = 26, base_baud = 1500000) is a meson_uart
[Fri May 31 15:10:01 2024 <    0.000295>] serial serial0: tty port ttyAML2 registered
[Fri May 31 15:10:01 2024 <    0.003269>] panfrost ffe40000.gpu: clock rate = 24000000
[Fri May 31 15:10:01 2024 <    0.000111>] panfrost ffe40000.gpu: Looking up mali-supply from device tree
[Fri May 31 15:10:01 2024 <    0.000020>] panfrost ffe40000.gpu: Looking up mali-supply property in node /soc/gpu@ffe40000 failed
[Fri May 31 15:10:01 2024 <    0.000023>] panfrost ffe40000.gpu: dev_pm_opp_set_regulators: no regulator (mali) found: -19
[Fri May 31 15:10:01 2024 <    0.001296>] panfrost ffe40000.gpu: mali-g31 id 0x7093 major 0x0 minor 0x0 status 0x0
[Fri May 31 15:10:01 2024 <    0.000043>] panfrost ffe40000.gpu: features: 00000000,3fde77ff, issues: 00000000,00000400
[Fri May 31 15:10:01 2024 <    0.000021>] panfrost ffe40000.gpu: Features: L2:0x07100206 Shader:0x00000000 Tiler:0x00000209 Mem:0x1 MMU:0x00002821 AS:0xff JS:0x7
[Fri May 31 15:10:01 2024 <    0.000023>] panfrost ffe40000.gpu: shader_present=0x1 l2_present=0x1
[Fri May 31 15:10:01 2024 <    0.009545>] [drm] Initialized panfrost 1.1.0 20180908 for ffe40000.gpu on minor 0
[Fri May 31 15:10:01 2024 <    0.184168>] loop: module loaded
[Fri May 31 15:10:01 2024 <    0.001729>] VFIO - User Level meta-driver version: 0.3
[Fri May 31 15:10:01 2024 <    0.000582>] dwc3-meson-g12a ffe09000.usb: Looking up vbus-supply from device tree
[Fri May 31 15:10:01 2024 <    0.000030>] dwc3-meson-g12a ffe09000.usb: Looking up vbus-supply property in node /soc/usb@ffe09000 failed
[Fri May 31 15:10:01 2024 <    0.000776>] ehci_hcd: USB 2.0 'Enhanced' Host Controller (EHCI) Driver
[Fri May 31 15:10:01 2024 <    0.000518>] usbcore: registered new interface driver lvs
[Fri May 31 15:10:01 2024 <    0.002401>] softdog: initialized. soft_noboot=0 soft_margin=60 sec soft_panic=0 (nowayout=0)
[Fri May 31 15:10:01 2024 <    0.000041>] softdog:              soft_reboot_cmd=<not set> soft_active_on_boot=0
[Fri May 31 15:10:01 2024 <    0.000362>] cpu cpu0: Looking up cpu-supply from device tree
[Fri May 31 15:10:01 2024 <    0.001411>] VDDCPU: ramp_delay not set
[Fri May 31 15:10:01 2024 <    0.000241>] meson-pwm ff802000.pwm: .apply is supposed to round down duty_cycle (requested: 175/1250, applied: 1066/1230)
[Fri May 31 15:10:01 2024 <    0.000044>] meson-pwm ff802000.pwm: .apply is not idempotent (ena=1 pol=288339456 164/1230) -> (ena=1 pol=0 123/1189)
[Fri May 31 15:10:01 2024 <    0.000021>] VDDCPU: ramp_delay not set
[Fri May 31 15:10:01 2024 <    0.003728>] meson-gx-mmc ffe03000.sd: Looking up vmmc-supply from device tree
[Fri May 31 15:10:01 2024 <    0.000155>] meson-gx-mmc ffe07000.mmc: Looking up vmmc-supply from device tree
[Fri May 31 15:10:01 2024 <    0.000015>] meson-gx-mmc ffe07000.mmc: Looking up vqmmc-supply from device tree
[Fri May 31 15:10:01 2024 <    0.000062>] meson-gx-mmc ffe03000.sd: Looking up vqmmc-supply from device tree
[Fri May 31 15:10:01 2024 <    0.001009>] meson-sm: secure-monitor enabled
[Fri May 31 15:10:01 2024 <    0.000349>] hid: raw HID events driver (C) Jiri Kosina
[Fri May 31 15:10:01 2024 <    0.000351>] usbcore: registered new interface driver usbhid
[Fri May 31 15:10:01 2024 <    0.000021>] usbhid: USB HID core driver
[Fri May 31 15:10:01 2024 <    0.000919>] NET: Registered protocol family 10
[Fri May 31 15:10:01 2024 <    0.000880>] Segment Routing with IPv6
[Fri May 31 15:10:01 2024 <    0.000066>] NET: Registered protocol family 17
[Fri May 31 15:10:01 2024 <    0.000135>] Key type dns_resolver registered
[Fri May 31 15:10:01 2024 <    0.000395>] registered taskstats version 1
[Fri May 31 15:10:01 2024 <    0.000018>] Loading compiled-in X.509 certificates
[Fri May 31 15:10:01 2024 <    0.002432>] Loaded X.509 cert 'Build time autogenerated kernel key: cd992230ae3f076a743930b634cc54f2a6c0028c'
[Fri May 31 15:10:01 2024 <    0.002207>] zswap: loaded using pool zstd/z3fold
[Fri May 31 15:10:01 2024 <    0.000334>] Key type ._fscrypt registered
[Fri May 31 15:10:01 2024 <    0.000011>] Key type .fscrypt registered
[Fri May 31 15:10:01 2024 <    0.000008>] Key type fscrypt-provisioning registered
[Fri May 31 15:10:01 2024 <    0.000878>] Key type encrypted registered
[Fri May 31 15:10:01 2024 <    0.000024>] AppArmor: AppArmor sha1 policy hashing enabled
[Fri May 31 15:10:01 2024 <    0.014904>] reg-fixed-voltage regulator-flash_1v8: Looking up vin-supply from device tree
[Fri May 31 15:10:01 2024 <    0.000025>] FLASH_1V8: unable to resolve supply early: -EPROBE_DEFER
[Fri May 31 15:10:01 2024 <    0.000011>] reg-fixed-voltage regulator-flash_1v8: Failed to register regulator: -517
[Fri May 31 15:10:01 2024 <    0.000264>] reg-fixed-voltage regulator-vcc_1v8: Looking up vin-supply from device tree
[Fri May 31 15:10:01 2024 <    0.000007>] VCC_1V8: unable to resolve supply early: -EPROBE_DEFER
[Fri May 31 15:10:01 2024 <    0.000006>] reg-fixed-voltage regulator-vcc_1v8: Failed to register regulator: -517
[Fri May 31 15:10:01 2024 <    0.000125>] reg-fixed-voltage regulator-vcc_3v3: Looking up vin-supply from device tree
[Fri May 31 15:10:01 2024 <    0.000010>] VCC_3V3: supplied by VDDAO_3V3
[Fri May 31 15:10:01 2024 <    0.000014>] VDDAO_3V3: could not add device link regulator.11: -ENOENT
[Fri May 31 15:10:01 2024 <    0.000050>] VCC_3V3: 3300 mV, enabled
[Fri May 31 15:10:01 2024 <    0.000146>] reg-fixed-voltage regulator-vcc_3v3: VCC_3V3 supplying 3300000uV
[Fri May 31 15:10:01 2024 <    0.000274>] VCC_5V: 5000 mV, disabled
[Fri May 31 15:10:01 2024 <    0.000151>] reg-fixed-voltage regulator-vcc_5v: Looking up vin-supply from device tree
[Fri May 31 15:10:01 2024 <    0.000011>] VCC_5V: supplied by DC_IN
[Fri May 31 15:10:01 2024 <    0.000052>] reg-fixed-voltage regulator-vcc_5v: VCC_5V supplying 5000000uV
[Fri May 31 15:10:01 2024 <    0.000216>] reg-fixed-voltage regulator-vddao_1v8: Looking up vin-supply from device tree
[Fri May 31 15:10:01 2024 <    0.000013>] VDDAO_1V8: supplied by VDDAO_3V3
[Fri May 31 15:10:01 2024 <    0.000018>] VDDAO_3V3: could not add device link regulator.13: -ENOENT
[Fri May 31 15:10:01 2024 <    0.000089>] VDDAO_1V8: 1800 mV, enabled
[Fri May 31 15:10:01 2024 <    0.000112>] reg-fixed-voltage regulator-vddao_1v8: VDDAO_1V8 supplying 1800000uV
[Fri May 31 15:10:01 2024 <    0.000303>] phy phy-ff636000.phy.0: Looking up phy-supply from device tree
[Fri May 31 15:10:01 2024 <    0.000017>] TYPEC2_VBUS: could not add device link phy-ff636000.phy.0: -ENOENT
[Fri May 31 15:10:01 2024 <    0.000425>] phy phy-ff63a000.phy.1: Looking up phy-supply from device tree
[Fri May 31 15:10:01 2024 <    0.000017>] phy phy-ff63a000.phy.1: Looking up phy-supply property in node /soc/bus@ff600000/phy@3a000 failed
[Fri May 31 15:10:01 2024 <    0.000448>] phy phy-ff646000.phy.2: Looking up phy-supply from device tree
[Fri May 31 15:10:01 2024 <    0.000021>] TYPEC2_VBUS: could not add device link phy-ff646000.phy.2: -ENOENT
[Fri May 31 15:10:01 2024 <    0.001208>] meson-drm ff900000.vpu: Queued 2 outputs on vpu
[Fri May 31 15:10:01 2024 <    0.000506>] meson-drm ff900000.vpu: CVBS Output connector not available
[Fri May 31 15:10:01 2024 <    0.000042>] meson-dw-hdmi ff600000.hdmi-tx: Looking up hdmi-supply from device tree
[Fri May 31 15:10:01 2024 <    0.026388>] meson-dw-hdmi ff600000.hdmi-tx: Detected HDMI TX controller v2.01a with HDCP (meson_dw_hdmi_phy)
[Fri May 31 15:10:01 2024 <    0.000420>] meson-dw-hdmi ff600000.hdmi-tx: registered DesignWare HDMI I2C bus driver
[Fri May 31 15:10:01 2024 <    0.000293>] meson-drm ff900000.vpu: bound ff600000.hdmi-tx (ops meson_dw_hdmi_ops)
[Fri May 31 15:10:01 2024 <    0.000474>] [drm] Initialized meson 1.0.0 20161109 for ff900000.vpu on minor 1
[Fri May 31 15:10:01 2024 <    0.190561>] Console: switching to colour frame buffer device 128x48
[Fri May 31 15:10:01 2024 <    0.016768>] meson-drm ff900000.vpu: [drm] fb0: mesondrmfb frame buffer device
[Fri May 31 15:10:01 2024 <    0.001467>] dwc3-meson-g12a ffe09000.usb: Looking up vbus-supply from device tree
[Fri May 31 15:10:01 2024 <    0.000025>] dwc3-meson-g12a ffe09000.usb: Looking up vbus-supply property in node /soc/usb@ffe09000 failed
[Fri May 31 15:10:01 2024 <    0.000308>] dwc3-meson-g12a ffe09000.usb: USB2 ports: 2
[Fri May 31 15:10:01 2024 <    0.000110>] dwc3-meson-g12a ffe09000.usb: USB3 ports: 1
[Fri May 31 15:10:01 2024 <    0.003260>] dwc2 ff400000.usb: Looking up vusb_d-supply from device tree
[Fri May 31 15:10:01 2024 <    0.000020>] dwc2 ff400000.usb: Looking up vusb_d-supply property in node /soc/usb@ffe09000/usb@ff400000 failed
[Fri May 31 15:10:01 2024 <    0.000017>] dwc2 ff400000.usb: supply vusb_d not found, using dummy regulator
[Fri May 31 15:10:01 2024 <    0.000236>] dwc2 ff400000.usb: Looking up vusb_a-supply from device tree
[Fri May 31 15:10:01 2024 <    0.000012>] dwc2 ff400000.usb: Looking up vusb_a-supply property in node /soc/usb@ffe09000/usb@ff400000 failed
[Fri May 31 15:10:01 2024 <    0.000008>] dwc2 ff400000.usb: supply vusb_a not found, using dummy regulator
[Fri May 31 15:10:01 2024 <    0.000201>] dwc2 ff400000.usb: Looking up vbus-supply from device tree
[Fri May 31 15:10:01 2024 <    0.000011>] dwc2 ff400000.usb: Looking up vbus-supply property in node /soc/usb@ffe09000/usb@ff400000 failed
[Fri May 31 15:10:01 2024 <    0.000114>] dwc2 ff400000.usb: Controller does not support host mode.
[Fri May 31 15:10:01 2024 <    0.000317>] dwc2: probe of ff400000.usb failed with error -22
[Fri May 31 15:10:01 2024 <    0.000880>] xhci-hcd xhci-hcd.2.auto: xHCI Host Controller
[Fri May 31 15:10:01 2024 <    0.000119>] xhci-hcd xhci-hcd.2.auto: new USB bus registered, assigned bus number 1
[Fri May 31 15:10:01 2024 <    0.000251>] xhci-hcd xhci-hcd.2.auto: hcc params 0x0228fe6c hci version 0x110 quirks 0x0000002000010010
[Fri May 31 15:10:01 2024 <    0.000212>] xhci-hcd xhci-hcd.2.auto: irq 34, io mem 0xff500000
[Fri May 31 15:10:01 2024 <    0.000486>] usb usb1: New USB device found, idVendor=1d6b, idProduct=0002, bcdDevice= 5.10
[Fri May 31 15:10:01 2024 <    0.000114>] usb usb1: New USB device strings: Mfr=3, Product=2, SerialNumber=1
[Fri May 31 15:10:01 2024 <    0.000099>] usb usb1: Product: xHCI Host Controller
[Fri May 31 15:10:01 2024 <    0.000069>] usb usb1: Manufacturer: Linux 5.10.145-cip17 xhci-hcd
[Fri May 31 15:10:01 2024 <    0.000084>] usb usb1: SerialNumber: xhci-hcd.2.auto
[Fri May 31 15:10:01 2024 <    0.000523>] hub 1-0:1.0: USB hub found
[Fri May 31 15:10:01 2024 <    0.000098>] hub 1-0:1.0: 2 ports detected
[Fri May 31 15:10:01 2024 <    0.000425>] xhci-hcd xhci-hcd.2.auto: xHCI Host Controller
[Fri May 31 15:10:01 2024 <    0.000101>] xhci-hcd xhci-hcd.2.auto: new USB bus registered, assigned bus number 2
[Fri May 31 15:10:01 2024 <    0.000116>] xhci-hcd xhci-hcd.2.auto: Host supports USB 3.0 SuperSpeed
[Fri May 31 15:10:01 2024 <    0.000162>] usb usb2: We don't know the algorithms for LPM for this host, disabling LPM.
[Fri May 31 15:10:01 2024 <    0.000234>] usb usb2: New USB device found, idVendor=1d6b, idProduct=0003, bcdDevice= 5.10
[Fri May 31 15:10:01 2024 <    0.002927>] usb usb2: New USB device strings: Mfr=3, Product=2, SerialNumber=1
[Fri May 31 15:10:01 2024 <    0.002914>] usb usb2: Product: xHCI Host Controller
[Fri May 31 15:10:01 2024 <    0.002852>] usb usb2: Manufacturer: Linux 5.10.145-cip17 xhci-hcd
[Fri May 31 15:10:01 2024 <    0.002901>] usb usb2: SerialNumber: xhci-hcd.2.auto
[Fri May 31 15:10:01 2024 <    0.003380>] hub 2-0:1.0: USB hub found
[Fri May 31 15:10:01 2024 <    0.002968>] hub 2-0:1.0: 1 port detected
[Fri May 31 15:10:01 2024 <    0.003648>] dwc3-meson-g12a ffe09000.usb: switching to Device Mode
[Fri May 31 15:10:01 2024 <    0.003962>] reg-fixed-voltage regulator-flash_1v8: Looking up vin-supply from device tree
[Fri May 31 15:10:01 2024 <    0.000025>] FLASH_1V8: supplied by VCC_3V3
[Fri May 31 15:10:01 2024 <    0.000264>] meson-gx-mmc ffe03000.sd: Looking up vmmc-supply from device tree
[Fri May 31 15:10:01 2024 <    0.000049>] meson-gx-mmc ffe07000.mmc: Looking up vmmc-supply from device tree
[Fri May 31 15:10:01 2024 <    0.000151>] meson-gx-mmc ffe07000.mmc: Looking up vqmmc-supply from device tree
[Fri May 31 15:10:01 2024 <    0.002440>] VCC_3V3: could not add device link regulator.14: -ENOENT
[Fri May 31 15:10:01 2024 <    0.000062>] FLASH_1V8: 1800 mV, enabled
[Fri May 31 15:10:01 2024 <    0.000081>] meson-gx-mmc ffe03000.sd: Looking up vqmmc-supply from device tree
[Fri May 31 15:10:01 2024 <    0.000060>] reg-fixed-voltage regulator-flash_1v8: FLASH_1V8 supplying 1800000uV
[Fri May 31 15:10:01 2024 <    0.000304>] meson-gx-mmc ffe03000.sd: allocated mmc-pwrseq
[Fri May 31 15:10:01 2024 <    0.000184>] reg-fixed-voltage regulator-vcc_1v8: Looking up vin-supply from device tree
[Fri May 31 15:10:01 2024 <    0.002743>] VCC_1V8: supplied by VCC_3V3
[Fri May 31 15:10:01 2024 <    0.001029>] meson-pwm ffd19000.pwm: .apply is not idempotent (ena=1 pol=288537312 15006/30012) -> (ena=1 pol=0 14760/29520)
